Archive member included to satisfy reference by file (symbol)

C:/ST/STM32CubeIDE_1.15.0/STM32CubeIDE/plugins/com.st.stm32cube.ide.mcu.externaltools.gnu-tools-for-stm32.12.3.rel1.win32_1.0.100.202403111256/tools/bin/../lib/gcc/arm-none-eabi/12.3.1/../../../../arm-none-eabi/lib/thumb/v7e-m+fp/hard\libc_nano.a(libc_a-exit.o)
                              C:/ST/STM32CubeIDE_1.15.0/STM32CubeIDE/plugins/com.st.stm32cube.ide.mcu.externaltools.gnu-tools-for-stm32.12.3.rel1.win32_1.0.100.202403111256/tools/bin/../lib/gcc/arm-none-eabi/12.3.1/../../../../arm-none-eabi/lib/thumb/v7e-m+fp/hard/crt0.o (exit)
C:/ST/STM32CubeIDE_1.15.0/STM32CubeIDE/plugins/com.st.stm32cube.ide.mcu.externaltools.gnu-tools-for-stm32.12.3.rel1.win32_1.0.100.202403111256/tools/bin/../lib/gcc/arm-none-eabi/12.3.1/../../../../arm-none-eabi/lib/thumb/v7e-m+fp/hard\libc_nano.a(libc_a-findfp.o)
                              C:/ST/STM32CubeIDE_1.15.0/STM32CubeIDE/plugins/com.st.stm32cube.ide.mcu.externaltools.gnu-tools-for-stm32.12.3.rel1.win32_1.0.100.202403111256/tools/bin/../lib/gcc/arm-none-eabi/12.3.1/../../../../arm-none-eabi/lib/thumb/v7e-m+fp/hard\libc_nano.a(libc_a-exit.o) (__stdio_exit_handler)
C:/ST/STM32CubeIDE_1.15.0/STM32CubeIDE/plugins/com.st.stm32cube.ide.mcu.externaltools.gnu-tools-for-stm32.12.3.rel1.win32_1.0.100.202403111256/tools/bin/../lib/gcc/arm-none-eabi/12.3.1/../../../../arm-none-eabi/lib/thumb/v7e-m+fp/hard\libc_nano.a(libc_a-fwalk.o)
                              C:/ST/STM32CubeIDE_1.15.0/STM32CubeIDE/plugins/com.st.stm32cube.ide.mcu.externaltools.gnu-tools-for-stm32.12.3.rel1.win32_1.0.100.202403111256/tools/bin/../lib/gcc/arm-none-eabi/12.3.1/../../../../arm-none-eabi/lib/thumb/v7e-m+fp/hard\libc_nano.a(libc_a-findfp.o) (_fwalk_sglue)
C:/ST/STM32CubeIDE_1.15.0/STM32CubeIDE/plugins/com.st.stm32cube.ide.mcu.externaltools.gnu-tools-for-stm32.12.3.rel1.win32_1.0.100.202403111256/tools/bin/../lib/gcc/arm-none-eabi/12.3.1/../../../../arm-none-eabi/lib/thumb/v7e-m+fp/hard\libc_nano.a(libc_a-stdio.o)
                              C:/ST/STM32CubeIDE_1.15.0/STM32CubeIDE/plugins/com.st.stm32cube.ide.mcu.externaltools.gnu-tools-for-stm32.12.3.rel1.win32_1.0.100.202403111256/tools/bin/../lib/gcc/arm-none-eabi/12.3.1/../../../../arm-none-eabi/lib/thumb/v7e-m+fp/hard\libc_nano.a(libc_a-findfp.o) (__sread)
C:/ST/STM32CubeIDE_1.15.0/STM32CubeIDE/plugins/com.st.stm32cube.ide.mcu.externaltools.gnu-tools-for-stm32.12.3.rel1.win32_1.0.100.202403111256/tools/bin/../lib/gcc/arm-none-eabi/12.3.1/../../../../arm-none-eabi/lib/thumb/v7e-m+fp/hard\libc_nano.a(libc_a-memset.o)
                              C:/ST/STM32CubeIDE_1.15.0/STM32CubeIDE/plugins/com.st.stm32cube.ide.mcu.externaltools.gnu-tools-for-stm32.12.3.rel1.win32_1.0.100.202403111256/tools/bin/../lib/gcc/arm-none-eabi/12.3.1/../../../../arm-none-eabi/lib/thumb/v7e-m+fp/hard/crt0.o (memset)
C:/ST/STM32CubeIDE_1.15.0/STM32CubeIDE/plugins/com.st.stm32cube.ide.mcu.externaltools.gnu-tools-for-stm32.12.3.rel1.win32_1.0.100.202403111256/tools/bin/../lib/gcc/arm-none-eabi/12.3.1/../../../../arm-none-eabi/lib/thumb/v7e-m+fp/hard\libc_nano.a(libc_a-closer.o)
                              C:/ST/STM32CubeIDE_1.15.0/STM32CubeIDE/plugins/com.st.stm32cube.ide.mcu.externaltools.gnu-tools-for-stm32.12.3.rel1.win32_1.0.100.202403111256/tools/bin/../lib/gcc/arm-none-eabi/12.3.1/../../../../arm-none-eabi/lib/thumb/v7e-m+fp/hard\libc_nano.a(libc_a-stdio.o) (_close_r)
C:/ST/STM32CubeIDE_1.15.0/STM32CubeIDE/plugins/com.st.stm32cube.ide.mcu.externaltools.gnu-tools-for-stm32.12.3.rel1.win32_1.0.100.202403111256/tools/bin/../lib/gcc/arm-none-eabi/12.3.1/../../../../arm-none-eabi/lib/thumb/v7e-m+fp/hard\libc_nano.a(libc_a-reent.o)
                              C:/ST/STM32CubeIDE_1.15.0/STM32CubeIDE/plugins/com.st.stm32cube.ide.mcu.externaltools.gnu-tools-for-stm32.12.3.rel1.win32_1.0.100.202403111256/tools/bin/../lib/gcc/arm-none-eabi/12.3.1/../../../../arm-none-eabi/lib/thumb/v7e-m+fp/hard\libc_nano.a(libc_a-closer.o) (errno)
C:/ST/STM32CubeIDE_1.15.0/STM32CubeIDE/plugins/com.st.stm32cube.ide.mcu.externaltools.gnu-tools-for-stm32.12.3.rel1.win32_1.0.100.202403111256/tools/bin/../lib/gcc/arm-none-eabi/12.3.1/../../../../arm-none-eabi/lib/thumb/v7e-m+fp/hard\libc_nano.a(libc_a-impure.o)
                              C:/ST/STM32CubeIDE_1.15.0/STM32CubeIDE/plugins/com.st.stm32cube.ide.mcu.externaltools.gnu-tools-for-stm32.12.3.rel1.win32_1.0.100.202403111256/tools/bin/../lib/gcc/arm-none-eabi/12.3.1/../../../../arm-none-eabi/lib/thumb/v7e-m+fp/hard\libc_nano.a(libc_a-reent.o) (_impure_ptr)
C:/ST/STM32CubeIDE_1.15.0/STM32CubeIDE/plugins/com.st.stm32cube.ide.mcu.externaltools.gnu-tools-for-stm32.12.3.rel1.win32_1.0.100.202403111256/tools/bin/../lib/gcc/arm-none-eabi/12.3.1/../../../../arm-none-eabi/lib/thumb/v7e-m+fp/hard\libc_nano.a(libc_a-lseekr.o)
[...]
Memory Configuration

Name             Origin             Length             Attributes
RAM              0x20000000         0x00010000         xrw
FLASH            0x08000000         0x00040000         xr
*default*        0x00000000         0xffffffff

Linker script and memory map

LOAD C:/ST/STM32CubeIDE_1.15.0/STM32CubeIDE/plugins/com.st.stm32cube.ide.mcu.externaltools.gnu-tools-for-stm32.12.3.rel1.win32_1.0.100.202403111256/tools/bin/../lib/gcc/arm-none-eabi/12.3.1/thumb/v7e-m+fp/hard/crti.o
LOAD C:/ST/STM32CubeIDE_1.15.0/STM32CubeIDE/plugins/com.st.stm32cube.ide.mcu.externaltools.gnu-tools-for-stm32.12.3.rel1.win32_1.0.100.202403111256/tools/bin/../lib/gcc/arm-none-eabi/12.3.1/thumb/v7e-m+fp/hard/crtbegin.o
LOAD C:/ST/STM32CubeIDE_1.15.0/STM32CubeIDE/plugins/com.st.stm32cube.ide.mcu.externaltools.gnu-tools-for-stm32.12.3.rel1.win32_1.0.100.202403111256/tools/bin/../lib/gcc/arm-none-eabi/12.3.1/../../../../arm-none-eabi/lib/thumb/v7e-m+fp/hard/crt0.o
LOAD ./Core/Src/main.o
LOAD ./Core/Src/stm32f4xx_hal_msp.o
LOAD ./Core/Src/stm32f4xx_it.o
LOAD ./Core/Src/syscalls.o
LOAD ./Core/Src/sysmem.o
LOAD ./Core/Src/system_stm32f4xx.o
LOAD ./Core/Startup/startup_stm32f401ccux.o
LOAD ./Drivers/STM32F4xx_HAL_Driver/Src/stm32f4xx_hal.o
LOAD ./Drivers/STM32F4xx_HAL_Driver/Src/stm32f4xx_hal_adc.o
LOAD ./Drivers/STM32F4xx_HAL_Driver/Src/stm32f4xx_hal_adc_ex.o
LOAD ./Drivers/STM32F4xx_HAL_Driver/Src/stm32f4xx_hal_cortex.o
LOAD ./Drivers/STM32F4xx_HAL_Driver/Src/stm32f4xx_hal_dma.o
LOAD ./Drivers/STM32F4xx_HAL_Driver/Src/stm32f4xx_hal_dma_ex.o
LOAD ./Drivers/STM32F4xx_HAL_Driver/Src/stm32f4xx_hal_exti.o
LOAD ./Drivers/STM32F4xx_HAL_Driver/Src/stm32f4xx_hal_flash.o
LOAD ./Drivers/STM32F4xx_HAL_Driver/Src/stm32f4xx_hal_flash_ex.o
LOAD ./Drivers/STM32F4xx_HAL_Driver/Src/stm32f4xx_hal_flash_ramfunc.o
LOAD ./Drivers/STM32F4xx_HAL_Driver/Src/stm32f4xx_hal_gpio.o
LOAD ./Drivers/STM32F4xx_HAL_Driver/Src/stm32f4xx_hal_pcd.o
LOAD ./Drivers/STM32F4xx_HAL_Driver/Src/stm32f4xx_hal_pcd_ex.o
LOAD ./Drivers/STM32F4xx_HAL_Driver/Src/stm32f4xx_hal_pwr.o
LOAD ./Drivers/STM32F4xx_HAL_Driver/Src/stm32f4xx_hal_pwr_ex.o
LOAD ./Drivers/STM32F4xx_HAL_Driver/Src/stm32f4xx_hal_rcc.o
LOAD ./Drivers/STM32F4xx_HAL_Driver/Src/stm32f4xx_hal_rcc_ex.o
LOAD ./Drivers/STM32F4xx_HAL_Driver/Src/stm32f4xx_hal_tim.o
LOAD ./Drivers/STM32F4xx_HAL_Driver/Src/stm32f4xx_hal_tim_ex.o
LOAD ./Drivers/STM32F4xx_HAL_Driver/Src/stm32f4xx_ll_adc.o
LOAD ./Drivers/STM32F4xx_HAL_Driver/Src/stm32f4xx_ll_usb.o
LOAD ./Middlewares/ST/STM32_USB_Device_Library/Class/CDC/Src/usbd_cdc.o
LOAD ./Middlewares/ST/STM32_USB_Device_Library/Core/Src/usbd_core.o
LOAD ./Middlewares/ST/STM32_USB_Device_Library/Core/Src/usbd_ctlreq.o
LOAD ./Middlewares/ST/STM32_USB_Device_Library/Core/Src/usbd_ioreq.o
LOAD ./USB_DEVICE/App/usb_device.o
LOAD ./USB_DEVICE/App/usbd_cdc_if.o
LOAD ./USB_DEVICE/App/usbd_desc.o
LOAD ./USB_DEVICE/Target/usbd_conf.o
START GROUP
LOAD C:/ST/STM32CubeIDE_1.15.0/STM32CubeIDE/plugins/com.st.stm32cube.ide.mcu.externaltools.gnu-tools-for-stm32.12.3.rel1.win32_1.0.100.202403111256/tools/bin/../lib/gcc/arm-none-eabi/12.3.1/../../../../arm-none-eabi/lib/thumb/v7e-m+fp/hard\libc_nano.a
LOAD C:/ST/STM32CubeIDE_1.15.0/STM32CubeIDE/plugins/com.st.stm32cube.ide.mcu.externaltools.gnu-tools-for-stm32.12.3.rel1.win32_1.0.100.202403111256/tools/bin/../lib/gcc/arm-none-eabi/12.3.1/../../../../arm-none-eabi/lib/thumb/v7e-m+fp/hard\libm.a
END GROUP
START GROUP
LOAD C:/ST/STM32CubeIDE_1.15.0/STM32CubeIDE/plugins/com.st.stm32cube.ide.mcu.externaltools.gnu-tools-for-stm32.12.3.rel1.win32_1.0.100.202403111256/tools/bin/../lib/gcc/arm-none-eabi/12.3.1/thumb/v7e-m+fp/hard\libgcc.a
LOAD C:/ST/STM32CubeIDE_1.15.0/STM32CubeIDE/plugins/com.st.stm32cube.ide.mcu.externaltools.gnu-tools-for-stm32.12.3.rel1.win32_1.0.100.202403111256/tools/bin/../lib/gcc/arm-none-eabi/12.3.1/../../../../arm-none-eabi/lib/thumb/v7e-m+fp/hard\libc_nano.a
END GROUP
START GROUP
LOAD C:/ST/STM32CubeIDE_1.15.0/STM32CubeIDE/plugins/com.st.stm32cube.ide.mcu.externaltools.gnu-tools-for-stm32.12.3.rel1.win32_1.0.100.202403111256/tools/bin/../lib/gcc/arm-none-eabi/12.3.1/thumb/v7e-m+fp/hard\libgcc.a
LOAD C:/ST/STM32CubeIDE_1.15.0/STM32CubeIDE/plugins/com.st.stm32cube.ide.mcu.externaltools.gnu-tools-for-stm32.12.3.rel1.win32_1.0.100.202403111256/tools/bin/../lib/gcc/arm-none-eabi/12.3.1/../../../../arm-none-eabi/lib/thumb/v7e-m+fp/hard\libc_nano.a
LOAD C:/ST/STM32CubeIDE_1.15.0/STM32CubeIDE/plugins/com.st.stm32cube.ide.mcu.externaltools.gnu-tools-for-stm32.12.3.rel1.win32_1.0.100.202403111256/tools/bin/../lib/gcc/arm-none-eabi/12.3.1/../../../../arm-none-eabi/lib/thumb/v7e-m+fp/hard\libnosys.a
END GROUP
START GROUP
LOAD C:/ST/STM32CubeIDE_1.15.0/STM32CubeIDE/plugins/com.st.stm32cube.ide.mcu.externaltools.gnu-tools-for-stm32.12.3.rel1.win32_1.0.100.202403111256/tools/bin/../lib/gcc/arm-none-eabi/12.3.1/thumb/v7e-m+fp/hard\libgcc.a
LOAD C:/ST/STM32CubeIDE_1.15.0/STM32CubeIDE/plugins/com.st.stm32cube.ide.mcu.externaltools.gnu-tools-for-stm32.12.3.rel1.win32_1.0.100.202403111256/tools/bin/../lib/gcc/arm-none-eabi/12.3.1/../../../../arm-none-eabi/lib/thumb/v7e-m+fp/hard\libc_nano.a
LOAD C:/ST/STM32CubeIDE_1.15.0/STM32CubeIDE/plugins/com.st.stm32cube.ide.mcu.externaltools.gnu-tools-for-stm32.12.3.rel1.win32_1.0.100.202403111256/tools/bin/../lib/gcc/arm-none-eabi/12.3.1/../../../../arm-none-eabi/lib/thumb/v7e-m+fp/hard\libnosys.a
END GROUP
LOAD C:/ST/STM32CubeIDE_1.15.0/STM32CubeIDE/plugins/com.st.stm32cube.ide.mcu.externaltools.gnu-tools-for-stm32.12.3.rel1.win32_1.0.100.202403111256/tools/bin/../lib/gcc/arm-none-eabi/12.3.1/thumb/v7e-m+fp/hard/crtend.o
LOAD C:/ST/STM32CubeIDE_1.15.0/STM32CubeIDE/plugins/com.st.stm32cube.ide.mcu.externaltools.gnu-tools-for-stm32.12.3.rel1.win32_1.0.100.202403111256/tools/bin/../lib/gcc/arm-none-eabi/12.3.1/thumb/v7e-m+fp/hard/crtn.o
                0x20010000                        _estack = (ORIGIN (RAM) + LENGTH (RAM))
                0x00000200                        _Min_Heap_Size = 0x200
                0x00000400                        _Min_Stack_Size = 0x400

.isr_vector     0x08000000      0x194
                0x08000000                        . = ALIGN (0x4)
 *(.isr_vector)
 .isr_vector    0x08000000      0x194 ./Core/Startup/startup_stm32f401ccux.o
                0x08000000                g_pfnVectors
                0x08000194                        . = ALIGN (0x4)

.text           0x08000194     0x8e48
                0x08000194                        . = ALIGN (0x4)
 *(.text)
 .text          0x08000194       0x40 C:/ST/STM32CubeIDE_1.15.0/STM32CubeIDE/plugins/com.st.stm32cube.ide.mcu.externaltools.gnu-tools-for-stm32.12.3.rel1.win32_1.0.100.202403111256/tools/bin/../lib/gcc/arm-none-eabi/12.3.1/thumb/v7e-m+fp/hard/crtbegin.o
 .text          0x080001d4       0x30 C:/ST/STM32CubeIDE_1.15.0/STM32CubeIDE/plugins/com.st.stm32cube.ide.mcu.externaltools.gnu-tools-for-stm32.12.3.rel1.win32_1.0.100.202403111256/tools/bin/../lib/gcc/arm-none-eabi/12.3.1/thumb/v7e-m+fp/hard\libgcc.a(_aeabi_uldivmod.o)
                0x080001d4                __aeabi_uldivmod
 .text          0x08000204      0x2bc C:/ST/STM32CubeIDE_1.15.0/STM32CubeIDE/plugins/com.st.stm32cube.ide.mcu.externaltools.gnu-tools-for-stm32.12.3.rel1.win32_1.0.100.202403111256/tools/bin/../lib/gcc/arm-none-eabi/12.3.1/thumb/v7e-m+fp/hard\libgcc.a(_udivmoddi4.o)
                0x08000204                __udivmoddi4
 .text          0x080004c0        0x4 C:/ST/STM32CubeIDE_1.15.0/STM32CubeIDE/plugins/com.st.stm32cube.ide.mcu.externaltools.gnu-tools-for-stm32.12.3.rel1.win32_1.0.100.202403111256/tools/bin/../lib/gcc/arm-none-eabi/12.3.1/thumb/v7e-m+fp/hard\libgcc.a(_dvmd_tls.o)
                0x080004c0                __aeabi_idiv0
                0x080004c0                __aeabi_ldiv0
 *(.text*)
 .text.main     0x080004c4       0x7c ./Core/Src/main.o
                0x080004c4                main
 .text.SystemClock_Config
                0x08000540       0xd8 ./Core/Src/main.o
                0x08000540                SystemClock_Config
 .text.MX_ADC1_Init
                0x08000618       0xa4 ./Core/Src/main.o
 .text.MX_TIM2_Init
                0x080006bc       0xf0 ./Core/Src/main.o
 .text.MX_TIM3_Init
                0x080007ac       0xec ./Core/Src/main.o
 .text.MX_TIM4_Init
                0x08000898       0xe4 ./Core/Src/main.o
 .text.MX_TIM5_Init
                0x0800097c      0x120 ./Core/Src/main.o
 .text.MX_DMA_Init
                0x08000a9c       0x40 ./Core/Src/main.o
 .text.MX_GPIO_Init
                0x08000adc       0x50 ./Core/Src/main.o
 .text.HAL_ADC_ConvCpltCallback
                0x08000b2c       0x20 ./Core/Src/main.o
                0x08000b2c                HAL_ADC_ConvCpltCallback
 .text.Error_Handler
                0x08000b4c        0xc ./Core/Src/main.o
                0x08000b4c                Error_Handler
 .text.HAL_MspInit
                0x08000b58       0x50 ./Core/Src/stm32f4xx_hal_msp.o
                0x08000b58                HAL_MspInit
 .text.HAL_ADC_MspInit
                0x08000ba8       0xec ./Core/Src/stm32f4xx_hal_msp.o
                0x08000ba8                HAL_ADC_MspInit
 .text.HAL_TIM_Base_MspInit
                0x08000c94       0xc4 ./Core/Src/stm32f4xx_hal_msp.o
                0x08000c94                HAL_TIM_Base_MspInit
 .text.HAL_TIM_MspPostInit
                0x08000d58      0x108 ./Core/Src/stm32f4xx_hal_msp.o
                0x08000d58                HAL_TIM_MspPostInit
 .text.NMI_Handler
                0x08000e60        0x8 ./Core/Src/stm32f4xx_it.o
                0x08000e60                NMI_Handler
 .text.HardFault_Handler
                0x08000e68        0x8 ./Core/Src/stm32f4xx_it.o
                0x08000e68                HardFault_Handler
 .text.MemManage_Handler
                0x08000e70        0x8 ./Core/Src/stm32f4xx_it.o
                0x08000e70                MemManage_Handler
 .text.BusFault_Handler
                0x08000e78        0x8 ./Core/Src/stm32f4xx_it.o
                0x08000e78                BusFault_Handler
 .text.UsageFault_Handler
                0x08000e80        0x8 ./Core/Src/stm32f4xx_it.o
                0x08000e80                UsageFault_Handler
 .text.SVC_Handler
                0x08000e88        0xe ./Core/Src/stm32f4xx_it.o
                0x08000e88                SVC_Handler
 .text.DebugMon_Handler
                0x08000e96        0xe ./Core/Src/stm32f4xx_it.o
                0x08000e96                DebugMon_Handler
 .text.PendSV_Handler
                0x08000ea4        0xe ./Core/Src/stm32f4xx_it.o
                0x08000ea4                PendSV_Handler
 .text.SysTick_Handler
                0x08000eb2        0xc ./Core/Src/stm32f4xx_it.o
                0x08000eb2                SysTick_Handler
 *fill*         0x08000ebe        0x2 
 .text.DMA2_Stream0_IRQHandler
                0x08000ec0       0x14 ./Core/Src/stm32f4xx_it.o
                0x08000ec0                DMA2_Stream0_IRQHandler
 .text.OTG_FS_IRQHandler
                0x08000ed4       0x14 ./Core/Src/stm32f4xx_it.o
                0x08000ed4                OTG_FS_IRQHandler
 .text.SystemInit
                0x08000ee8       0x24 ./Core/Src/system_stm32f4xx.o
                0x08000ee8                SystemInit
 .text.Reset_Handler
                0x08000f0c       0x50 ./Core/Startup/startup_stm32f401ccux.o
                0x08000f0c                Reset_Handler
 .text.Default_Handler
                0x08000f5c        0x2 ./Core/Startup/startup_stm32f401ccux.o
                0x08000f5c                RTC_Alarm_IRQHandler
                0x08000f5c                EXTI2_IRQHandler
                0x08000f5c                SPI4_IRQHandler
                0x08000f5c                TIM1_CC_IRQHandler
                0x08000f5c                DMA2_Stream5_IRQHandler
                0x08000f5c                DMA1_Stream5_IRQHandler
                0x08000f5c                PVD_IRQHandler
                0x08000f5c                SDIO_IRQHandler
                0x08000f5c                TAMP_STAMP_IRQHandler
                0x08000f5c                EXTI3_IRQHandler
                0x08000f5c                TIM1_UP_TIM10_IRQHandler
                0x08000f5c                I2C3_ER_IRQHandler
                0x08000f5c                EXTI0_IRQHandler
                0x08000f5c                I2C2_EV_IRQHandler
                0x08000f5c                DMA1_Stream2_IRQHandler
                0x08000f5c                FPU_IRQHandler
                0x08000f5c                DMA2_Stream2_IRQHandler
                0x08000f5c                SPI1_IRQHandler
                0x08000f5c                TIM1_BRK_TIM9_IRQHandler
                0x08000f5c                DMA2_Stream3_IRQHandler
                0x08000f5c                USART6_IRQHandler
                0x08000f5c                TIM4_IRQHandler
                0x08000f5c                I2C1_EV_IRQHandler
                0x08000f5c                DMA1_Stream6_IRQHandler
                0x08000f5c                DMA1_Stream1_IRQHandler
                0x08000f5c                TIM3_IRQHandler
                0x08000f5c                RCC_IRQHandler
                0x08000f5c                Default_Handler
                0x08000f5c                EXTI15_10_IRQHandler
                0x08000f5c                ADC_IRQHandler
                0x08000f5c                DMA1_Stream7_IRQHandler
                0x08000f5c                TIM5_IRQHandler
                0x08000f5c                DMA2_Stream7_IRQHandler
                0x08000f5c                I2C3_EV_IRQHandler
                0x08000f5c                EXTI9_5_IRQHandler
                0x08000f5c                RTC_WKUP_IRQHandler
                0x08000f5c                SPI2_IRQHandler
                0x08000f5c                DMA1_Stream0_IRQHandler
                0x08000f5c                EXTI4_IRQHandler
                0x08000f5c                WWDG_IRQHandler
                0x08000f5c                TIM2_IRQHandler
                0x08000f5c                OTG_FS_WKUP_IRQHandler
                0x08000f5c                TIM1_TRG_COM_TIM11_IRQHandler
                0x08000f5c                EXTI1_IRQHandler
                0x08000f5c                USART2_IRQHandler
                0x08000f5c                I2C2_ER_IRQHandler
                0x08000f5c                DMA2_Stream1_IRQHandler
                0x08000f5c                FLASH_IRQHandler
                0x08000f5c                DMA2_Stream4_IRQHandler
                0x08000f5c                USART1_IRQHandler
                0x08000f5c                SPI3_IRQHandler
                0x08000f5c                DMA1_Stream4_IRQHandler
                0x08000f5c                I2C1_ER_IRQHandler
                0x08000f5c                DMA2_Stream6_IRQHandler
                0x08000f5c                DMA1_Stream3_IRQHandler
 *fill*         0x08000f5e        0x2 
 .text.HAL_Init
                0x08000f60       0x44 ./Drivers/STM32F4xx_HAL_Driver/Src/stm32f4xx_hal.o
                0x08000f60                HAL_Init
 .text.HAL_InitTick
                0x08000fa4       0x60 ./Drivers/STM32F4xx_HAL_Driver/Src/stm32f4xx_hal.o
                0x08000fa4                HAL_InitTick
 .text.HAL_IncTick
                0x08001004       0x28 ./Drivers/STM32F4xx_HAL_Driver/Src/stm32f4xx_hal.o
                0x08001004                HAL_IncTick
 .text.HAL_GetTick
                0x0800102c       0x18 ./Drivers/STM32F4xx_HAL_Driver/Src/stm32f4xx_hal.o
                0x0800102c                HAL_GetTick
 .text.HAL_Delay
                0x08001044       0x48 ./Drivers/STM32F4xx_HAL_Driver/Src/stm32f4xx_hal.o
                0x08001044                HAL_Delay
 .text.HAL_ADC_Init
                0x0800108c       0x86 ./Drivers/STM32F4xx_HAL_Driver/Src/stm32f4xx_hal_adc.o
                0x0800108c                HAL_ADC_Init
 *fill*         0x08001112        0x2 
 .text.HAL_ADC_Start_DMA
                0x08001114      0x1e0 ./Drivers/STM32F4xx_HAL_Driver/Src/stm32f4xx_hal_adc.o
                0x08001114                HAL_ADC_Start_DMA
 .text.HAL_ADC_ConvHalfCpltCallback
                0x080012f4       0x14 ./Drivers/STM32F4xx_HAL_Driver/Src/stm32f4xx_hal_adc.o
                0x080012f4                HAL_ADC_ConvHalfCpltCallback
 .text.HAL_ADC_ErrorCallback
                0x08001308       0x14 ./Drivers/STM32F4xx_HAL_Driver/Src/stm32f4xx_hal_adc.o
                0x08001308                HAL_ADC_ErrorCallback
 .text.HAL_ADC_ConfigChannel
                0x0800131c      0x244 ./Drivers/STM32F4xx_HAL_Driver/Src/stm32f4xx_hal_adc.o
                0x0800131c                HAL_ADC_ConfigChannel
 .text.ADC_Init
                0x08001560      0x1f8 ./Drivers/STM32F4xx_HAL_Driver/Src/stm32f4xx_hal_adc.o
 .text.ADC_DMAConvCplt
                0x08001758       0xba ./Drivers/STM32F4xx_HAL_Driver/Src/stm32f4xx_hal_adc.o
 .text.ADC_DMAHalfConvCplt
                0x08001812       0x1c ./Drivers/STM32F4xx_HAL_Driver/Src/stm32f4xx_hal_adc.o
 .text.ADC_DMAError
                0x0800182e       0x2e ./Drivers/STM32F4xx_HAL_Driver/Src/stm32f4xx_hal_adc.o
 .text.__NVIC_SetPriorityGrouping
                0x0800185c       0x48 ./Drivers/STM32F4xx_HAL_Driver/Src/stm32f4xx_hal_cortex.o
 .text.__NVIC_GetPriorityGrouping
                0x080018a4       0x1c ./Drivers/STM32F4xx_HAL_Driver/Src/stm32f4xx_hal_cortex.o
 .text.__NVIC_EnableIRQ
                0x080018c0       0x3c ./Drivers/STM32F4xx_HAL_Driver/Src/stm32f4xx_hal_cortex.o
 .text.__NVIC_SetPriority
                0x080018fc       0x54 ./Drivers/STM32F4xx_HAL_Driver/Src/stm32f4xx_hal_cortex.o
 .text.NVIC_EncodePriority
                0x08001950       0x66 ./Drivers/STM32F4xx_HAL_Driver/Src/stm32f4xx_hal_cortex.o
 *fill*         0x080019b6        0x2 
 .text.SysTick_Config
                0x080019b8       0x44 ./Drivers/STM32F4xx_HAL_Driver/Src/stm32f4xx_hal_cortex.o
 .text.HAL_NVIC_SetPriorityGrouping
                0x080019fc       0x16 ./Drivers/STM32F4xx_HAL_Driver/Src/stm32f4xx_hal_cortex.o
                0x080019fc                HAL_NVIC_SetPriorityGrouping
 .text.HAL_NVIC_SetPriority
                0x08001a12       0x38 ./Drivers/STM32F4xx_HAL_Driver/Src/stm32f4xx_hal_cortex.o
                0x08001a12                HAL_NVIC_SetPriority
 .text.HAL_NVIC_EnableIRQ
                0x08001a4a       0x1c ./Drivers/STM32F4xx_HAL_Driver/Src/stm32f4xx_hal_cortex.o
                0x08001a4a                HAL_NVIC_EnableIRQ
 .text.HAL_SYSTICK_Config
                0x08001a66       0x18 ./Drivers/STM32F4xx_HAL_Driver/Src/stm32f4xx_hal_cortex.o
                0x08001a66                HAL_SYSTICK_Config
 *fill*         0x08001a7e        0x2 
 .text.HAL_DMA_Init
                0x08001a80      0x15c ./Drivers/STM32F4xx_HAL_Driver/Src/stm32f4xx_hal_dma.o
                0x08001a80                HAL_DMA_Init
 .text.HAL_DMA_Start_IT
                0x08001bdc       0xb0 ./Drivers/STM32F4xx_HAL_Driver/Src/stm32f4xx_hal_dma.o
                0x08001bdc                HAL_DMA_Start_IT
 .text.HAL_DMA_IRQHandler
                0x08001c8c      0x314 ./Drivers/STM32F4xx_HAL_Driver/Src/stm32f4xx_hal_dma.o
                0x08001c8c                HAL_DMA_IRQHandler
 .text.DMA_SetConfig
                0x08001fa0       0x5c ./Drivers/STM32F4xx_HAL_Driver/Src/stm32f4xx_hal_dma.o
 .text.DMA_CalcBaseAndBitshift
                0x08001ffc       0x6c ./Drivers/STM32F4xx_HAL_Driver/Src/stm32f4xx_hal_dma.o
 .text.DMA_CheckFifoParam
                0x08002068       0xf8 ./Drivers/STM32F4xx_HAL_Driver/Src/stm32f4xx_hal_dma.o
 .text.HAL_GPIO_Init
                0x08002160      0x308 ./Drivers/STM32F4xx_HAL_Driver/Src/stm32f4xx_hal_gpio.o
                0x08002160                HAL_GPIO_Init
 .text.HAL_PCD_Init
                0x08002468      0x21e ./Drivers/STM32F4xx_HAL_Driver/Src/stm32f4xx_hal_pcd.o
                0x08002468                HAL_PCD_Init
 .text.HAL_PCD_Start
                0x08002686       0x6a ./Drivers/STM32F4xx_HAL_Driver/Src/stm32f4xx_hal_pcd.o
                0x08002686                HAL_PCD_Start
 .text.HAL_PCD_IRQHandler
                0x080026f0      0x942 ./Drivers/STM32F4xx_HAL_Driver/Src/stm32f4xx_hal_pcd.o
                0x080026f0                HAL_PCD_IRQHandler
 .text.HAL_PCD_SetAddress
                0x08003032       0x48 ./Drivers/STM32F4xx_HAL_Driver/Src/stm32f4xx_hal_pcd.o
                0x08003032                HAL_PCD_SetAddress
 .text.HAL_PCD_EP_Open
                0x0800307a       0xd0 ./Drivers/STM32F4xx_HAL_Driver/Src/stm32f4xx_hal_pcd.o
                0x0800307a                HAL_PCD_EP_Open
 .text.HAL_PCD_EP_Close
                0x0800314a       0x94 ./Drivers/STM32F4xx_HAL_Driver/Src/stm32f4xx_hal_pcd.o
                0x0800314a                HAL_PCD_EP_Close
 .text.HAL_PCD_EP_Receive
                0x080031de       0x76 ./Drivers/STM32F4xx_HAL_Driver/Src/stm32f4xx_hal_pcd.o
                0x080031de                HAL_PCD_EP_Receive
 .text.HAL_PCD_EP_GetRxCount
                0x08003254       0x30 ./Drivers/STM32F4xx_HAL_Driver/Src/stm32f4xx_hal_pcd.o
                0x08003254                HAL_PCD_EP_GetRxCount
 .text.HAL_PCD_EP_Transmit
                0x08003284       0x74 ./Drivers/STM32F4xx_HAL_Driver/Src/stm32f4xx_hal_pcd.o
                0x08003284                HAL_PCD_EP_Transmit
 .text.HAL_PCD_EP_SetStall
                0x080032f8       0xc6 ./Drivers/STM32F4xx_HAL_Driver/Src/stm32f4xx_hal_pcd.o
                0x080032f8                HAL_PCD_EP_SetStall
 .text.HAL_PCD_EP_ClrStall
                0x080033be       0xac ./Drivers/STM32F4xx_HAL_Driver/Src/stm32f4xx_hal_pcd.o
                0x080033be                HAL_PCD_EP_ClrStall
 .text.HAL_PCD_EP_Abort
                0x0800346a       0x62 ./Drivers/STM32F4xx_HAL_Driver/Src/stm32f4xx_hal_pcd.o
                0x0800346a                HAL_PCD_EP_Abort
 .text.PCD_WriteEmptyTxFifo
                0x080034cc      0x118 ./Drivers/STM32F4xx_HAL_Driver/Src/stm32f4xx_hal_pcd.o
 .text.PCD_EP_OutXfrComplete_int
                0x080035e4      0x1d0 ./Drivers/STM32F4xx_HAL_Driver/Src/stm32f4xx_hal_pcd.o
 .text.PCD_EP_OutSetupPacket_int
                0x080037b4       0x8c ./Drivers/STM32F4xx_HAL_Driver/Src/stm32f4xx_hal_pcd.o
 .text.HAL_PCDEx_SetTxFiFo
                0x08003840       0x8e ./Drivers/STM32F4xx_HAL_Driver/Src/stm32f4xx_hal_pcd_ex.o
                0x08003840                HAL_PCDEx_SetTxFiFo
 .text.HAL_PCDEx_SetRxFiFo
                0x080038ce       0x22 ./Drivers/STM32F4xx_HAL_Driver/Src/stm32f4xx_hal_pcd_ex.o
                0x080038ce                HAL_PCDEx_SetRxFiFo
 .text.HAL_PCDEx_LPM_Callback
                0x080038f0       0x18 ./Drivers/STM32F4xx_HAL_Driver/Src/stm32f4xx_hal_pcd_ex.o
                0x080038f0                HAL_PCDEx_LPM_Callback
 .text.HAL_RCC_OscConfig
                0x08003908      0x4f0 ./Drivers/STM32F4xx_HAL_Driver/Src/stm32f4xx_hal_rcc.o
                0x08003908                HAL_RCC_OscConfig
 .text.HAL_RCC_ClockConfig
                0x08003df8      0x1cc ./Drivers/STM32F4xx_HAL_Driver/Src/stm32f4xx_hal_rcc.o
                0x08003df8                HAL_RCC_ClockConfig
 .text.HAL_RCC_GetSysClockFreq
                0x08003fc4      0x18c ./Drivers/STM32F4xx_HAL_Driver/Src/stm32f4xx_hal_rcc.o
                0x08003fc4                HAL_RCC_GetSysClockFreq
 .text.HAL_RCC_GetHCLKFreq
                0x08004150       0x18 ./Drivers/STM32F4xx_HAL_Driver/Src/stm32f4xx_hal_rcc.o
                0x08004150                HAL_RCC_GetHCLKFreq
 .text.HAL_TIM_Base_Init
                0x08004168       0x9e ./Drivers/STM32F4xx_HAL_Driver/Src/stm32f4xx_hal_tim.o
                0x08004168                HAL_TIM_Base_Init
 .text.HAL_TIM_PWM_Init
                0x08004206       0x9e ./Drivers/STM32F4xx_HAL_Driver/Src/stm32f4xx_hal_tim.o
                0x08004206                HAL_TIM_PWM_Init
 .text.HAL_TIM_PWM_MspInit
                0x080042a4       0x14 ./Drivers/STM32F4xx_HAL_Driver/Src/stm32f4xx_hal_tim.o
                0x080042a4                HAL_TIM_PWM_MspInit
 .text.HAL_TIM_PWM_Start
                0x080042b8      0x160 ./Drivers/STM32F4xx_HAL_Driver/Src/stm32f4xx_hal_tim.o
                0x080042b8                HAL_TIM_PWM_Start
 .text.HAL_TIM_PWM_ConfigChannel
                0x08004418      0x184 ./Drivers/STM32F4xx_HAL_Driver/Src/stm32f4xx_hal_tim.o
                0x08004418                HAL_TIM_PWM_ConfigChannel
 .text.HAL_TIM_ConfigClockSource
                0x0800459c      0x18e ./Drivers/STM32F4xx_HAL_Driver/Src/stm32f4xx_hal_tim.o
                0x0800459c                HAL_TIM_ConfigClockSource
 .text.HAL_TIM_SlaveConfigSynchro
                0x0800472a       0x84 ./Drivers/STM32F4xx_HAL_Driver/Src/stm32f4xx_hal_tim.o
                0x0800472a                HAL_TIM_SlaveConfigSynchro
 *fill*         0x080047ae        0x2 
 .text.TIM_Base_SetConfig
                0x080047b0      0x118 ./Drivers/STM32F4xx_HAL_Driver/Src/stm32f4xx_hal_tim.o
                0x080047b0                TIM_Base_SetConfig
 .text.TIM_OC1_SetConfig
                0x080048c8       0xcc ./Drivers/STM32F4xx_HAL_Driver/Src/stm32f4xx_hal_tim.o
 .text.TIM_OC2_SetConfig
                0x08004994       0xd8 ./Drivers/STM32F4xx_HAL_Driver/Src/stm32f4xx_hal_tim.o
                0x08004994                TIM_OC2_SetConfig
 .text.TIM_OC3_SetConfig
                0x08004a6c       0xd4 ./Drivers/STM32F4xx_HAL_Driver/Src/stm32f4xx_hal_tim.o
 .text.TIM_OC4_SetConfig
                0x08004b40       0xa0 ./Drivers/STM32F4xx_HAL_Driver/Src/stm32f4xx_hal_tim.o
 .text.TIM_SlaveTimer_SetConfig
                0x08004be0      0x122 ./Drivers/STM32F4xx_HAL_Driver/Src/stm32f4xx_hal_tim.o
 .text.TIM_TI1_ConfigInputStage
                0x08004d02       0x5e ./Drivers/STM32F4xx_HAL_Driver/Src/stm32f4xx_hal_tim.o
 .text.TIM_TI2_ConfigInputStage
                0x08004d60       0x60 ./Drivers/STM32F4xx_HAL_Driver/Src/stm32f4xx_hal_tim.o
 .text.TIM_ITRx_SetConfig
                0x08004dc0       0x36 ./Drivers/STM32F4xx_HAL_Driver/Src/stm32f4xx_hal_tim.o
 .text.TIM_ETR_SetConfig
                0x08004df6       0x40 ./Drivers/STM32F4xx_HAL_Driver/Src/stm32f4xx_hal_tim.o
                0x08004df6                TIM_ETR_SetConfig
 .text.TIM_CCxChannelCmd
                0x08004e36       0x4a ./Drivers/STM32F4xx_HAL_Driver/Src/stm32f4xx_hal_tim.o
                0x08004e36                TIM_CCxChannelCmd
 .text.HAL_TIMEx_MasterConfigSynchronization
                0x08004e80       0xdc ./Drivers/STM32F4xx_HAL_Driver/Src/stm32f4xx_hal_tim_ex.o
                0x08004e80                HAL_TIMEx_MasterConfigSynchronization
 .text.USB_CoreInit
                0x08004f5c       0xc8 ./Drivers/STM32F4xx_HAL_Driver/Src/stm32f4xx_ll_usb.o
                0x08004f5c                USB_CoreInit
 .text.USB_SetTurnaroundTime
                0x08005024      0x144 ./Drivers/STM32F4xx_HAL_Driver/Src/stm32f4xx_ll_usb.o
                0x08005024                USB_SetTurnaroundTime
 .text.USB_EnableGlobalInt
                0x08005168       0x22 ./Drivers/STM32F4xx_HAL_Driver/Src/stm32f4xx_ll_usb.o
                0x08005168                USB_EnableGlobalInt
 .text.USB_DisableGlobalInt
                0x0800518a       0x22 ./Drivers/STM32F4xx_HAL_Driver/Src/stm32f4xx_ll_usb.o
                0x0800518a                USB_DisableGlobalInt
 .text.USB_SetCurrentMode
                0x080051ac       0x98 ./Drivers/STM32F4xx_HAL_Driver/Src/stm32f4xx_ll_usb.o
                0x080051ac                USB_SetCurrentMode
 .text.USB_DevInit
                0x08005244      0x2c8 ./Drivers/STM32F4xx_HAL_Driver/Src/stm32f4xx_ll_usb.o
                0x08005244                USB_DevInit
 .text.USB_FlushTxFifo
                0x0800550c       0x64 ./Drivers/STM32F4xx_HAL_Driver/Src/stm32f4xx_ll_usb.o
                0x0800550c                USB_FlushTxFifo
 .text.USB_FlushRxFifo
                0x08005570       0x5c ./Drivers/STM32F4xx_HAL_Driver/Src/stm32f4xx_ll_usb.o
                0x08005570                USB_FlushRxFifo
 .text.USB_SetDevSpeed
                0x080055cc       0x32 ./Drivers/STM32F4xx_HAL_Driver/Src/stm32f4xx_ll_usb.o
                0x080055cc                USB_SetDevSpeed
 .text.USB_GetDevSpeed
                0x080055fe       0x4a ./Drivers/STM32F4xx_HAL_Driver/Src/stm32f4xx_ll_usb.o
                0x080055fe                USB_GetDevSpeed
 .text.USB_ActivateEndpoint
                0x08005648      0x10e ./Drivers/STM32F4xx_HAL_Driver/Src/stm32f4xx_ll_usb.o
                0x08005648                USB_ActivateEndpoint
 *fill*         0x08005756        0x2 
 .text.USB_DeactivateEndpoint
                0x08005758      0x1b8 ./Drivers/STM32F4xx_HAL_Driver/Src/stm32f4xx_ll_usb.o
                0x08005758                USB_DeactivateEndpoint
 .text.USB_EPStartXfer
                0x08005910      0x530 ./Drivers/STM32F4xx_HAL_Driver/Src/stm32f4xx_ll_usb.o
                0x08005910                USB_EPStartXfer
 .text.USB_EPStopXfer
                0x08005e40      0x154 ./Drivers/STM32F4xx_HAL_Driver/Src/stm32f4xx_ll_usb.o
                0x08005e40                USB_EPStopXfer
 .text.USB_WritePacket
                0x08005f94       0x7c ./Drivers/STM32F4xx_HAL_Driver/Src/stm32f4xx_ll_usb.o
                0x08005f94                USB_WritePacket
 .text.USB_ReadPacket
                0x08006010       0xb0 ./Drivers/STM32F4xx_HAL_Driver/Src/stm32f4xx_ll_usb.o
                0x08006010                USB_ReadPacket
 .text.USB_EPSetStall
                0x080060c0       0xdc ./Drivers/STM32F4xx_HAL_Driver/Src/stm32f4xx_ll_usb.o
                0x080060c0                USB_EPSetStall
 .text.USB_EPClearStall
                0x0800619c       0xcc ./Drivers/STM32F4xx_HAL_Driver/Src/stm32f4xx_ll_usb.o
                0x0800619c                USB_EPClearStall
 .text.USB_SetDevAddress
                0x08006268       0x4c ./Drivers/STM32F4xx_HAL_Driver/Src/stm32f4xx_ll_usb.o
                0x08006268                USB_SetDevAddress
 .text.USB_DevConnect
                0x080062b4       0x42 ./Drivers/STM32F4xx_HAL_Driver/Src/stm32f4xx_ll_usb.o
                0x080062b4                USB_DevConnect
 .text.USB_DevDisconnect
                0x080062f6       0x42 ./Drivers/STM32F4xx_HAL_Driver/Src/stm32f4xx_ll_usb.o
                0x080062f6                USB_DevDisconnect
 .text.USB_ReadInterrupts
                0x08006338       0x26 ./Drivers/STM32F4xx_HAL_Driver/Src/stm32f4xx_ll_usb.o
                0x08006338                USB_ReadInterrupts
 .text.USB_ReadDevAllOutEpInterrupt
                0x0800635e       0x34 ./Drivers/STM32F4xx_HAL_Driver/Src/stm32f4xx_ll_usb.o
                0x0800635e                USB_ReadDevAllOutEpInterrupt
 .text.USB_ReadDevAllInEpInterrupt
                0x08006392       0x34 ./Drivers/STM32F4xx_HAL_Driver/Src/stm32f4xx_ll_usb.o
                0x08006392                USB_ReadDevAllInEpInterrupt
 .text.USB_ReadDevOutEPInterrupt
                0x080063c6       0x3c ./Drivers/STM32F4xx_HAL_Driver/Src/stm32f4xx_ll_usb.o
                0x080063c6                USB_ReadDevOutEPInterrupt
 .text.USB_ReadDevInEPInterrupt
                0x08006402       0x5c ./Drivers/STM32F4xx_HAL_Driver/Src/stm32f4xx_ll_usb.o
                0x08006402                USB_ReadDevInEPInterrupt
 .text.USB_GetMode
                0x0800645e       0x1c ./Drivers/STM32F4xx_HAL_Driver/Src/stm32f4xx_ll_usb.o
                0x0800645e                USB_GetMode
 .text.USB_ActivateSetup
                0x0800647a       0x46 ./Drivers/STM32F4xx_HAL_Driver/Src/stm32f4xx_ll_usb.o
                0x0800647a                USB_ActivateSetup
 .text.USB_EP0_OutStart
                0x080064c0       0xbc ./Drivers/STM32F4xx_HAL_Driver/Src/stm32f4xx_ll_usb.o
                0x080064c0                USB_EP0_OutStart
 .text.USB_CoreReset
                0x0800657c       0x62 ./Drivers/STM32F4xx_HAL_Driver/Src/stm32f4xx_ll_usb.o
 *fill*         0x080065de        0x2 
 .text.USBD_CDC_Init
                0x080065e0      0x1f0 ./Middlewares/ST/STM32_USB_Device_Library/Class/CDC/Src/usbd_cdc.o
 .text.USBD_CDC_DeInit
                0x080067d0      0x104 ./Middlewares/ST/STM32_USB_Device_Library/Class/CDC/Src/usbd_cdc.o
 .text.USBD_CDC_Setup
                0x080068d4      0x1b8 ./Middlewares/ST/STM32_USB_Device_Library/Class/CDC/Src/usbd_cdc.o
 .text.USBD_CDC_DataIn
                0x08006a8c       0xfe ./Middlewares/ST/STM32_USB_Device_Library/Class/CDC/Src/usbd_cdc.o
 .text.USBD_CDC_DataOut
                0x08006b8a       0x70 ./Middlewares/ST/STM32_USB_Device_Library/Class/CDC/Src/usbd_cdc.o
 .text.USBD_CDC_EP0_RxReady
                0x08006bfa       0x74 ./Middlewares/ST/STM32_USB_Device_Library/Class/CDC/Src/usbd_cdc.o
 *fill*         0x08006c6e        0x2 
 .text.USBD_CDC_GetFSCfgDesc
                0x08006c70       0x70 ./Middlewares/ST/STM32_USB_Device_Library/Class/CDC/Src/usbd_cdc.o
 .text.USBD_CDC_GetHSCfgDesc
                0x08006ce0       0x70 ./Middlewares/ST/STM32_USB_Device_Library/Class/CDC/Src/usbd_cdc.o
 .text.USBD_CDC_GetOtherSpeedCfgDesc
                0x08006d50       0x70 ./Middlewares/ST/STM32_USB_Device_Library/Class/CDC/Src/usbd_cdc.o
 .text.USBD_CDC_GetDeviceQualifierDescriptor
                0x08006dc0       0x20 ./Middlewares/ST/STM32_USB_Device_Library/Class/CDC/Src/usbd_cdc.o
                0x08006dc0                USBD_CDC_GetDeviceQualifierDescriptor
 .text.USBD_CDC_RegisterInterface
                0x08006de0       0x34 ./Middlewares/ST/STM32_USB_Device_Library/Class/CDC/Src/usbd_cdc.o
                0x08006de0                USBD_CDC_RegisterInterface
 .text.USBD_CDC_SetTxBuffer
                0x08006e14       0x44 ./Middlewares/ST/STM32_USB_Device_Library/Class/CDC/Src/usbd_cdc.o
                0x08006e14                USBD_CDC_SetTxBuffer
 .text.USBD_CDC_SetRxBuffer
                0x08006e58       0x3a ./Middlewares/ST/STM32_USB_Device_Library/Class/CDC/Src/usbd_cdc.o
                0x08006e58                USBD_CDC_SetRxBuffer
 *fill*         0x08006e92        0x2 
 .text.USBD_CDC_TransmitPacket
                0x08006e94       0x80 ./Middlewares/ST/STM32_USB_Device_Library/Class/CDC/Src/usbd_cdc.o
                0x08006e94                USBD_CDC_TransmitPacket
 .text.USBD_CDC_ReceivePacket
                0x08006f14       0x6c ./Middlewares/ST/STM32_USB_Device_Library/Class/CDC/Src/usbd_cdc.o
                0x08006f14                USBD_CDC_ReceivePacket
 .text.USBD_Init
                0x08006f80       0x60 ./Middlewares/ST/STM32_USB_Device_Library/Core/Src/usbd_core.o
                0x08006f80                USBD_Init
 .text.USBD_RegisterClass
                0x08006fe0       0x6c ./Middlewares/ST/STM32_USB_Device_Library/Core/Src/usbd_core.o
                0x08006fe0                USBD_RegisterClass
 .text.USBD_Start
                0x0800704c       0x18 ./Middlewares/ST/STM32_USB_Device_Library/Core/Src/usbd_core.o
                0x0800704c                USBD_Start
 .text.USBD_RunTestMode
                0x08007064       0x16 ./Middlewares/ST/STM32_USB_Device_Library/Core/Src/usbd_core.o
                0x08007064                USBD_RunTestMode
 .text.USBD_SetClassConfig
                0x0800707a       0x38 ./Middlewares/ST/STM32_USB_Device_Library/Core/Src/usbd_core.o
                0x0800707a                USBD_SetClassConfig
 .text.USBD_ClrClassConfig
                0x080070b2       0x34 ./Middlewares/ST/STM32_USB_Device_Library/Core/Src/usbd_core.o
                0x080070b2                USBD_ClrClassConfig
 .text.USBD_LL_SetupStage
                0x080070e6       0xaa ./Middlewares/ST/STM32_USB_Device_Library/Core/Src/usbd_core.o
                0x080070e6                USBD_LL_SetupStage
 .text.USBD_LL_DataOutStage
                0x08007190      0x166 ./Middlewares/ST/STM32_USB_Device_Library/Core/Src/usbd_core.o
                0x08007190                USBD_LL_DataOutStage
 .text.USBD_LL_DataInStage
                0x080072f6      0x164 ./Middlewares/ST/STM32_USB_Device_Library/Core/Src/usbd_core.o
                0x080072f6                USBD_LL_DataInStage
 .text.USBD_LL_Reset
                0x0800745a       0xa4 ./Middlewares/ST/STM32_USB_Device_Library/Core/Src/usbd_core.o
                0x0800745a                USBD_LL_Reset
 .text.USBD_LL_SetSpeed
                0x080074fe       0x20 ./Middlewares/ST/STM32_USB_Device_Library/Core/Src/usbd_core.o
                0x080074fe                USBD_LL_SetSpeed
 .text.USBD_LL_Suspend
                0x0800751e       0x38 ./Middlewares/ST/STM32_USB_Device_Library/Core/Src/usbd_core.o
                0x0800751e                USBD_LL_Suspend
 .text.USBD_LL_Resume
                0x08007556       0x30 ./Middlewares/ST/STM32_USB_Device_Library/Core/Src/usbd_core.o
                0x08007556                USBD_LL_Resume
 .text.USBD_LL_SOF
                0x08007586       0x40 ./Middlewares/ST/STM32_USB_Device_Library/Core/Src/usbd_core.o
                0x08007586                USBD_LL_SOF
 .text.USBD_LL_IsoINIncomplete
                0x080075c6       0x64 ./Middlewares/ST/STM32_USB_Device_Library/Core/Src/usbd_core.o
                0x080075c6                USBD_LL_IsoINIncomplete
 .text.USBD_LL_IsoOUTIncomplete
                0x0800762a       0x64 ./Middlewares/ST/STM32_USB_Device_Library/Core/Src/usbd_core.o
                0x0800762a                USBD_LL_IsoOUTIncomplete
 .text.USBD_LL_DevConnected
                0x0800768e       0x16 ./Middlewares/ST/STM32_USB_Device_Library/Core/Src/usbd_core.o
                0x0800768e                USBD_LL_DevConnected
 .text.USBD_LL_DevDisconnected
                0x080076a4       0x46 ./Middlewares/ST/STM32_USB_Device_Library/Core/Src/usbd_core.o
                0x080076a4                USBD_LL_DevDisconnected
 .text.USBD_CoreFindIF
                0x080076ea       0x1a ./Middlewares/ST/STM32_USB_Device_Library/Core/Src/usbd_core.o
                0x080076ea                USBD_CoreFindIF
 .text.USBD_CoreFindEP
                0x08007704       0x1a ./Middlewares/ST/STM32_USB_Device_Library/Core/Src/usbd_core.o
                0x08007704                USBD_CoreFindEP
 .text.USBD_GetEpDesc
                0x0800771e       0x70 ./Middlewares/ST/STM32_USB_Device_Library/Core/Src/usbd_core.o
                0x0800771e                USBD_GetEpDesc
 .text.USBD_GetNextDesc
                0x0800778e       0x38 ./Middlewares/ST/STM32_USB_Device_Library/Core/Src/usbd_core.o
                0x0800778e                USBD_GetNextDesc
 .text.SWAPBYTE
                0x080077c6       0x3c ./Middlewares/ST/STM32_USB_Device_Library/Core/Src/usbd_ctlreq.o
 *fill*         0x08007802        0x2 
 .text.USBD_StdDevReq
                0x08007804       0xe4 ./Middlewares/ST/STM32_USB_Device_Library/Core/Src/usbd_ctlreq.o
                0x08007804                USBD_StdDevReq
 .text.USBD_StdItfReq
                0x080078e8       0xd8 ./Middlewares/ST/STM32_USB_Device_Library/Core/Src/usbd_ctlreq.o
                0x080078e8                USBD_StdItfReq
 .text.USBD_StdEPReq
                0x080079c0      0x33a ./Middlewares/ST/STM32_USB_Device_Library/Core/Src/usbd_ctlreq.o
                0x080079c0                USBD_StdEPReq
 *fill*         0x08007cfa        0x2 
 .text.USBD_GetDescriptor
                0x08007cfc      0x2d4 ./Middlewares/ST/STM32_USB_Device_Library/Core/Src/usbd_ctlreq.o
 .text.USBD_SetAddress
                0x08007fd0       0x88 ./Middlewares/ST/STM32_USB_Device_Library/Core/Src/usbd_ctlreq.o
 .text.USBD_SetConfig
                0x08008058      0x154 ./Middlewares/ST/STM32_USB_Device_Library/Core/Src/usbd_ctlreq.o
 .text.USBD_GetConfig
                0x080081ac       0x6c ./Middlewares/ST/STM32_USB_Device_Library/Core/Src/usbd_ctlreq.o
 .text.USBD_GetStatus
                0x08008218       0x68 ./Middlewares/ST/STM32_USB_Device_Library/Core/Src/usbd_ctlreq.o
 .text.USBD_SetFeature
                0x08008280       0x52 ./Middlewares/ST/STM32_USB_Device_Library/Core/Src/usbd_ctlreq.o
 .text.USBD_ClrFeature
                0x080082d2       0x44 ./Middlewares/ST/STM32_USB_Device_Library/Core/Src/usbd_ctlreq.o
 .text.USBD_ParseSetupRequest
                0x08008316       0x74 ./Middlewares/ST/STM32_USB_Device_Library/Core/Src/usbd_ctlreq.o
                0x08008316                USBD_ParseSetupRequest
 .text.USBD_CtlError
                0x0800838a       0x22 ./Middlewares/ST/STM32_USB_Device_Library/Core/Src/usbd_ctlreq.o
                0x0800838a                USBD_CtlError
 .text.USBD_GetString
                0x080083ac       0x8c ./Middlewares/ST/STM32_USB_Device_Library/Core/Src/usbd_ctlreq.o
                0x080083ac                USBD_GetString
 .text.USBD_GetLen
                0x08008438       0x34 ./Middlewares/ST/STM32_USB_Device_Library/Core/Src/usbd_ctlreq.o
 .text.USBD_CtlSendData
                0x0800846c       0x36 ./Middlewares/ST/STM32_USB_Device_Library/Core/Src/usbd_ioreq.o
                0x0800846c                USBD_CtlSendData
 .text.USBD_CtlContinueSendData
                0x080084a2       0x22 ./Middlewares/ST/STM32_USB_Device_Library/Core/Src/usbd_ioreq.o
                0x080084a2                USBD_CtlContinueSendData
 .text.USBD_CtlPrepareRx
                0x080084c4       0x3a ./Middlewares/ST/STM32_USB_Device_Library/Core/Src/usbd_ioreq.o
                0x080084c4                USBD_CtlPrepareRx
 .text.USBD_CtlContinueRx
                0x080084fe       0x22 ./Middlewares/ST/STM32_USB_Device_Library/Core/Src/usbd_ioreq.o
                0x080084fe                USBD_CtlContinueRx
 .text.USBD_CtlSendStatus
                0x08008520       0x26 ./Middlewares/ST/STM32_USB_Device_Library/Core/Src/usbd_ioreq.o
                0x08008520                USBD_CtlSendStatus
 .text.USBD_CtlReceiveStatus
                0x08008546       0x26 ./Middlewares/ST/STM32_USB_Device_Library/Core/Src/usbd_ioreq.o
                0x08008546                USBD_CtlReceiveStatus
 .text.MX_USB_DEVICE_Init
                0x0800856c       0x60 ./USB_DEVICE/App/usb_device.o
                0x0800856c                MX_USB_DEVICE_Init
 .text.CDC_Init_FS
                0x080085cc       0x28 ./USB_DEVICE/App/usbd_cdc_if.o
 .text.CDC_DeInit_FS
                0x080085f4       0x10 ./USB_DEVICE/App/usbd_cdc_if.o
 .text.CDC_Control_FS
                0x08008604       0xbc ./USB_DEVICE/App/usbd_cdc_if.o
 .text.CDC_Receive_FS
                0x080086c0       0x28 ./USB_DEVICE/App/usbd_cdc_if.o
 .text.CDC_Transmit_FS
                0x080086e8       0x4c ./USB_DEVICE/App/usbd_cdc_if.o
                0x080086e8                CDC_Transmit_FS
 .text.CDC_TransmitCplt_FS
                0x08008734       0x22 ./USB_DEVICE/App/usbd_cdc_if.o
 *fill*         0x08008756        0x2 
 .text.USBD_FS_DeviceDescriptor
                0x08008758       0x24 ./USB_DEVICE/App/usbd_desc.o
                0x08008758                USBD_FS_DeviceDescriptor
 .text.USBD_FS_LangIDStrDescriptor
                0x0800877c       0x24 ./USB_DEVICE/App/usbd_desc.o
                0x0800877c                USBD_FS_LangIDStrDescriptor
 .text.USBD_FS_ProductStrDescriptor
                0x080087a0       0x3c ./USB_DEVICE/App/usbd_desc.o
                0x080087a0                USBD_FS_ProductStrDescriptor
 .text.USBD_FS_ManufacturerStrDescriptor
                0x080087dc       0x28 ./USB_DEVICE/App/usbd_desc.o
                0x080087dc                USBD_FS_ManufacturerStrDescriptor
 .text.USBD_FS_SerialStrDescriptor
                0x08008804       0x24 ./USB_DEVICE/App/usbd_desc.o
                0x08008804                USBD_FS_SerialStrDescriptor
 .text.USBD_FS_ConfigStrDescriptor
                0x08008828       0x3c ./USB_DEVICE/App/usbd_desc.o
                0x08008828                USBD_FS_ConfigStrDescriptor
 .text.USBD_FS_InterfaceStrDescriptor
                0x08008864       0x3c ./USB_DEVICE/App/usbd_desc.o
                0x08008864                USBD_FS_InterfaceStrDescriptor
 .text.Get_SerialNum
                0x080088a0       0x38 ./USB_DEVICE/App/usbd_desc.o
 .text.IntToUnicode
                0x080088d8       0x7e ./USB_DEVICE/App/usbd_desc.o
 *fill*         0x08008956        0x2 
 .text.HAL_PCD_MspInit
                0x08008958       0xa8 ./USB_DEVICE/Target/usbd_conf.o
                0x08008958                HAL_PCD_MspInit
 .text.HAL_PCD_SetupStageCallback
                0x08008a00       0x24 ./USB_DEVICE/Target/usbd_conf.o
                0x08008a00                HAL_PCD_SetupStageCallback
 .text.HAL_PCD_DataOutStageCallback
                0x08008a24       0x36 ./USB_DEVICE/Target/usbd_conf.o
                0x08008a24                HAL_PCD_DataOutStageCallback
 .text.HAL_PCD_DataInStageCallback
                0x08008a5a       0x34 ./USB_DEVICE/Target/usbd_conf.o
                0x08008a5a                HAL_PCD_DataInStageCallback
 .text.HAL_PCD_SOFCallback
                0x08008a8e       0x1c ./USB_DEVICE/Target/usbd_conf.o
                0x08008a8e                HAL_PCD_SOFCallback
 .text.HAL_PCD_ResetCallback
                0x08008aaa       0x3c ./USB_DEVICE/Target/usbd_conf.o
                0x08008aaa                HAL_PCD_ResetCallback
 *fill*         0x08008ae6        0x2 
 .text.HAL_PCD_SuspendCallback
                0x08008ae8       0x4c ./USB_DEVICE/Target/usbd_conf.o
                0x08008ae8                HAL_PCD_SuspendCallback
 .text.HAL_PCD_ResumeCallback
                0x08008b34       0x1c ./USB_DEVICE/Target/usbd_conf.o
                0x08008b34                HAL_PCD_ResumeCallback
 .text.HAL_PCD_ISOOUTIncompleteCallback
                0x08008b50       0x24 ./USB_DEVICE/Target/usbd_conf.o
                0x08008b50                HAL_PCD_ISOOUTIncompleteCallback
 .text.HAL_PCD_ISOINIncompleteCallback
                0x08008b74       0x24 ./USB_DEVICE/Target/usbd_conf.o
                0x08008b74                HAL_PCD_ISOINIncompleteCallback
 .text.HAL_PCD_ConnectCallback
                0x08008b98       0x1c ./USB_DEVICE/Target/usbd_conf.o
                0x08008b98                HAL_PCD_ConnectCallback
 .text.HAL_PCD_DisconnectCallback
                0x08008bb4       0x1c ./USB_DEVICE/Target/usbd_conf.o
                0x08008bb4                HAL_PCD_DisconnectCallback
 .text.USBD_LL_Init
                0x08008bd0       0x98 ./USB_DEVICE/Target/usbd_conf.o
                0x08008bd0                USBD_LL_Init
 .text.USBD_LL_Start
                0x08008c68       0x36 ./USB_DEVICE/Target/usbd_conf.o
                0x08008c68                USBD_LL_Start
 .text.USBD_LL_OpenEP
                0x08008c9e       0x4c ./USB_DEVICE/Target/usbd_conf.o
                0x08008c9e                USBD_LL_OpenEP
 .text.USBD_LL_CloseEP
                0x08008cea       0x3e ./USB_DEVICE/Target/usbd_conf.o
                0x08008cea                USBD_LL_CloseEP
 .text.USBD_LL_StallEP
                0x08008d28       0x3e ./USB_DEVICE/Target/usbd_conf.o
                0x08008d28                USBD_LL_StallEP
 .text.USBD_LL_ClearStallEP
                0x08008d66       0x3e ./USB_DEVICE/Target/usbd_conf.o
                0x08008d66                USBD_LL_ClearStallEP
 .text.USBD_LL_IsStallEP
                0x08008da4       0x58 ./USB_DEVICE/Target/usbd_conf.o
                0x08008da4                USBD_LL_IsStallEP
 .text.USBD_LL_SetUSBAddress
                0x08008dfc       0x3e ./USB_DEVICE/Target/usbd_conf.o
                0x08008dfc                USBD_LL_SetUSBAddress
 .text.USBD_LL_Transmit
                0x08008e3a       0x42 ./USB_DEVICE/Target/usbd_conf.o
                0x08008e3a                USBD_LL_Transmit
 .text.USBD_LL_PrepareReceive
                0x08008e7c       0x42 ./USB_DEVICE/Target/usbd_conf.o
                0x08008e7c                USBD_LL_PrepareReceive
 .text.USBD_LL_GetRxDataSize
                0x08008ebe       0x26 ./USB_DEVICE/Target/usbd_conf.o
                0x08008ebe                USBD_LL_GetRxDataSize
 .text.USBD_static_malloc
                0x08008ee4       0x1c ./USB_DEVICE/Target/usbd_conf.o
                0x08008ee4                USBD_static_malloc
 .text.USBD_static_free
                0x08008f00       0x14 ./USB_DEVICE/Target/usbd_conf.o
                0x08008f00                USBD_static_free
 .text.USBD_Get_USB_Status
                0x08008f14       0x58 ./USB_DEVICE/Target/usbd_conf.o
                0x08008f14                USBD_Get_USB_Status
 .text.memset   0x08008f6c       0x10 C:/ST/STM32CubeIDE_1.15.0/STM32CubeIDE/plugins/com.st.stm32cube.ide.mcu.externaltools.gnu-tools-for-stm32.12.3.rel1.win32_1.0.100.202403111256/tools/bin/../lib/gcc/arm-none-eabi/12.3.1/../../../../arm-none-eabi/lib/thumb/v7e-m+fp/hard\libc_nano.a(libc_a-memset.o)
                0x08008f6c                memset
 .text.__libc_init_array
                0x08008f7c       0x48 C:/ST/STM32CubeIDE_1.15.0/STM32CubeIDE/plugins/com.st.stm32cube.ide.mcu.externaltools.gnu-tools-for-stm32.12.3.rel1.win32_1.0.100.202403111256/tools/bin/../lib/gcc/arm-none-eabi/12.3.1/../../../../arm-none-eabi/lib/thumb/v7e-m+fp/hard\libc_nano.a(libc_a-init.o)
                0x08008f7c                __libc_init_array
 *(.glue_7)
 .glue_7        0x08008fc4        0x0 linker stubs
 *(.glue_7t)
 .glue_7t       0x08008fc4        0x0 linker stubs
 *(.eh_frame)
 .eh_frame      0x08008fc4        0x0 C:/ST/STM32CubeIDE_1.15.0/STM32CubeIDE/plugins/com.st.stm32cube.ide.mcu.externaltools.gnu-tools-for-stm32.12.3.rel1.win32_1.0.100.202403111256/tools/bin/../lib/gcc/arm-none-eabi/12.3.1/thumb/v7e-m+fp/hard/crtbegin.o
 *(.init)
 .init          0x08008fc4        0x4 C:/ST/STM32CubeIDE_1.15.0/STM32CubeIDE/plugins/com.st.stm32cube.ide.mcu.externaltools.gnu-tools-for-stm32.12.3.rel1.win32_1.0.100.202403111256/tools/bin/../lib/gcc/arm-none-eabi/12.3.1/thumb/v7e-m+fp/hard/crti.o
                0x08008fc4                _init
 .init          0x08008fc8        0x8 C:/ST/STM32CubeIDE_1.15.0/STM32CubeIDE/plugins/com.st.stm32cube.ide.mcu.externaltools.gnu-tools-for-stm32.12.3.rel1.win32_1.0.100.202403111256/tools/bin/../lib/gcc/arm-none-eabi/12.3.1/thumb/v7e-m+fp/hard/crtn.o
 *(.fini)
 .fini          0x08008fd0        0x4 C:/ST/STM32CubeIDE_1.15.0/STM32CubeIDE/plugins/com.st.stm32cube.ide.mcu.externaltools.gnu-tools-for-stm32.12.3.rel1.win32_1.0.100.202403111256/tools/bin/../lib/gcc/arm-none-eabi/12.3.1/thumb/v7e-m+fp/hard/crti.o
                0x08008fd0                _fini
 .fini          0x08008fd4        0x8 C:/ST/STM32CubeIDE_1.15.0/STM32CubeIDE/plugins/com.st.stm32cube.ide.mcu.externaltools.gnu-tools-for-stm32.12.3.rel1.win32_1.0.100.202403111256/tools/bin/../lib/gcc/arm-none-eabi/12.3.1/thumb/v7e-m+fp/hard/crtn.o
                0x08008fdc                        . = ALIGN (0x4)
                0x08008fdc                        _etext = .

.vfp11_veneer   0x08008fdc        0x0
 .vfp11_veneer  0x08008fdc        0x0 linker stubs

.v4_bx          0x08008fdc        0x0
 .v4_bx         0x08008fdc        0x0 linker stubs

.iplt           0x08008fdc        0x0
 .iplt          0x08008fdc        0x0 C:/ST/STM32CubeIDE_1.15.0/STM32CubeIDE/plugins/com.st.stm32cube.ide.mcu.externaltools.gnu-tools-for-stm32.12.3.rel1.win32_1.0.100.202403111256/tools/bin/../lib/gcc/arm-none-eabi/12.3.1/thumb/v7e-m+fp/hard/crtbegin.o

.rodata         0x08008fdc       0x60
                0x08008fdc                        . = ALIGN (0x4)
 *(.rodata)
 .rodata        0x08008fdc       0x46 ./USB_DEVICE/App/usbd_desc.o
 *(.rodata*)
 *fill*         0x08009022        0x2 
 .rodata.AHBPrescTable
                0x08009024       0x10 ./Core/Src/system_stm32f4xx.o
                0x08009024                AHBPrescTable
 .rodata.flagBitshiftOffset.0
                0x08009034        0x8 ./Drivers/STM32F4xx_HAL_Driver/Src/stm32f4xx_hal_dma.o
                0x0800903c                        . = ALIGN (0x4)

.ARM.extab      0x0800903c        0x0
                0x0800903c                        . = ALIGN (0x4)
 *(.ARM.extab* .gnu.linkonce.armextab.*)
                0x0800903c                        . = ALIGN (0x4)

.ARM            0x0800903c        0x8
                0x0800903c                        . = ALIGN (0x4)
                0x0800903c                        __exidx_start = .
 *(.ARM.exidx*)
 .ARM.exidx     0x0800903c        0x8 C:/ST/STM32CubeIDE_1.15.0/STM32CubeIDE/plugins/com.st.stm32cube.ide.mcu.externaltools.gnu-tools-for-stm32.12.3.rel1.win32_1.0.100.202403111256/tools/bin/../lib/gcc/arm-none-eabi/12.3.1/thumb/v7e-m+fp/hard\libgcc.a(_udivmoddi4.o)
                0x08009044                        __exidx_end = .
                0x08009044                        . = ALIGN (0x4)

.preinit_array  0x08009044        0x0
                0x08009044                        . = ALIGN (0x4)
                0x08009044                        PROVIDE (__preinit_array_start = .)
 *(.preinit_array*)
                0x08009044                        PROVIDE (__preinit_array_end = .)
                0x08009044                        . = ALIGN (0x4)

.init_array     0x08009044        0x4
                0x08009044                        . = ALIGN (0x4)
                0x08009044                        PROVIDE (__init_array_start = .)
 *(SORT_BY_NAME(.init_array.*))
 *(.init_array*)
 .init_array    0x08009044        0x4 C:/ST/STM32CubeIDE_1.15.0/STM32CubeIDE/plugins/com.st.stm32cube.ide.mcu.externaltools.gnu-tools-for-stm32.12.3.rel1.win32_1.0.100.202403111256/tools/bin/../lib/gcc/arm-none-eabi/12.3.1/thumb/v7e-m+fp/hard/crtbegin.o
                0x08009048                        PROVIDE (__init_array_end = .)
                0x08009048                        . = ALIGN (0x4)

.fini_array     0x08009048        0x4
                0x08009048                        . = ALIGN (0x4)
                [!provide]                        PROVIDE (__fini_array_start = .)
 *(SORT_BY_NAME(.fini_array.*))
 *(.fini_array*)
 .fini_array    0x08009048        0x4 C:/ST/STM32CubeIDE_1.15.0/STM32CubeIDE/plugins/com.st.stm32cube.ide.mcu.externaltools.gnu-tools-for-stm32.12.3.rel1.win32_1.0.100.202403111256/tools/bin/../lib/gcc/arm-none-eabi/12.3.1/thumb/v7e-m+fp/hard/crtbegin.o
                [!provide]                        PROVIDE (__fini_array_end = .)
                0x0800904c                        . = ALIGN (0x4)
                0x0800904c                        _sidata = LOADADDR (.data)

.rel.dyn        0x0800904c        0x0
 .rel.iplt      0x0800904c        0x0 C:/ST/STM32CubeIDE_1.15.0/STM32CubeIDE/plugins/com.st.stm32cube.ide.mcu.externaltools.gnu-tools-for-stm32.12.3.rel1.win32_1.0.100.202403111256/tools/bin/../lib/gcc/arm-none-eabi/12.3.1/thumb/v7e-m+fp/hard/crtbegin.o

.data           0x20000000       0xfc load address 0x0800904c
                0x20000000                        . = ALIGN (0x4)
                0x20000000                        _sdata = .
 *(.data)
 *(.data*)
 .data.SystemCoreClock
                0x20000000        0x4 ./Core/Src/system_stm32f4xx.o
                0x20000000                SystemCoreClock
 .data.uwTickPrio
                0x20000004        0x4 ./Drivers/STM32F4xx_HAL_Driver/Src/stm32f4xx_hal.o
                0x20000004                uwTickPrio
 .data.uwTickFreq
                0x20000008        0x1 ./Drivers/STM32F4xx_HAL_Driver/Src/stm32f4xx_hal.o
                0x20000008                uwTickFreq
 *fill*         0x20000009        0x3 
 .data.USBD_CDC_DeviceQualifierDesc
                0x2000000c        0xa ./Middlewares/ST/STM32_USB_Device_Library/Class/CDC/Src/usbd_cdc.o
 *fill*         0x20000016        0x2 
 .data.USBD_CDC
                0x20000018       0x38 ./Middlewares/ST/STM32_USB_Device_Library/Class/CDC/Src/usbd_cdc.o
                0x20000018                USBD_CDC
 .data.USBD_CDC_CfgDesc
                0x20000050       0x43 ./Middlewares/ST/STM32_USB_Device_Library/Class/CDC/Src/usbd_cdc.o
 .data.CDCInEpAdd
                0x20000093        0x1 ./Middlewares/ST/STM32_USB_Device_Library/Class/CDC/Src/usbd_cdc.o
 .data.CDCOutEpAdd
                0x20000094        0x1 ./Middlewares/ST/STM32_USB_Device_Library/Class/CDC/Src/usbd_cdc.o
 .data.CDCCmdEpAdd
                0x20000095        0x1 ./Middlewares/ST/STM32_USB_Device_Library/Class/CDC/Src/usbd_cdc.o
 *fill*         0x20000096        0x2 
 .data.USBD_Interface_fops_FS
                0x20000098       0x14 ./USB_DEVICE/App/usbd_cdc_if.o
                0x20000098                USBD_Interface_fops_FS
 .data.FS_Desc  0x200000ac       0x1c ./USB_DEVICE/App/usbd_desc.o
                0x200000ac                FS_Desc
 .data.USBD_FS_DeviceDesc
                0x200000c8       0x12 ./USB_DEVICE/App/usbd_desc.o
                0x200000c8                USBD_FS_DeviceDesc
 *fill*         0x200000da        0x2 
 .data.USBD_LangIDDesc
                0x200000dc        0x4 ./USB_DEVICE/App/usbd_desc.o
                0x200000dc                USBD_LangIDDesc
 .data.USBD_StringSerial
                0x200000e0       0x1a ./USB_DEVICE/App/usbd_desc.o
                0x200000e0                USBD_StringSerial
 *(.RamFunc)
 *(.RamFunc*)
                0x200000fc                        . = ALIGN (0x4)
 *fill*         0x200000fa        0x2 
                0x200000fc                        _edata = .

.igot.plt       0x200000fc        0x0 load address 0x08009148
 .igot.plt      0x200000fc        0x0 C:/ST/STM32CubeIDE_1.15.0/STM32CubeIDE/plugins/com.st.stm32cube.ide.mcu.externaltools.gnu-tools-for-stm32.12.3.rel1.win32_1.0.100.202403111256/tools/bin/../lib/gcc/arm-none-eabi/12.3.1/thumb/v7e-m+fp/hard/crtbegin.o
                0x200000fc                        . = ALIGN (0x4)

.bss            0x200000fc     0x44ac load address 0x08009148
                0x200000fc                        _sbss = .
                0x200000fc                        __bss_start__ = _sbss
 *(.bss)
 .bss           0x200000fc       0x1c C:/ST/STM32CubeIDE_1.15.0/STM32CubeIDE/plugins/com.st.stm32cube.ide.mcu.externaltools.gnu-tools-for-stm32.12.3.rel1.win32_1.0.100.202403111256/tools/bin/../lib/gcc/arm-none-eabi/12.3.1/thumb/v7e-m+fp/hard/crtbegin.o
 *(.bss*)
 .bss.hadc1     0x20000118       0x48 ./Core/Src/main.o
                0x20000118                hadc1
 .bss.hdma_adc1
                0x20000160       0x60 ./Core/Src/main.o
                0x20000160                hdma_adc1
 .bss.htim2     0x200001c0       0x48 ./Core/Src/main.o
                0x200001c0                htim2
 .bss.htim3     0x20000208       0x48 ./Core/Src/main.o
                0x20000208                htim3
 .bss.htim4     0x20000250       0x48 ./Core/Src/main.o
                0x20000250                htim4
 .bss.htim5     0x20000298       0x48 ./Core/Src/main.o
                0x20000298                htim5
 .bss.CCDPixelBuffer
                0x200002e0     0x2ee0 ./Core/Src/main.o
                0x200002e0                CCDPixelBuffer
 .bss.uwTick    0x200031c0        0x4 ./Drivers/STM32F4xx_HAL_Driver/Src/stm32f4xx_hal.o
                0x200031c0                uwTick
 .bss.cfgidx.0  0x200031c4        0x1 ./Middlewares/ST/STM32_USB_Device_Library/Core/Src/usbd_ctlreq.o
 *fill*         0x200031c5        0x3 
 .bss.hUsbDeviceFS
                0x200031c8      0x2dc ./USB_DEVICE/App/usb_device.o
                0x200031c8                hUsbDeviceFS
 .bss.UserRxBufferFS
                0x200034a4      0x400 ./USB_DEVICE/App/usbd_cdc_if.o
                0x200034a4                UserRxBufferFS
 .bss.UserTxBufferFS
                0x200038a4      0x400 ./USB_DEVICE/App/usbd_cdc_if.o
                0x200038a4                UserTxBufferFS
 .bss.USBD_StrDesc
                0x20003ca4      0x200 ./USB_DEVICE/App/usbd_desc.o
                0x20003ca4                USBD_StrDesc
 .bss.hpcd_USB_OTG_FS
                0x20003ea4      0x4e4 ./USB_DEVICE/Target/usbd_conf.o
                0x20003ea4                hpcd_USB_OTG_FS
 .bss.mem.0     0x20004388      0x220 ./USB_DEVICE/Target/usbd_conf.o
 *(COMMON)
                0x200045a8                        . = ALIGN (0x4)
                0x200045a8                        _ebss = .
                0x200045a8                        __bss_end__ = _ebss

._user_heap_stack
                0x200045a8      0x600 load address 0x08009148
                0x200045a8                        . = ALIGN (0x8)
                [!provide]                        PROVIDE (end = .)
                0x200045a8                        PROVIDE (_end = .)
                0x200047a8                        . = (. + _Min_Heap_Size)
 *fill*         0x200045a8      0x200 
                0x20004ba8                        . = (. + _Min_Stack_Size)
 *fill*         0x200047a8      0x400 
                0x20004ba8                        . = ALIGN (0x8)

/DISCARD/
 libc.a(*)
 libm.a(*)
 libgcc.a(*)

.ARM.attributes
                0x00000000       0x30
 *(.ARM.attributes)
 .ARM.attributes
                0x00000000       0x22 C:/ST/STM32CubeIDE_1.15.0/STM32CubeIDE/plugins/com.st.stm32cube.ide.mcu.externaltools.gnu-tools-for-stm32.12.3.rel1.win32_1.0.100.202403111256/tools/bin/../lib/gcc/arm-none-eabi/12.3.1/thumb/v7e-m+fp/hard/crti.o
 .ARM.attributes
                0x00000022       0x34 C:/ST/STM32CubeIDE_1.15.0/STM32CubeIDE/plugins/com.st.stm32cube.ide.mcu.externaltools.gnu-tools-for-stm32.12.3.rel1.win32_1.0.100.202403111256/tools/bin/../lib/gcc/arm-none-eabi/12.3.1/thumb/v7e-m+fp/hard/crtbegin.o
 .ARM.attributes
                0x00000056       0x34 ./Core/Src/main.o
 .ARM.attributes
                0x0000008a       0x34 ./Core/Src/stm32f4xx_hal_msp.o
 .ARM.attributes
                0x000000be       0x34 ./Core/Src/stm32f4xx_it.o
 .ARM.attributes
                0x000000f2       0x34 ./Core/Src/system_stm32f4xx.o
 .ARM.attributes
                0x00000126       0x21 ./Core/Startup/startup_stm32f401ccux.o
 .ARM.attributes
                0x00000147       0x34 ./Drivers/STM32F4xx_HAL_Driver/Src/stm32f4xx_hal.o
 .ARM.attributes
                0x0000017b       0x34 ./Drivers/STM32F4xx_HAL_Driver/Src/stm32f4xx_hal_adc.o
 .ARM.attributes
                0x000001af       0x34 ./Drivers/STM32F4xx_HAL_Driver/Src/stm32f4xx_hal_cortex.o
 .ARM.attributes
                0x000001e3       0x34 ./Drivers/STM32F4xx_HAL_Driver/Src/stm32f4xx_hal_dma.o
 .ARM.attributes
                0x00000217       0x34 ./Drivers/STM32F4xx_HAL_Driver/Src/stm32f4xx_hal_gpio.o
 .ARM.attributes
                0x0000024b       0x34 ./Drivers/STM32F4xx_HAL_Driver/Src/stm32f4xx_hal_pcd.o
 .ARM.attributes
                0x0000027f       0x34 ./Drivers/STM32F4xx_HAL_Driver/Src/stm32f4xx_hal_pcd_ex.o
 .ARM.attributes
                0x000002b3       0x34 ./Drivers/STM32F4xx_HAL_Driver/Src/stm32f4xx_hal_rcc.o
 .ARM.attributes
                0x000002e7       0x34 ./Drivers/STM32F4xx_HAL_Driver/Src/stm32f4xx_hal_tim.o
 .ARM.attributes
                0x0000031b       0x34 ./Drivers/STM32F4xx_HAL_Driver/Src/stm32f4xx_hal_tim_ex.o
 .ARM.attributes
                0x0000034f       0x34 ./Drivers/STM32F4xx_HAL_Driver/Src/stm32f4xx_ll_usb.o
 .ARM.attributes
                0x00000383       0x34 ./Middlewares/ST/STM32_USB_Device_Library/Class/CDC/Src/usbd_cdc.o
 .ARM.attributes
                0x000003b7       0x34 ./Middlewares/ST/STM32_USB_Device_Library/Core/Src/usbd_core.o
 .ARM.attributes
                0x000003eb       0x34 ./Middlewares/ST/STM32_USB_Device_Library/Core/Src/usbd_ctlreq.o
 .ARM.attributes
                0x0000041f       0x34 ./Middlewares/ST/STM32_USB_Device_Library/Core/Src/usbd_ioreq.o
 .ARM.attributes
                0x00000453       0x34 ./USB_DEVICE/App/usb_device.o
 .ARM.attributes
                0x00000487       0x34 ./USB_DEVICE/App/usbd_cdc_if.o
 .ARM.attributes
                0x000004bb       0x34 ./USB_DEVICE/App/usbd_desc.o
 .ARM.attributes
                0x000004ef       0x34 ./USB_DEVICE/Target/usbd_conf.o
 .ARM.attributes
                0x00000523       0x34 C:/ST/STM32CubeIDE_1.15.0/STM32CubeIDE/plugins/com.st.stm32cube.ide.mcu.externaltools.gnu-tools-for-stm32.12.3.rel1.win32_1.0.100.202403111256/tools/bin/../lib/gcc/arm-none-eabi/12.3.1/../../../../arm-none-eabi/lib/thumb/v7e-m+fp/hard\libc_nano.a(libc_a-memset.o)
 .ARM.attributes
                0x00000557       0x34 C:/ST/STM32CubeIDE_1.15.0/STM32CubeIDE/plugins/com.st.stm32cube.ide.mcu.externaltools.gnu-tools-for-stm32.12.3.rel1.win32_1.0.100.202403111256/tools/bin/../lib/gcc/arm-none-eabi/12.3.1/../../../../arm-none-eabi/lib/thumb/v7e-m+fp/hard\libc_nano.a(libc_a-init.o)
 .ARM.attributes
                0x0000058b       0x22 C:/ST/STM32CubeIDE_1.15.0/STM32CubeIDE/plugins/com.st.stm32cube.ide.mcu.externaltools.gnu-tools-for-stm32.12.3.rel1.win32_1.0.100.202403111256/tools/bin/../lib/gcc/arm-none-eabi/12.3.1/thumb/v7e-m+fp/hard\libgcc.a(_aeabi_uldivmod.o)
 .ARM.attributes
                0x000005ad       0x34 C:/ST/STM32CubeIDE_1.15.0/STM32CubeIDE/plugins/com.st.stm32cube.ide.mcu.externaltools.gnu-tools-for-stm32.12.3.rel1.win32_1.0.100.202403111256/tools/bin/../lib/gcc/arm-none-eabi/12.3.1/thumb/v7e-m+fp/hard\libgcc.a(_udivmoddi4.o)
 .ARM.attributes
                0x000005e1       0x22 C:/ST/STM32CubeIDE_1.15.0/STM32CubeIDE/plugins/com.st.stm32cube.ide.mcu.externaltools.gnu-tools-for-stm32.12.3.rel1.win32_1.0.100.202403111256/tools/bin/../lib/gcc/arm-none-eabi/12.3.1/thumb/v7e-m+fp/hard\libgcc.a(_dvmd_tls.o)
 .ARM.attributes
                0x00000603       0x22 C:/ST/STM32CubeIDE_1.15.0/STM32CubeIDE/plugins/com.st.stm32cube.ide.mcu.externaltools.gnu-tools-for-stm32.12.3.rel1.win32_1.0.100.202403111256/tools/bin/../lib/gcc/arm-none-eabi/12.3.1/thumb/v7e-m+fp/hard/crtn.o
OUTPUT(tcddriver.elf elf32-littlearm)
LOAD linker stubs
LOAD C:/ST/STM32CubeIDE_1.15.0/STM32CubeIDE/plugins/com.st.stm32cube.ide.mcu.externaltools.gnu-tools-for-stm32.12.3.rel1.win32_1.0.100.202403111256/tools/bin/../lib/gcc/arm-none-eabi/12.3.1/../../../../arm-none-eabi/lib/thumb/v7e-m+fp/hard\libc.a
LOAD C:/ST/STM32CubeIDE_1.15.0/STM32CubeIDE/plugins/com.st.stm32cube.ide.mcu.externaltools.gnu-tools-for-stm32.12.3.rel1.win32_1.0.100.202403111256/tools/bin/../lib/gcc/arm-none-eabi/12.3.1/../../../../arm-none-eabi/lib/thumb/v7e-m+fp/hard\libm.a
LOAD C:/ST/STM32CubeIDE_1.15.0/STM32CubeIDE/plugins/com.st.stm32cube.ide.mcu.externaltools.gnu-tools-for-stm32.12.3.rel1.win32_1.0.100.202403111256/tools/bin/../lib/gcc/arm-none-eabi/12.3.1/thumb/v7e-m+fp/hard\libgcc.a

.debug_info     0x00000000    0x1434b
 .debug_info    0x00000000     0x1458 ./Core/Src/main.o
 .debug_info    0x00001458      0xe44 ./Core/Src/stm32f4xx_hal_msp.o
 .debug_info    0x0000229c      0x897 ./Core/Src/stm32f4xx_it.o
 .debug_info    0x00002b33      0x53e ./Core/Src/system_stm32f4xx.o
 .debug_info    0x00003071       0x30 ./Core/Startup/startup_stm32f401ccux.o
 .debug_info    0x000030a1      0x8bb ./Drivers/STM32F4xx_HAL_Driver/Src/stm32f4xx_hal.o
 .debug_info    0x0000395c      0xcd1 ./Drivers/STM32F4xx_HAL_Driver/Src/stm32f4xx_hal_adc.o
 .debug_info    0x0000462d      0xcc1 ./Drivers/STM32F4xx_HAL_Driver/Src/stm32f4xx_hal_cortex.o
 .debug_info    0x000052ee      0x8e6 ./Drivers/STM32F4xx_HAL_Driver/Src/stm32f4xx_hal_dma.o
 .debug_info    0x00005bd4      0x6f9 ./Drivers/STM32F4xx_HAL_Driver/Src/stm32f4xx_hal_gpio.o
 .debug_info    0x000062cd     0x1577 ./Drivers/STM32F4xx_HAL_Driver/Src/stm32f4xx_hal_pcd.o
 .debug_info    0x00007844      0x6ea ./Drivers/STM32F4xx_HAL_Driver/Src/stm32f4xx_hal_pcd_ex.o
 .debug_info    0x00007f2e      0x8f3 ./Drivers/STM32F4xx_HAL_Driver/Src/stm32f4xx_hal_rcc.o
 .debug_info    0x00008821     0x2996 ./Drivers/STM32F4xx_HAL_Driver/Src/stm32f4xx_hal_tim.o
 .debug_info    0x0000b1b7     0x14d4 ./Drivers/STM32F4xx_HAL_Driver/Src/stm32f4xx_hal_tim_ex.o
 .debug_info    0x0000c68b     0x1993 ./Drivers/STM32F4xx_HAL_Driver/Src/stm32f4xx_ll_usb.o
 .debug_info    0x0000e01e     0x12a3 ./Middlewares/ST/STM32_USB_Device_Library/Class/CDC/Src/usbd_cdc.o
 .debug_info    0x0000f2c1      0xe05 ./Middlewares/ST/STM32_USB_Device_Library/Core/Src/usbd_core.o
 .debug_info    0x000100c6      0xade ./Middlewares/ST/STM32_USB_Device_Library/Core/Src/usbd_ctlreq.o
 .debug_info    0x00010ba4      0x755 ./Middlewares/ST/STM32_USB_Device_Library/Core/Src/usbd_ioreq.o
 .debug_info    0x000112f9      0x701 ./USB_DEVICE/App/usb_device.o
 .debug_info    0x000119fa      0x8fa ./USB_DEVICE/App/usbd_cdc_if.o
 .debug_info    0x000122f4      0x458 ./USB_DEVICE/App/usbd_desc.o
 .debug_info    0x0001274c     0x1bff ./USB_DEVICE/Target/usbd_conf.o

.debug_abbrev   0x00000000     0x35a0
 .debug_abbrev  0x00000000      0x31e ./Core/Src/main.o
 .debug_abbrev  0x0000031e      0x24e ./Core/Src/stm32f4xx_hal_msp.o
 .debug_abbrev  0x0000056c      0x1bf ./Core/Src/stm32f4xx_it.o
 .debug_abbrev  0x0000072b      0x11a ./Core/Src/system_stm32f4xx.o
 .debug_abbrev  0x00000845       0x24 ./Core/Startup/startup_stm32f401ccux.o
 .debug_abbrev  0x00000869      0x24b ./Drivers/STM32F4xx_HAL_Driver/Src/stm32f4xx_hal.o
 .debug_abbrev  0x00000ab4      0x20e ./Drivers/STM32F4xx_HAL_Driver/Src/stm32f4xx_hal_adc.o
 .debug_abbrev  0x00000cc2      0x328 ./Drivers/STM32F4xx_HAL_Driver/Src/stm32f4xx_hal_cortex.o
 .debug_abbrev  0x00000fea      0x221 ./Drivers/STM32F4xx_HAL_Driver/Src/stm32f4xx_hal_dma.o
 .debug_abbrev  0x0000120b      0x1d3 ./Drivers/STM32F4xx_HAL_Driver/Src/stm32f4xx_hal_gpio.o
 .debug_abbrev  0x000013de      0x2b6 ./Drivers/STM32F4xx_HAL_Driver/Src/stm32f4xx_hal_pcd.o
 .debug_abbrev  0x00001694      0x1da ./Drivers/STM32F4xx_HAL_Driver/Src/stm32f4xx_hal_pcd_ex.o
 .debug_abbrev  0x0000186e      0x2b5 ./Drivers/STM32F4xx_HAL_Driver/Src/stm32f4xx_hal_rcc.o
 .debug_abbrev  0x00001b23      0x28b ./Drivers/STM32F4xx_HAL_Driver/Src/stm32f4xx_hal_tim.o
 .debug_abbrev  0x00001dae      0x296 ./Drivers/STM32F4xx_HAL_Driver/Src/stm32f4xx_hal_tim_ex.o
 .debug_abbrev  0x00002044      0x2b3 ./Drivers/STM32F4xx_HAL_Driver/Src/stm32f4xx_ll_usb.o
 .debug_abbrev  0x000022f7      0x2d2 ./Middlewares/ST/STM32_USB_Device_Library/Class/CDC/Src/usbd_cdc.o
 .debug_abbrev  0x000025c9      0x27c ./Middlewares/ST/STM32_USB_Device_Library/Core/Src/usbd_core.o
 .debug_abbrev  0x00002845      0x26f ./Middlewares/ST/STM32_USB_Device_Library/Core/Src/usbd_ctlreq.o
 .debug_abbrev  0x00002ab4      0x19a ./Middlewares/ST/STM32_USB_Device_Library/Core/Src/usbd_ioreq.o
 .debug_abbrev  0x00002c4e      0x195 ./USB_DEVICE/App/usb_device.o
 .debug_abbrev  0x00002de3      0x29d ./USB_DEVICE/App/usbd_cdc_if.o
 .debug_abbrev  0x00003080      0x1e1 ./USB_DEVICE/App/usbd_desc.o
 .debug_abbrev  0x00003261      0x33f ./USB_DEVICE/Target/usbd_conf.o

.debug_aranges  0x00000000     0x1258
 .debug_aranges
                0x00000000       0x70 ./Core/Src/main.o
 .debug_aranges
                0x00000070       0x48 ./Core/Src/stm32f4xx_hal_msp.o
 .debug_aranges
                0x000000b8       0x70 ./Core/Src/stm32f4xx_it.o
 .debug_aranges
                0x00000128       0x28 ./Core/Src/system_stm32f4xx.o
 .debug_aranges
                0x00000150       0x28 ./Core/Startup/startup_stm32f401ccux.o
 .debug_aranges
                0x00000178       0xf0 ./Drivers/STM32F4xx_HAL_Driver/Src/stm32f4xx_hal.o
 .debug_aranges
                0x00000268       0xe8 ./Drivers/STM32F4xx_HAL_Driver/Src/stm32f4xx_hal_adc.o
 .debug_aranges
                0x00000350      0x120 ./Drivers/STM32F4xx_HAL_Driver/Src/stm32f4xx_hal_cortex.o
 .debug_aranges
                0x00000470       0x90 ./Drivers/STM32F4xx_HAL_Driver/Src/stm32f4xx_hal_dma.o
 .debug_aranges
                0x00000500       0x58 ./Drivers/STM32F4xx_HAL_Driver/Src/stm32f4xx_hal_gpio.o
 .debug_aranges
                0x00000558      0x148 ./Drivers/STM32F4xx_HAL_Driver/Src/stm32f4xx_hal_pcd.o
 .debug_aranges
                0x000006a0       0x38 ./Drivers/STM32F4xx_HAL_Driver/Src/stm32f4xx_hal_pcd_ex.o
 .debug_aranges
                0x000006d8       0x88 ./Drivers/STM32F4xx_HAL_Driver/Src/stm32f4xx_hal_rcc.o
 .debug_aranges
                0x00000760      0x3d0 ./Drivers/STM32F4xx_HAL_Driver/Src/stm32f4xx_hal_tim.o
 .debug_aranges
                0x00000b30      0x168 ./Drivers/STM32F4xx_HAL_Driver/Src/stm32f4xx_hal_tim_ex.o
 .debug_aranges
                0x00000c98      0x1a0 ./Drivers/STM32F4xx_HAL_Driver/Src/stm32f4xx_ll_usb.o
 .debug_aranges
                0x00000e38       0x90 ./Middlewares/ST/STM32_USB_Device_Library/Class/CDC/Src/usbd_cdc.o
 .debug_aranges
                0x00000ec8       0xd8 ./Middlewares/ST/STM32_USB_Device_Library/Core/Src/usbd_core.o
 .debug_aranges
                0x00000fa0       0x90 ./Middlewares/ST/STM32_USB_Device_Library/Core/Src/usbd_ctlreq.o
 .debug_aranges
                0x00001030       0x50 ./Middlewares/ST/STM32_USB_Device_Library/Core/Src/usbd_ioreq.o
 .debug_aranges
                0x00001080       0x20 ./USB_DEVICE/App/usb_device.o
 .debug_aranges
                0x000010a0       0x48 ./USB_DEVICE/App/usbd_cdc_if.o
 .debug_aranges
                0x000010e8       0x60 ./USB_DEVICE/App/usbd_desc.o
 .debug_aranges
                0x00001148      0x110 ./USB_DEVICE/Target/usbd_conf.o

.debug_rnglists
                0x00000000      0xe02
 .debug_rnglists
                0x00000000       0x55 ./Core/Src/main.o
 .debug_rnglists
                0x00000055       0x35 ./Core/Src/stm32f4xx_hal_msp.o
 .debug_rnglists
                0x0000008a       0x4f ./Core/Src/stm32f4xx_it.o
 .debug_rnglists
                0x000000d9       0x1a ./Core/Src/system_stm32f4xx.o
 .debug_rnglists
                0x000000f3       0x19 ./Core/Startup/startup_stm32f401ccux.o
 .debug_rnglists
                0x0000010c       0xaf ./Drivers/STM32F4xx_HAL_Driver/Src/stm32f4xx_hal.o
 .debug_rnglists
                0x000001bb       0xb5 ./Drivers/STM32F4xx_HAL_Driver/Src/stm32f4xx_hal_adc.o
 .debug_rnglists
                0x00000270       0xd4 ./Drivers/STM32F4xx_HAL_Driver/Src/stm32f4xx_hal_cortex.o
 .debug_rnglists
                0x00000344       0x70 ./Drivers/STM32F4xx_HAL_Driver/Src/stm32f4xx_hal_dma.o
 .debug_rnglists
                0x000003b4       0x3f ./Drivers/STM32F4xx_HAL_Driver/Src/stm32f4xx_hal_gpio.o
 .debug_rnglists
                0x000003f3       0xfa ./Drivers/STM32F4xx_HAL_Driver/Src/stm32f4xx_hal_pcd.o
 .debug_rnglists
                0x000004ed       0x26 ./Drivers/STM32F4xx_HAL_Driver/Src/stm32f4xx_hal_pcd_ex.o
 .debug_rnglists
                0x00000513       0x66 ./Drivers/STM32F4xx_HAL_Driver/Src/stm32f4xx_hal_rcc.o
 .debug_rnglists
                0x00000579      0x31a ./Drivers/STM32F4xx_HAL_Driver/Src/stm32f4xx_hal_tim.o
 .debug_rnglists
                0x00000893      0x125 ./Drivers/STM32F4xx_HAL_Driver/Src/stm32f4xx_hal_tim_ex.o
 .debug_rnglists
                0x000009b8      0x147 ./Drivers/STM32F4xx_HAL_Driver/Src/stm32f4xx_ll_usb.o
 .debug_rnglists
                0x00000aff       0x6c ./Middlewares/ST/STM32_USB_Device_Library/Class/CDC/Src/usbd_cdc.o
 .debug_rnglists
                0x00000b6b       0xa1 ./Middlewares/ST/STM32_USB_Device_Library/Core/Src/usbd_core.o
 .debug_rnglists
                0x00000c0c       0x6e ./Middlewares/ST/STM32_USB_Device_Library/Core/Src/usbd_ctlreq.o
 .debug_rnglists
                0x00000c7a       0x37 ./Middlewares/ST/STM32_USB_Device_Library/Core/Src/usbd_ioreq.o
 .debug_rnglists
                0x00000cb1       0x13 ./USB_DEVICE/App/usb_device.o
 .debug_rnglists
                0x00000cc4       0x32 ./USB_DEVICE/App/usbd_cdc_if.o
 .debug_rnglists
                0x00000cf6       0x43 ./USB_DEVICE/App/usbd_desc.o
 .debug_rnglists
                0x00000d39       0xc9 ./USB_DEVICE/Target/usbd_conf.o

.debug_macro    0x00000000    0x1a014
 .debug_macro   0x00000000      0x384 ./Core/Src/main.o
 .debug_macro   0x00000384      0xab4 ./Core/Src/main.o
 .debug_macro   0x00000e38      0x2a1 ./Core/Src/main.o
 .debug_macro   0x000010d9       0x2e ./Core/Src/main.o
 .debug_macro   0x00001107       0x28 ./Core/Src/main.o
 .debug_macro   0x0000112f       0x22 ./Core/Src/main.o
 .debug_macro   0x00001151       0x8e ./Core/Src/main.o
 .debug_macro   0x000011df       0x51 ./Core/Src/main.o
 .debug_macro   0x00001230      0x103 ./Core/Src/main.o
 .debug_macro   0x00001333       0x6a ./Core/Src/main.o
 .debug_macro   0x0000139d      0x1df ./Core/Src/main.o
 .debug_macro   0x0000157c       0x1c ./Core/Src/main.o
 .debug_macro   0x00001598       0x22 ./Core/Src/main.o
 .debug_macro   0x000015ba       0xfb ./Core/Src/main.o
 .debug_macro   0x000016b5     0x1011 ./Core/Src/main.o
 .debug_macro   0x000026c6      0x11f ./Core/Src/main.o
 .debug_macro   0x000027e5     0xb86c ./Core/Src/main.o
 .debug_macro   0x0000e051       0x6d ./Core/Src/main.o
 .debug_macro   0x0000e0be     0x368c ./Core/Src/main.o
 .debug_macro   0x0001174a      0x189 ./Core/Src/main.o
 .debug_macro   0x000118d3       0x5c ./Core/Src/main.o
 .debug_macro   0x0001192f      0x416 ./Core/Src/main.o
 .debug_macro   0x00011d45      0x9e9 ./Core/Src/main.o
 .debug_macro   0x0001272e      0x115 ./Core/Src/main.o
 .debug_macro   0x00012843       0xf8 ./Core/Src/main.o
 .debug_macro   0x0001293b       0xa5 ./Core/Src/main.o
 .debug_macro   0x000129e0      0x15f ./Core/Src/main.o
 .debug_macro   0x00012b3f      0x287 ./Core/Src/main.o
 .debug_macro   0x00012dc6       0x5f ./Core/Src/main.o
 .debug_macro   0x00012e25      0x236 ./Core/Src/main.o
 .debug_macro   0x0001305b      0x9e1 ./Core/Src/main.o
 .debug_macro   0x00013a3c      0x38b ./Core/Src/main.o
 .debug_macro   0x00013dc7      0x176 ./Core/Src/main.o
 .debug_macro   0x00013f3d       0xf9 ./Core/Src/main.o
 .debug_macro   0x00014036      0x132 ./Core/Src/main.o
 .debug_macro   0x00014168      0x23a ./Core/Src/main.o
 .debug_macro   0x000143a2       0x2e ./Core/Src/main.o
 .debug_macro   0x000143d0      0x127 ./Core/Src/main.o
 .debug_macro   0x000144f7       0x85 ./Core/Src/main.o
 .debug_macro   0x0001457c       0x89 ./Core/Src/main.o
 .debug_macro   0x00014605      0x8ed ./Core/Src/main.o
 .debug_macro   0x00014ef2       0x47 ./Core/Src/main.o
 .debug_macro   0x00014f39      0x293 ./Core/Src/main.o
 .debug_macro   0x000151cc       0xba ./Core/Src/main.o
 .debug_macro   0x00015286      0x126 ./Core/Src/main.o
 .debug_macro   0x000153ac       0x61 ./Core/Src/main.o
 .debug_macro   0x0001540d       0x2a ./Core/Src/main.o
 .debug_macro   0x00015437       0x43 ./Core/Src/main.o
 .debug_macro   0x0001547a       0x34 ./Core/Src/main.o
 .debug_macro   0x000154ae       0x16 ./Core/Src/main.o
 .debug_macro   0x000154c4       0x35 ./Core/Src/main.o
 .debug_macro   0x000154f9      0x369 ./Core/Src/main.o
 .debug_macro   0x00015862       0x10 ./Core/Src/main.o
 .debug_macro   0x00015872       0x16 ./Core/Src/main.o
 .debug_macro   0x00015888       0x43 ./Core/Src/main.o
 .debug_macro   0x000158cb       0x34 ./Core/Src/main.o
 .debug_macro   0x000158ff       0x10 ./Core/Src/main.o
 .debug_macro   0x0001590f       0x58 ./Core/Src/main.o
 .debug_macro   0x00015967       0x8e ./Core/Src/main.o
 .debug_macro   0x000159f5       0x1c ./Core/Src/main.o
 .debug_macro   0x00015a11      0x177 ./Core/Src/main.o
 .debug_macro   0x00015b88       0x16 ./Core/Src/main.o
 .debug_macro   0x00015b9e       0x16 ./Core/Src/main.o
 .debug_macro   0x00015bb4      0x146 ./Core/Src/main.o
 .debug_macro   0x00015cfa       0x16 ./Core/Src/main.o
 .debug_macro   0x00015d10       0x16 ./Core/Src/main.o
 .debug_macro   0x00015d26       0x29 ./Core/Src/main.o
 .debug_macro   0x00015d4f       0x16 ./Core/Src/main.o
 .debug_macro   0x00015d65       0x20 ./Core/Src/main.o
 .debug_macro   0x00015d85       0x65 ./Core/Src/main.o
 .debug_macro   0x00015dea      0x20f ./Core/Src/main.o
 .debug_macro   0x00015ff9      0x21a ./Core/Src/stm32f4xx_hal_msp.o
 .debug_macro   0x00016213      0x224 ./Core/Src/stm32f4xx_it.o
 .debug_macro   0x00016437      0x210 ./Core/Src/system_stm32f4xx.o
 .debug_macro   0x00016647      0x270 ./Drivers/STM32F4xx_HAL_Driver/Src/stm32f4xx_hal.o
 .debug_macro   0x000168b7      0x211 ./Drivers/STM32F4xx_HAL_Driver/Src/stm32f4xx_hal_adc.o
 .debug_macro   0x00016ac8      0x210 ./Drivers/STM32F4xx_HAL_Driver/Src/stm32f4xx_hal_cortex.o
 .debug_macro   0x00016cd8      0x216 ./Drivers/STM32F4xx_HAL_Driver/Src/stm32f4xx_hal_dma.o
 .debug_macro   0x00016eee      0x216 ./Drivers/STM32F4xx_HAL_Driver/Src/stm32f4xx_hal_gpio.o
 .debug_macro   0x00017104      0x21c ./Drivers/STM32F4xx_HAL_Driver/Src/stm32f4xx_hal_pcd.o
 .debug_macro   0x00017320      0x210 ./Drivers/STM32F4xx_HAL_Driver/Src/stm32f4xx_hal_pcd_ex.o
 .debug_macro   0x00017530      0x234 ./Drivers/STM32F4xx_HAL_Driver/Src/stm32f4xx_hal_rcc.o
 .debug_macro   0x00017764      0x211 ./Drivers/STM32F4xx_HAL_Driver/Src/stm32f4xx_hal_tim.o
 .debug_macro   0x00017975      0x210 ./Drivers/STM32F4xx_HAL_Driver/Src/stm32f4xx_hal_tim_ex.o
 .debug_macro   0x00017b85      0x210 ./Drivers/STM32F4xx_HAL_Driver/Src/stm32f4xx_ll_usb.o
 .debug_macro   0x00017d95      0x3a9 ./Middlewares/ST/STM32_USB_Device_Library/Class/CDC/Src/usbd_cdc.o
 .debug_macro   0x0001813e       0x9e ./Middlewares/ST/STM32_USB_Device_Library/Class/CDC/Src/usbd_cdc.o
 .debug_macro   0x000181dc      0x10b ./Middlewares/ST/STM32_USB_Device_Library/Class/CDC/Src/usbd_cdc.o
 .debug_macro   0x000182e7       0x56 ./Middlewares/ST/STM32_USB_Device_Library/Class/CDC/Src/usbd_cdc.o
 .debug_macro   0x0001833d       0x95 ./Middlewares/ST/STM32_USB_Device_Library/Class/CDC/Src/usbd_cdc.o
 .debug_macro   0x000183d2      0x390 ./Middlewares/ST/STM32_USB_Device_Library/Core/Src/usbd_core.o
 .debug_macro   0x00018762      0x215 ./Middlewares/ST/STM32_USB_Device_Library/Core/Src/usbd_core.o
 .debug_macro   0x00018977      0x39a ./Middlewares/ST/STM32_USB_Device_Library/Core/Src/usbd_ctlreq.o
 .debug_macro   0x00018d11      0x396 ./Middlewares/ST/STM32_USB_Device_Library/Core/Src/usbd_ioreq.o
 .debug_macro   0x000190a7      0x3cf ./USB_DEVICE/App/usb_device.o
 .debug_macro   0x00019476       0x22 ./USB_DEVICE/App/usb_device.o
 .debug_macro   0x00019498       0x16 ./USB_DEVICE/App/usb_device.o
 .debug_macro   0x000194ae      0x3b4 ./USB_DEVICE/App/usbd_cdc_if.o
 .debug_macro   0x00019862       0x10 ./USB_DEVICE/App/usbd_cdc_if.o
 .debug_macro   0x00019872      0x3d3 ./USB_DEVICE/App/usbd_desc.o
 .debug_macro   0x00019c45       0x1c ./USB_DEVICE/App/usbd_desc.o
 .debug_macro   0x00019c61      0x3b3 ./USB_DEVICE/Target/usbd_conf.o

.debug_line     0x00000000    0x1742c
 .debug_line    0x00000000      0xcec ./Core/Src/main.o
 .debug_line    0x00000cec      0x93a ./Core/Src/stm32f4xx_hal_msp.o
 .debug_line    0x00001626      0x8b7 ./Core/Src/stm32f4xx_it.o
 .debug_line    0x00001edd      0x849 ./Core/Src/system_stm32f4xx.o
 .debug_line    0x00002726       0x7a ./Core/Startup/startup_stm32f401ccux.o
 .debug_line    0x000027a0      0xab2 ./Drivers/STM32F4xx_HAL_Driver/Src/stm32f4xx_hal.o
 .debug_line    0x00003252     0x126e ./Drivers/STM32F4xx_HAL_Driver/Src/stm32f4xx_hal_adc.o
 .debug_line    0x000044c0      0xd7a ./Drivers/STM32F4xx_HAL_Driver/Src/stm32f4xx_hal_cortex.o
 .debug_line    0x0000523a     0x1022 ./Drivers/STM32F4xx_HAL_Driver/Src/stm32f4xx_hal_dma.o
 .debug_line    0x0000625c      0xc02 ./Drivers/STM32F4xx_HAL_Driver/Src/stm32f4xx_hal_gpio.o
 .debug_line    0x00006e5e     0x1598 ./Drivers/STM32F4xx_HAL_Driver/Src/stm32f4xx_hal_pcd.o
 .debug_line    0x000083f6      0x88f ./Drivers/STM32F4xx_HAL_Driver/Src/stm32f4xx_hal_pcd_ex.o
 .debug_line    0x00008c85      0xe23 ./Drivers/STM32F4xx_HAL_Driver/Src/stm32f4xx_hal_rcc.o
 .debug_line    0x00009aa8     0x3630 ./Drivers/STM32F4xx_HAL_Driver/Src/stm32f4xx_hal_tim.o
 .debug_line    0x0000d0d8     0x1a43 ./Drivers/STM32F4xx_HAL_Driver/Src/stm32f4xx_hal_tim_ex.o
 .debug_line    0x0000eb1b     0x1e25 ./Drivers/STM32F4xx_HAL_Driver/Src/stm32f4xx_ll_usb.o
 .debug_line    0x00010940      0xf4a ./Middlewares/ST/STM32_USB_Device_Library/Class/CDC/Src/usbd_cdc.o
 .debug_line    0x0001188a      0xfc4 ./Middlewares/ST/STM32_USB_Device_Library/Core/Src/usbd_core.o
 .debug_line    0x0001284e     0x119d ./Middlewares/ST/STM32_USB_Device_Library/Core/Src/usbd_ctlreq.o
 .debug_line    0x000139eb      0xade ./Middlewares/ST/STM32_USB_Device_Library/Core/Src/usbd_ioreq.o
 .debug_line    0x000144c9      0xa9a ./USB_DEVICE/App/usb_device.o
 .debug_line    0x00014f63      0xafd ./USB_DEVICE/App/usbd_cdc_if.o
 .debug_line    0x00015a60      0xb53 ./USB_DEVICE/App/usbd_desc.o
 .debug_line    0x000165b3      0xe79 ./USB_DEVICE/Target/usbd_conf.o

.debug_str      0x00000000    0x9ab01
 .debug_str     0x00000000    0x95ede ./Core/Src/main.o
                              0x962e7 (size before relaxing)
 .debug_str     0x00095ede      0x125 ./Core/Src/stm32f4xx_hal_msp.o
                              0x918ef (size before relaxing)
 .debug_str     0x00096003      0x48b ./Core/Src/stm32f4xx_it.o
                              0x91697 (size before relaxing)
 .debug_str     0x0009648e       0xdb ./Core/Src/system_stm32f4xx.o
                              0x9116a (size before relaxing)
 .debug_str     0x00096569       0x44 ./Core/Startup/startup_stm32f401ccux.o
                                 0x91 (size before relaxing)
 .debug_str     0x000965ad      0x60d ./Drivers/STM32F4xx_HAL_Driver/Src/stm32f4xx_hal.o
                              0x91b8c (size before relaxing)
 .debug_str     0x00096bba      0x2a2 ./Drivers/STM32F4xx_HAL_Driver/Src/stm32f4xx_hal_adc.o
                              0x91745 (size before relaxing)
 .debug_str     0x00096e5c      0x347 ./Drivers/STM32F4xx_HAL_Driver/Src/stm32f4xx_hal_cortex.o
                              0x918c4 (size before relaxing)
 .debug_str     0x000971a3      0x2cf ./Drivers/STM32F4xx_HAL_Driver/Src/stm32f4xx_hal_dma.o
                              0x91572 (size before relaxing)
 .debug_str     0x00097472      0x15d ./Drivers/STM32F4xx_HAL_Driver/Src/stm32f4xx_hal_gpio.o
                              0x912e5 (size before relaxing)
 .debug_str     0x000975cf      0x831 ./Drivers/STM32F4xx_HAL_Driver/Src/stm32f4xx_hal_pcd.o
                              0x91c36 (size before relaxing)
 .debug_str     0x00097e00      0x115 ./Drivers/STM32F4xx_HAL_Driver/Src/stm32f4xx_hal_pcd_ex.o
                              0x91526 (size before relaxing)
 .debug_str     0x00097f15      0x21f ./Drivers/STM32F4xx_HAL_Driver/Src/stm32f4xx_hal_rcc.o
                              0x9159e (size before relaxing)
 .debug_str     0x00098134      0xcf4 ./Drivers/STM32F4xx_HAL_Driver/Src/stm32f4xx_hal_tim.o
                              0x924e2 (size before relaxing)
 .debug_str     0x00098e28      0x493 ./Drivers/STM32F4xx_HAL_Driver/Src/stm32f4xx_hal_tim_ex.o
                              0x91cee (size before relaxing)
 .debug_str     0x000992bb      0x4b9 ./Drivers/STM32F4xx_HAL_Driver/Src/stm32f4xx_ll_usb.o
                              0x91b11 (size before relaxing)
 .debug_str     0x00099774      0xa3b ./Middlewares/ST/STM32_USB_Device_Library/Class/CDC/Src/usbd_cdc.o
                              0x96129 (size before relaxing)
 .debug_str     0x0009a1af      0x35c ./Middlewares/ST/STM32_USB_Device_Library/Core/Src/usbd_core.o
                              0x95a82 (size before relaxing)
 .debug_str     0x0009a50b      0x139 ./Middlewares/ST/STM32_USB_Device_Library/Core/Src/usbd_ctlreq.o
                              0x958ad (size before relaxing)
 .debug_str     0x0009a644       0x51 ./Middlewares/ST/STM32_USB_Device_Library/Core/Src/usbd_ioreq.o
                              0x95782 (size before relaxing)
 .debug_str     0x0009a695      0x105 ./USB_DEVICE/App/usb_device.o
                              0x95b35 (size before relaxing)
 .debug_str     0x0009a79a       0x91 ./USB_DEVICE/App/usbd_cdc_if.o
                              0x95b75 (size before relaxing)
 .debug_str     0x0009a82b      0x26e ./USB_DEVICE/App/usbd_desc.o
                              0x95682 (size before relaxing)
 .debug_str     0x0009aa99       0x68 ./USB_DEVICE/Target/usbd_conf.o
                              0x96827 (size before relaxing)

.comment        0x00000000       0x43
 .comment       0x00000000       0x43 ./Core/Src/main.o
                                 0x44 (size before relaxing)
 .comment       0x00000043       0x44 ./Core/Src/stm32f4xx_hal_msp.o
 .comment       0x00000043       0x44 ./Core/Src/stm32f4xx_it.o
 .comment       0x00000043       0x44 ./Core/Src/system_stm32f4xx.o
 .comment       0x00000043       0x44 ./Drivers/STM32F4xx_HAL_Driver/Src/stm32f4xx_hal.o
 .comment       0x00000043       0x44 ./Drivers/STM32F4xx_HAL_Driver/Src/stm32f4xx_hal_adc.o
 .comment       0x00000043       0x44 ./Drivers/STM32F4xx_HAL_Driver/Src/stm32f4xx_hal_cortex.o
 .comment       0x00000043       0x44 ./Drivers/STM32F4xx_HAL_Driver/Src/stm32f4xx_hal_dma.o
 .comment       0x00000043       0x44 ./Drivers/STM32F4xx_HAL_Driver/Src/stm32f4xx_hal_gpio.o
 .comment       0x00000043       0x44 ./Drivers/STM32F4xx_HAL_Driver/Src/stm32f4xx_hal_pcd.o
 .comment       0x00000043       0x44 ./Drivers/STM32F4xx_HAL_Driver/Src/stm32f4xx_hal_pcd_ex.o
 .comment       0x00000043       0x44 ./Drivers/STM32F4xx_HAL_Driver/Src/stm32f4xx_hal_rcc.o
 .comment       0x00000043       0x44 ./Drivers/STM32F4xx_HAL_Driver/Src/stm32f4xx_hal_tim.o
 .comment       0x00000043       0x44 ./Drivers/STM32F4xx_HAL_Driver/Src/stm32f4xx_hal_tim_ex.o
 .comment       0x00000043       0x44 ./Drivers/STM32F4xx_HAL_Driver/Src/stm32f4xx_ll_usb.o
 .comment       0x00000043       0x44 ./Middlewares/ST/STM32_USB_Device_Library/Class/CDC/Src/usbd_cdc.o
 .comment       0x00000043       0x44 ./Middlewares/ST/STM32_USB_Device_Library/Core/Src/usbd_core.o
 .comment       0x00000043       0x44 ./Middlewares/ST/STM32_USB_Device_Library/Core/Src/usbd_ctlreq.o
 .comment       0x00000043       0x44 ./Middlewares/ST/STM32_USB_Device_Library/Core/Src/usbd_ioreq.o
 .comment       0x00000043       0x44 ./USB_DEVICE/App/usb_device.o
 .comment       0x00000043       0x44 ./USB_DEVICE/App/usbd_cdc_if.o
 .comment       0x00000043       0x44 ./USB_DEVICE/App/usbd_desc.o
 .comment       0x00000043       0x44 ./USB_DEVICE/Target/usbd_conf.o

.debug_frame    0x00000000     0x4c90
 .debug_frame   0x00000000      0x18c ./Core/Src/main.o
 .debug_frame   0x0000018c       0xf4 ./Core/Src/stm32f4xx_hal_msp.o
 .debug_frame   0x00000280      0x13c ./Core/Src/stm32f4xx_it.o
 .debug_frame   0x000003bc       0x58 ./Core/Src/system_stm32f4xx.o
 .debug_frame   0x00000414      0x374 ./Drivers/STM32F4xx_HAL_Driver/Src/stm32f4xx_hal.o
 .debug_frame   0x00000788      0x3fc ./Drivers/STM32F4xx_HAL_Driver/Src/stm32f4xx_hal_adc.o
 .debug_frame   0x00000b84      0x4b8 ./Drivers/STM32F4xx_HAL_Driver/Src/stm32f4xx_hal_cortex.o
 .debug_frame   0x0000103c      0x250 ./Drivers/STM32F4xx_HAL_Driver/Src/stm32f4xx_hal_dma.o
 .debug_frame   0x0000128c      0x14c ./Drivers/STM32F4xx_HAL_Driver/Src/stm32f4xx_hal_gpio.o
 .debug_frame   0x000013d8      0x5b8 ./Drivers/STM32F4xx_HAL_Driver/Src/stm32f4xx_hal_pcd.o
 .debug_frame   0x00001990       0xb0 ./Drivers/STM32F4xx_HAL_Driver/Src/stm32f4xx_hal_pcd_ex.o
 .debug_frame   0x00001a40      0x1f4 ./Drivers/STM32F4xx_HAL_Driver/Src/stm32f4xx_hal_rcc.o
 .debug_frame   0x00001c34     0x11b8 ./Drivers/STM32F4xx_HAL_Driver/Src/stm32f4xx_hal_tim.o
 .debug_frame   0x00002dec      0x638 ./Drivers/STM32F4xx_HAL_Driver/Src/stm32f4xx_hal_tim_ex.o
 .debug_frame   0x00003424      0x7c0 ./Drivers/STM32F4xx_HAL_Driver/Src/stm32f4xx_ll_usb.o
 .debug_frame   0x00003be4      0x23c ./Middlewares/ST/STM32_USB_Device_Library/Class/CDC/Src/usbd_cdc.o
 .debug_frame   0x00003e20      0x390 ./Middlewares/ST/STM32_USB_Device_Library/Core/Src/usbd_core.o
 .debug_frame   0x000041b0      0x23c ./Middlewares/ST/STM32_USB_Device_Library/Core/Src/usbd_ctlreq.o
 .debug_frame   0x000043ec      0x10c ./Middlewares/ST/STM32_USB_Device_Library/Core/Src/usbd_ioreq.o
 .debug_frame   0x000044f8       0x2c ./USB_DEVICE/App/usb_device.o
 .debug_frame   0x00004524       0xe4 ./USB_DEVICE/App/usbd_cdc_if.o
 .debug_frame   0x00004608      0x160 ./USB_DEVICE/App/usbd_desc.o
 .debug_frame   0x00004768      0x47c ./USB_DEVICE/Target/usbd_conf.o
 .debug_frame   0x00004be4       0x20 C:/ST/STM32CubeIDE_1.15.0/STM32CubeIDE/plugins/com.st.stm32cube.ide.mcu.externaltools.gnu-tools-for-stm32.12.3.rel1.win32_1.0.100.202403111256/tools/bin/../lib/gcc/arm-none-eabi/12.3.1/../../../../arm-none-eabi/lib/thumb/v7e-m+fp/hard\libc_nano.a(libc_a-memset.o)
 .debug_frame   0x00004c04       0x2c C:/ST/STM32CubeIDE_1.15.0/STM32CubeIDE/plugins/com.st.stm32cube.ide.mcu.externaltools.gnu-tools-for-stm32.12.3.rel1.win32_1.0.100.202403111256/tools/bin/../lib/gcc/arm-none-eabi/12.3.1/../../../../arm-none-eabi/lib/thumb/v7e-m+fp/hard\libc_nano.a(libc_a-init.o)
 .debug_frame   0x00004c30       0x2c C:/ST/STM32CubeIDE_1.15.0/STM32CubeIDE/plugins/com.st.stm32cube.ide.mcu.externaltools.gnu-tools-for-stm32.12.3.rel1.win32_1.0.100.202403111256/tools/bin/../lib/gcc/arm-none-eabi/12.3.1/thumb/v7e-m+fp/hard\libgcc.a(_aeabi_uldivmod.o)
 .debug_frame   0x00004c5c       0x34 C:/ST/STM32CubeIDE_1.15.0/STM32CubeIDE/plugins/com.st.stm32cube.ide.mcu.externaltools.gnu-tools-for-stm32.12.3.rel1.win32_1.0.100.202403111256/tools/bin/../lib/gcc/arm-none-eabi/12.3.1/thumb/v7e-m+fp/hard\libgcc.a(_udivmoddi4.o)

.debug_line_str
                0x00000000       0x75
 .debug_line_str
                0x00000000       0x75 ./Core/Startup/startup_stm32f401ccux.o