../Core/Src/main.c:115:5:main	8	static
../Core/Src/main.c:184:6:SystemClock_Config	88	static
../Core/Src/main.c:230:13:MX_ADC1_Init	24	static
../Core/Src/main.c:282:13:MX_TIM2_Init	64	static
../Core/Src/main.c:341:13:MX_TIM3_Init	64	static
../Core/Src/main.c:400:13:MX_TIM4_Init	64	static
../Core/Src/main.c:458:13:MX_TIM5_Init	80	static
../Core/Src/main.c:522:13:MX_DMA_Init	16	static
../Core/Src/main.c:540:13:MX_GPIO_Init	16	static
../Core/Src/main.c:554:6:HAL_ADC_ConvCpltCallback	16	static
../Core/Src/main.c:573:6:CDCReceiveCallback	56	static
../Core/Src/main.c:632:6:CalculateAndSetIntegrationTime	24	static
../Core/Src/main.c:644:6:InitializeHeaderFooter	96	static
../Core/Src/main.c:659:6:encodeData	16	static
../Core/Src/main.c:668:6:Configure_SH_Signal	48	static
../Core/Src/main.c:699:6:Configure_ICG_Signal	48	static
../Core/Src/main.c:730:6:Configure_MasterClock_Signal	48	static
../Core/Src/main.c:809:6:Error_Handler	4	static,ignoring_inline_asm
