../Core/Src/main.c:112:5:main	8	static
../Core/Src/main.c:181:6:SystemClock_Config	88	static
../Core/Src/main.c:227:13:MX_ADC1_Init	24	static
../Core/Src/main.c:279:13:MX_TIM2_Init	64	static
../Core/Src/main.c:338:13:MX_TIM3_Init	64	static
../Core/Src/main.c:397:13:MX_TIM4_Init	64	static
../Core/Src/main.c:455:13:MX_TIM5_Init	80	static
../Core/Src/main.c:519:13:MX_DMA_Init	16	static
../Core/Src/main.c:537:13:MX_GPIO_Init	16	static
../Core/Src/main.c:551:6:HAL_ADC_ConvCpltCallback	16	static
../Core/Src/main.c:563:6:CDCReceiveCallback	56	static
../Core/Src/main.c:603:6:CalculateAndSetIntegrationTime	24	static
../Core/Src/main.c:615:6:InitializeHeaderFooter	96	static
../Core/Src/main.c:630:6:encodeData	16	static
../Core/Src/main.c:639:6:Configure_SH_Signal	48	static
../Core/Src/main.c:670:6:Configure_ICG_Signal	48	static
../Core/Src/main.c:701:6:Configure_MasterClock_Signal	48	static
../Core/Src/main.c:780:6:Error_Handler	4	static,ignoring_inline_asm
