Archive member included to satisfy reference by file (symbol)

C:/ST/STM32CubeIDE_1.15.0/STM32CubeIDE/plugins/com.st.stm32cube.ide.mcu.externaltools.gnu-tools-for-stm32.12.3.rel1.win32_1.0.100.202403111256/tools/bin/../lib/gcc/arm-none-eabi/12.3.1/../../../../arm-none-eabi/lib/thumb/v7e-m+fp/hard\libc_nano.a(libc_a-exit.o)
                              C:/ST/STM32CubeIDE_1.15.0/STM32CubeIDE/plugins/com.st.stm32cube.ide.mcu.externaltools.gnu-tools-for-stm32.12.3.rel1.win32_1.0.100.202403111256/tools/bin/../lib/gcc/arm-none-eabi/12.3.1/../../../../arm-none-eabi/lib/thumb/v7e-m+fp/hard/crt0.o (exit)
C:/ST/STM32CubeIDE_1.15.0/STM32CubeIDE/plugins/com.st.stm32cube.ide.mcu.externaltools.gnu-tools-for-stm32.12.3.rel1.win32_1.0.100.202403111256/tools/bin/../lib/gcc/arm-none-eabi/12.3.1/../../../../arm-none-eabi/lib/thumb/v7e-m+fp/hard\libc_nano.a(libc_a-findfp.o)
                              C:/ST/STM32CubeIDE_1.15.0/STM32CubeIDE/plugins/com.st.stm32cube.ide.mcu.externaltools.gnu-tools-for-stm32.12.3.rel1.win32_1.0.100.202403111256/tools/bin/../lib/gcc/arm-none-eabi/12.3.1/../../../../arm-none-eabi/lib/thumb/v7e-m+fp/hard\libc_nano.a(libc_a-exit.o) (__stdio_exit_handler)
C:/ST/STM32CubeIDE_1.15.0/STM32CubeIDE/plugins/com.st.stm32cube.ide.mcu.externaltools.gnu-tools-for-stm32.12.3.rel1.win32_1.0.100.202403111256/tools/bin/../lib/gcc/arm-none-eabi/12.3.1/../../../../arm-none-eabi/lib/thumb/v7e-m+fp/hard\libc_nano.a(libc_a-fwalk.o)
                              C:/ST/STM32CubeIDE_1.15.0/STM32CubeIDE/plugins/com.st.stm32cube.ide.mcu.externaltools.gnu-tools-for-stm32.12.3.rel1.win32_1.0.100.202403111256/tools/bin/../lib/gcc/arm-none-eabi/12.3.1/../../../../arm-none-eabi/lib/thumb/v7e-m+fp/hard\libc_nano.a(libc_a-findfp.o) (_fwalk_sglue)
C:/ST/STM32CubeIDE_1.15.0/STM32CubeIDE/plugins/com.st.stm32cube.ide.mcu.externaltools.gnu-tools-for-stm32.12.3.rel1.win32_1.0.100.202403111256/tools/bin/../lib/gcc/arm-none-eabi/12.3.1/../../../../arm-none-eabi/lib/thumb/v7e-m+fp/hard\libc_nano.a(libc_a-stdio.o)
                              C:/ST/STM32CubeIDE_1.15.0/STM32CubeIDE/plugins/com.st.stm32cube.ide.mcu.externaltools.gnu-tools-for-stm32.12.3.rel1.win32_1.0.100.202403111256/tools/bin/../lib/gcc/arm-none-eabi/12.3.1/../../../../arm-none-eabi/lib/thumb/v7e-m+fp/hard\libc_nano.a(libc_a-findfp.o) (__sread)
C:/ST/STM32CubeIDE_1.15.0/STM32CubeIDE/plugins/com.st.stm32cube.ide.mcu.externaltools.gnu-tools-for-stm32.12.3.rel1.win32_1.0.100.202403111256/tools/bin/../lib/gcc/arm-none-eabi/12.3.1/../../../../arm-none-eabi/lib/thumb/v7e-m+fp/hard\libc_nano.a(libc_a-memset.o)
                              C:/ST/STM32CubeIDE_1.15.0/STM32CubeIDE/plugins/com.st.stm32cube.ide.mcu.externaltools.gnu-tools-for-stm32.12.3.rel1.win32_1.0.100.202403111256/tools/bin/../lib/gcc/arm-none-eabi/12.3.1/../../../../arm-none-eabi/lib/thumb/v7e-m+fp/hard/crt0.o (memset)
C:/ST/STM32CubeIDE_1.15.0/STM32CubeIDE/plugins/com.st.stm32cube.ide.mcu.externaltools.gnu-tools-for-stm32.12.3.rel1.win32_1.0.100.202403111256/tools/bin/../lib/gcc/arm-none-eabi/12.3.1/../../../../arm-none-eabi/lib/thumb/v7e-m+fp/hard\libc_nano.a(libc_a-closer.o)
                              C:/ST/STM32CubeIDE_1.15.0/STM32CubeIDE/plugins/com.st.stm32cube.ide.mcu.externaltools.gnu-tools-for-stm32.12.3.rel1.win32_1.0.100.202403111256/tools/bin/../lib/gcc/arm-none-eabi/12.3.1/../../../../arm-none-eabi/lib/thumb/v7e-m+fp/hard\libc_nano.a(libc_a-stdio.o) (_close_r)
C:/ST/STM32CubeIDE_1.15.0/STM32CubeIDE/plugins/com.st.stm32cube.ide.mcu.externaltools.gnu-tools-for-stm32.12.3.rel1.win32_1.0.100.202403111256/tools/bin/../lib/gcc/arm-none-eabi/12.3.1/../../../../arm-none-eabi/lib/thumb/v7e-m+fp/hard\libc_nano.a(libc_a-reent.o)
                              C:/ST/STM32CubeIDE_1.15.0/STM32CubeIDE/plugins/com.st.stm32cube.ide.mcu.externaltools.gnu-tools-for-stm32.12.3.rel1.win32_1.0.100.202403111256/tools/bin/../lib/gcc/arm-none-eabi/12.3.1/../../../../arm-none-eabi/lib/thumb/v7e-m+fp/hard\libc_nano.a(libc_a-closer.o) (errno)
C:/ST/STM32CubeIDE_1.15.0/STM32CubeIDE/plugins/com.st.stm32cube.ide.mcu.externaltools.gnu-tools-for-stm32.12.3.rel1.win32_1.0.100.202403111256/tools/bin/../lib/gcc/arm-none-eabi/12.3.1/../../../../arm-none-eabi/lib/thumb/v7e-m+fp/hard\libc_nano.a(libc_a-impure.o)
                              C:/ST/STM32CubeIDE_1.15.0/STM32CubeIDE/plugins/com.st.stm32cube.ide.mcu.externaltools.gnu-tools-for-stm32.12.3.rel1.win32_1.0.100.202403111256/tools/bin/../lib/gcc/arm-none-eabi/12.3.1/../../../../arm-none-eabi/lib/thumb/v7e-m+fp/hard\libc_nano.a(libc_a-reent.o) (_impure_ptr)
C:/ST/STM32CubeIDE_1.15.0/STM32CubeIDE/plugins/com.st.stm32cube.ide.mcu.externaltools.gnu-tools-for-stm32.12.3.rel1.win32_1.0.100.202403111256/tools/bin/../lib/gcc/arm-none-eabi/12.3.1/../../../../arm-none-eabi/lib/thumb/v7e-m+fp/hard\libc_nano.a(libc_a-lseekr.o)
[...]
Memory Configuration

Name             Origin             Length             Attributes
RAM              0x20000000         0x00010000         xrw
FLASH            0x08000000         0x00040000         xr
*default*        0x00000000         0xffffffff

Linker script and memory map

LOAD C:/ST/STM32CubeIDE_1.15.0/STM32CubeIDE/plugins/com.st.stm32cube.ide.mcu.externaltools.gnu-tools-for-stm32.12.3.rel1.win32_1.0.100.202403111256/tools/bin/../lib/gcc/arm-none-eabi/12.3.1/thumb/v7e-m+fp/hard/crti.o
LOAD C:/ST/STM32CubeIDE_1.15.0/STM32CubeIDE/plugins/com.st.stm32cube.ide.mcu.externaltools.gnu-tools-for-stm32.12.3.rel1.win32_1.0.100.202403111256/tools/bin/../lib/gcc/arm-none-eabi/12.3.1/thumb/v7e-m+fp/hard/crtbegin.o
LOAD C:/ST/STM32CubeIDE_1.15.0/STM32CubeIDE/plugins/com.st.stm32cube.ide.mcu.externaltools.gnu-tools-for-stm32.12.3.rel1.win32_1.0.100.202403111256/tools/bin/../lib/gcc/arm-none-eabi/12.3.1/../../../../arm-none-eabi/lib/thumb/v7e-m+fp/hard/crt0.o
LOAD ./Core/Src/main.o
LOAD ./Core/Src/stm32f4xx_hal_msp.o
LOAD ./Core/Src/stm32f4xx_it.o
LOAD ./Core/Src/syscalls.o
LOAD ./Core/Src/sysmem.o
LOAD ./Core/Src/system_stm32f4xx.o
LOAD ./Core/Startup/startup_stm32f401ccux.o
LOAD ./Drivers/STM32F4xx_HAL_Driver/Src/stm32f4xx_hal.o
LOAD ./Drivers/STM32F4xx_HAL_Driver/Src/stm32f4xx_hal_cortex.o
LOAD ./Drivers/STM32F4xx_HAL_Driver/Src/stm32f4xx_hal_dma.o
LOAD ./Drivers/STM32F4xx_HAL_Driver/Src/stm32f4xx_hal_dma_ex.o
LOAD ./Drivers/STM32F4xx_HAL_Driver/Src/stm32f4xx_hal_exti.o
LOAD ./Drivers/STM32F4xx_HAL_Driver/Src/stm32f4xx_hal_flash.o
LOAD ./Drivers/STM32F4xx_HAL_Driver/Src/stm32f4xx_hal_flash_ex.o
LOAD ./Drivers/STM32F4xx_HAL_Driver/Src/stm32f4xx_hal_flash_ramfunc.o
LOAD ./Drivers/STM32F4xx_HAL_Driver/Src/stm32f4xx_hal_gpio.o
LOAD ./Drivers/STM32F4xx_HAL_Driver/Src/stm32f4xx_hal_pcd.o
LOAD ./Drivers/STM32F4xx_HAL_Driver/Src/stm32f4xx_hal_pcd_ex.o
LOAD ./Drivers/STM32F4xx_HAL_Driver/Src/stm32f4xx_hal_pwr.o
LOAD ./Drivers/STM32F4xx_HAL_Driver/Src/stm32f4xx_hal_pwr_ex.o
LOAD ./Drivers/STM32F4xx_HAL_Driver/Src/stm32f4xx_hal_rcc.o
LOAD ./Drivers/STM32F4xx_HAL_Driver/Src/stm32f4xx_hal_rcc_ex.o
LOAD ./Drivers/STM32F4xx_HAL_Driver/Src/stm32f4xx_hal_tim.o
LOAD ./Drivers/STM32F4xx_HAL_Driver/Src/stm32f4xx_hal_tim_ex.o
LOAD ./Drivers/STM32F4xx_HAL_Driver/Src/stm32f4xx_ll_usb.o
LOAD ./Middlewares/ST/STM32_USB_Device_Library/Class/CDC/Src/usbd_cdc.o
LOAD ./Middlewares/ST/STM32_USB_Device_Library/Core/Src/usbd_core.o
LOAD ./Middlewares/ST/STM32_USB_Device_Library/Core/Src/usbd_ctlreq.o
LOAD ./Middlewares/ST/STM32_USB_Device_Library/Core/Src/usbd_ioreq.o
LOAD ./USB_DEVICE/App/usb_device.o
LOAD ./USB_DEVICE/App/usbd_cdc_if.o
LOAD ./USB_DEVICE/App/usbd_desc.o
LOAD ./USB_DEVICE/Target/usbd_conf.o
START GROUP
LOAD C:/ST/STM32CubeIDE_1.15.0/STM32CubeIDE/plugins/com.st.stm32cube.ide.mcu.externaltools.gnu-tools-for-stm32.12.3.rel1.win32_1.0.100.202403111256/tools/bin/../lib/gcc/arm-none-eabi/12.3.1/../../../../arm-none-eabi/lib/thumb/v7e-m+fp/hard\libc_nano.a
LOAD C:/ST/STM32CubeIDE_1.15.0/STM32CubeIDE/plugins/com.st.stm32cube.ide.mcu.externaltools.gnu-tools-for-stm32.12.3.rel1.win32_1.0.100.202403111256/tools/bin/../lib/gcc/arm-none-eabi/12.3.1/../../../../arm-none-eabi/lib/thumb/v7e-m+fp/hard\libm.a
END GROUP
START GROUP
LOAD C:/ST/STM32CubeIDE_1.15.0/STM32CubeIDE/plugins/com.st.stm32cube.ide.mcu.externaltools.gnu-tools-for-stm32.12.3.rel1.win32_1.0.100.202403111256/tools/bin/../lib/gcc/arm-none-eabi/12.3.1/thumb/v7e-m+fp/hard\libgcc.a
LOAD C:/ST/STM32CubeIDE_1.15.0/STM32CubeIDE/plugins/com.st.stm32cube.ide.mcu.externaltools.gnu-tools-for-stm32.12.3.rel1.win32_1.0.100.202403111256/tools/bin/../lib/gcc/arm-none-eabi/12.3.1/../../../../arm-none-eabi/lib/thumb/v7e-m+fp/hard\libc_nano.a
END GROUP
START GROUP
LOAD C:/ST/STM32CubeIDE_1.15.0/STM32CubeIDE/plugins/com.st.stm32cube.ide.mcu.externaltools.gnu-tools-for-stm32.12.3.rel1.win32_1.0.100.202403111256/tools/bin/../lib/gcc/arm-none-eabi/12.3.1/thumb/v7e-m+fp/hard\libgcc.a
LOAD C:/ST/STM32CubeIDE_1.15.0/STM32CubeIDE/plugins/com.st.stm32cube.ide.mcu.externaltools.gnu-tools-for-stm32.12.3.rel1.win32_1.0.100.202403111256/tools/bin/../lib/gcc/arm-none-eabi/12.3.1/../../../../arm-none-eabi/lib/thumb/v7e-m+fp/hard\libc_nano.a
LOAD C:/ST/STM32CubeIDE_1.15.0/STM32CubeIDE/plugins/com.st.stm32cube.ide.mcu.externaltools.gnu-tools-for-stm32.12.3.rel1.win32_1.0.100.202403111256/tools/bin/../lib/gcc/arm-none-eabi/12.3.1/../../../../arm-none-eabi/lib/thumb/v7e-m+fp/hard\libnosys.a
END GROUP
START GROUP
LOAD C:/ST/STM32CubeIDE_1.15.0/STM32CubeIDE/plugins/com.st.stm32cube.ide.mcu.externaltools.gnu-tools-for-stm32.12.3.rel1.win32_1.0.100.202403111256/tools/bin/../lib/gcc/arm-none-eabi/12.3.1/thumb/v7e-m+fp/hard\libgcc.a
LOAD C:/ST/STM32CubeIDE_1.15.0/STM32CubeIDE/plugins/com.st.stm32cube.ide.mcu.externaltools.gnu-tools-for-stm32.12.3.rel1.win32_1.0.100.202403111256/tools/bin/../lib/gcc/arm-none-eabi/12.3.1/../../../../arm-none-eabi/lib/thumb/v7e-m+fp/hard\libc_nano.a
LOAD C:/ST/STM32CubeIDE_1.15.0/STM32CubeIDE/plugins/com.st.stm32cube.ide.mcu.externaltools.gnu-tools-for-stm32.12.3.rel1.win32_1.0.100.202403111256/tools/bin/../lib/gcc/arm-none-eabi/12.3.1/../../../../arm-none-eabi/lib/thumb/v7e-m+fp/hard\libnosys.a
END GROUP
LOAD C:/ST/STM32CubeIDE_1.15.0/STM32CubeIDE/plugins/com.st.stm32cube.ide.mcu.externaltools.gnu-tools-for-stm32.12.3.rel1.win32_1.0.100.202403111256/tools/bin/../lib/gcc/arm-none-eabi/12.3.1/thumb/v7e-m+fp/hard/crtend.o
LOAD C:/ST/STM32CubeIDE_1.15.0/STM32CubeIDE/plugins/com.st.stm32cube.ide.mcu.externaltools.gnu-tools-for-stm32.12.3.rel1.win32_1.0.100.202403111256/tools/bin/../lib/gcc/arm-none-eabi/12.3.1/thumb/v7e-m+fp/hard/crtn.o
                0x20010000                        _estack = (ORIGIN (RAM) + LENGTH (RAM))
                0x00000200                        _Min_Heap_Size = 0x200
                0x00000400                        _Min_Stack_Size = 0x400

.isr_vector     0x08000000      0x194
                0x08000000                        . = ALIGN (0x4)
 *(.isr_vector)
 .isr_vector    0x08000000      0x194 ./Core/Startup/startup_stm32f401ccux.o
                0x08000000                g_pfnVectors
                0x08000194                        . = ALIGN (0x4)

.text           0x08000194     0x80c8
                0x08000194                        . = ALIGN (0x4)
 *(.text)
 .text          0x08000194       0x40 C:/ST/STM32CubeIDE_1.15.0/STM32CubeIDE/plugins/com.st.stm32cube.ide.mcu.externaltools.gnu-tools-for-stm32.12.3.rel1.win32_1.0.100.202403111256/tools/bin/../lib/gcc/arm-none-eabi/12.3.1/thumb/v7e-m+fp/hard/crtbegin.o
 .text          0x080001d4       0x30 C:/ST/STM32CubeIDE_1.15.0/STM32CubeIDE/plugins/com.st.stm32cube.ide.mcu.externaltools.gnu-tools-for-stm32.12.3.rel1.win32_1.0.100.202403111256/tools/bin/../lib/gcc/arm-none-eabi/12.3.1/thumb/v7e-m+fp/hard\libgcc.a(_aeabi_uldivmod.o)
                0x080001d4                __aeabi_uldivmod
 .text          0x08000204      0x2bc C:/ST/STM32CubeIDE_1.15.0/STM32CubeIDE/plugins/com.st.stm32cube.ide.mcu.externaltools.gnu-tools-for-stm32.12.3.rel1.win32_1.0.100.202403111256/tools/bin/../lib/gcc/arm-none-eabi/12.3.1/thumb/v7e-m+fp/hard\libgcc.a(_udivmoddi4.o)
                0x08000204                __udivmoddi4
 .text          0x080004c0        0x4 C:/ST/STM32CubeIDE_1.15.0/STM32CubeIDE/plugins/com.st.stm32cube.ide.mcu.externaltools.gnu-tools-for-stm32.12.3.rel1.win32_1.0.100.202403111256/tools/bin/../lib/gcc/arm-none-eabi/12.3.1/thumb/v7e-m+fp/hard\libgcc.a(_dvmd_tls.o)
                0x080004c0                __aeabi_idiv0
                0x080004c0                __aeabi_ldiv0
 *(.text*)
 .text.main     0x080004c4       0x60 ./Core/Src/main.o
                0x080004c4                main
 .text.SystemClock_Config
                0x08000524       0xd8 ./Core/Src/main.o
                0x08000524                SystemClock_Config
 .text.MX_TIM2_Init
                0x080005fc       0xf0 ./Core/Src/main.o
 .text.MX_TIM3_Init
                0x080006ec      0x100 ./Core/Src/main.o
 .text.MX_TIM4_Init
                0x080007ec       0xec ./Core/Src/main.o
 .text.MX_TIM5_Init
                0x080008d8      0x11c ./Core/Src/main.o
 .text.MX_GPIO_Init
                0x080009f4       0x6c ./Core/Src/main.o
 .text.HAL_TIM_PeriodElapsedCallback
                0x08000a60       0x34 ./Core/Src/main.o
                0x08000a60                HAL_TIM_PeriodElapsedCallback
 .text.Error_Handler
                0x08000a94        0xc ./Core/Src/main.o
                0x08000a94                Error_Handler
 .text.HAL_MspInit
                0x08000aa0       0x50 ./Core/Src/stm32f4xx_hal_msp.o
                0x08000aa0                HAL_MspInit
 .text.HAL_TIM_Base_MspInit
                0x08000af0       0xe0 ./Core/Src/stm32f4xx_hal_msp.o
                0x08000af0                HAL_TIM_Base_MspInit
 .text.HAL_TIM_MspPostInit
                0x08000bd0      0x158 ./Core/Src/stm32f4xx_hal_msp.o
                0x08000bd0                HAL_TIM_MspPostInit
 .text.NMI_Handler
                0x08000d28        0x8 ./Core/Src/stm32f4xx_it.o
                0x08000d28                NMI_Handler
 .text.HardFault_Handler
                0x08000d30        0x8 ./Core/Src/stm32f4xx_it.o
                0x08000d30                HardFault_Handler
 .text.MemManage_Handler
                0x08000d38        0x8 ./Core/Src/stm32f4xx_it.o
                0x08000d38                MemManage_Handler
 .text.BusFault_Handler
                0x08000d40        0x8 ./Core/Src/stm32f4xx_it.o
                0x08000d40                BusFault_Handler
 .text.UsageFault_Handler
                0x08000d48        0x8 ./Core/Src/stm32f4xx_it.o
                0x08000d48                UsageFault_Handler
 .text.SVC_Handler
                0x08000d50        0xe ./Core/Src/stm32f4xx_it.o
                0x08000d50                SVC_Handler
 .text.DebugMon_Handler
                0x08000d5e        0xe ./Core/Src/stm32f4xx_it.o
                0x08000d5e                DebugMon_Handler
 .text.PendSV_Handler
                0x08000d6c        0xe ./Core/Src/stm32f4xx_it.o
                0x08000d6c                PendSV_Handler
 .text.SysTick_Handler
                0x08000d7a        0xc ./Core/Src/stm32f4xx_it.o
                0x08000d7a                SysTick_Handler
 *fill*         0x08000d86        0x2 
 .text.TIM2_IRQHandler
                0x08000d88       0x14 ./Core/Src/stm32f4xx_it.o
                0x08000d88                TIM2_IRQHandler
 .text.TIM3_IRQHandler
                0x08000d9c       0x14 ./Core/Src/stm32f4xx_it.o
                0x08000d9c                TIM3_IRQHandler
 .text.OTG_FS_IRQHandler
                0x08000db0       0x14 ./Core/Src/stm32f4xx_it.o
                0x08000db0                OTG_FS_IRQHandler
 .text.SystemInit
                0x08000dc4       0x24 ./Core/Src/system_stm32f4xx.o
                0x08000dc4                SystemInit
 .text.Reset_Handler
                0x08000de8       0x50 ./Core/Startup/startup_stm32f401ccux.o
                0x08000de8                Reset_Handler
 .text.Default_Handler
                0x08000e38        0x2 ./Core/Startup/startup_stm32f401ccux.o
                0x08000e38                RTC_Alarm_IRQHandler
                0x08000e38                EXTI2_IRQHandler
                0x08000e38                SPI4_IRQHandler
                0x08000e38                TIM1_CC_IRQHandler
                0x08000e38                DMA2_Stream5_IRQHandler
                0x08000e38                DMA1_Stream5_IRQHandler
                0x08000e38                PVD_IRQHandler
                0x08000e38                SDIO_IRQHandler
                0x08000e38                TAMP_STAMP_IRQHandler
                0x08000e38                EXTI3_IRQHandler
                0x08000e38                TIM1_UP_TIM10_IRQHandler
                0x08000e38                I2C3_ER_IRQHandler
                0x08000e38                EXTI0_IRQHandler
                0x08000e38                I2C2_EV_IRQHandler
                0x08000e38                DMA1_Stream2_IRQHandler
                0x08000e38                FPU_IRQHandler
                0x08000e38                DMA2_Stream2_IRQHandler
                0x08000e38                SPI1_IRQHandler
                0x08000e38                TIM1_BRK_TIM9_IRQHandler
                0x08000e38                DMA2_Stream3_IRQHandler
                0x08000e38                USART6_IRQHandler
                0x08000e38                DMA2_Stream0_IRQHandler
                0x08000e38                TIM4_IRQHandler
                0x08000e38                I2C1_EV_IRQHandler
                0x08000e38                DMA1_Stream6_IRQHandler
                0x08000e38                DMA1_Stream1_IRQHandler
                0x08000e38                RCC_IRQHandler
                0x08000e38                Default_Handler
                0x08000e38                EXTI15_10_IRQHandler
                0x08000e38                ADC_IRQHandler
                0x08000e38                DMA1_Stream7_IRQHandler
                0x08000e38                TIM5_IRQHandler
                0x08000e38                DMA2_Stream7_IRQHandler
                0x08000e38                I2C3_EV_IRQHandler
                0x08000e38                EXTI9_5_IRQHandler
                0x08000e38                RTC_WKUP_IRQHandler
                0x08000e38                SPI2_IRQHandler
                0x08000e38                DMA1_Stream0_IRQHandler
                0x08000e38                EXTI4_IRQHandler
                0x08000e38                WWDG_IRQHandler
                0x08000e38                OTG_FS_WKUP_IRQHandler
                0x08000e38                TIM1_TRG_COM_TIM11_IRQHandler
                0x08000e38                EXTI1_IRQHandler
                0x08000e38                USART2_IRQHandler
                0x08000e38                I2C2_ER_IRQHandler
                0x08000e38                DMA2_Stream1_IRQHandler
                0x08000e38                FLASH_IRQHandler
                0x08000e38                DMA2_Stream4_IRQHandler
                0x08000e38                USART1_IRQHandler
                0x08000e38                SPI3_IRQHandler
                0x08000e38                DMA1_Stream4_IRQHandler
                0x08000e38                I2C1_ER_IRQHandler
                0x08000e38                DMA2_Stream6_IRQHandler
                0x08000e38                DMA1_Stream3_IRQHandler
 *fill*         0x08000e3a        0x2 
 .text.HAL_Init
                0x08000e3c       0x44 ./Drivers/STM32F4xx_HAL_Driver/Src/stm32f4xx_hal.o
                0x08000e3c                HAL_Init
 .text.HAL_InitTick
                0x08000e80       0x60 ./Drivers/STM32F4xx_HAL_Driver/Src/stm32f4xx_hal.o
                0x08000e80                HAL_InitTick
 .text.HAL_IncTick
                0x08000ee0       0x28 ./Drivers/STM32F4xx_HAL_Driver/Src/stm32f4xx_hal.o
                0x08000ee0                HAL_IncTick
 .text.HAL_GetTick
                0x08000f08       0x18 ./Drivers/STM32F4xx_HAL_Driver/Src/stm32f4xx_hal.o
                0x08000f08                HAL_GetTick
 .text.HAL_Delay
                0x08000f20       0x48 ./Drivers/STM32F4xx_HAL_Driver/Src/stm32f4xx_hal.o
                0x08000f20                HAL_Delay
 .text.__NVIC_SetPriorityGrouping
                0x08000f68       0x48 ./Drivers/STM32F4xx_HAL_Driver/Src/stm32f4xx_hal_cortex.o
 .text.__NVIC_GetPriorityGrouping
                0x08000fb0       0x1c ./Drivers/STM32F4xx_HAL_Driver/Src/stm32f4xx_hal_cortex.o
 .text.__NVIC_EnableIRQ
                0x08000fcc       0x3c ./Drivers/STM32F4xx_HAL_Driver/Src/stm32f4xx_hal_cortex.o
 .text.__NVIC_SetPriority
                0x08001008       0x54 ./Drivers/STM32F4xx_HAL_Driver/Src/stm32f4xx_hal_cortex.o
 .text.NVIC_EncodePriority
                0x0800105c       0x66 ./Drivers/STM32F4xx_HAL_Driver/Src/stm32f4xx_hal_cortex.o
 *fill*         0x080010c2        0x2 
 .text.SysTick_Config
                0x080010c4       0x44 ./Drivers/STM32F4xx_HAL_Driver/Src/stm32f4xx_hal_cortex.o
 .text.HAL_NVIC_SetPriorityGrouping
                0x08001108       0x16 ./Drivers/STM32F4xx_HAL_Driver/Src/stm32f4xx_hal_cortex.o
                0x08001108                HAL_NVIC_SetPriorityGrouping
 .text.HAL_NVIC_SetPriority
                0x0800111e       0x38 ./Drivers/STM32F4xx_HAL_Driver/Src/stm32f4xx_hal_cortex.o
                0x0800111e                HAL_NVIC_SetPriority
 .text.HAL_NVIC_EnableIRQ
                0x08001156       0x1c ./Drivers/STM32F4xx_HAL_Driver/Src/stm32f4xx_hal_cortex.o
                0x08001156                HAL_NVIC_EnableIRQ
 .text.HAL_SYSTICK_Config
                0x08001172       0x18 ./Drivers/STM32F4xx_HAL_Driver/Src/stm32f4xx_hal_cortex.o
                0x08001172                HAL_SYSTICK_Config
 *fill*         0x0800118a        0x2 
 .text.HAL_GPIO_Init
                0x0800118c      0x308 ./Drivers/STM32F4xx_HAL_Driver/Src/stm32f4xx_hal_gpio.o
                0x0800118c                HAL_GPIO_Init
 .text.HAL_PCD_Init
                0x08001494      0x21e ./Drivers/STM32F4xx_HAL_Driver/Src/stm32f4xx_hal_pcd.o
                0x08001494                HAL_PCD_Init
 .text.HAL_PCD_Start
                0x080016b2       0x6a ./Drivers/STM32F4xx_HAL_Driver/Src/stm32f4xx_hal_pcd.o
                0x080016b2                HAL_PCD_Start
 .text.HAL_PCD_IRQHandler
                0x0800171c      0x942 ./Drivers/STM32F4xx_HAL_Driver/Src/stm32f4xx_hal_pcd.o
                0x0800171c                HAL_PCD_IRQHandler
 .text.HAL_PCD_SetAddress
                0x0800205e       0x48 ./Drivers/STM32F4xx_HAL_Driver/Src/stm32f4xx_hal_pcd.o
                0x0800205e                HAL_PCD_SetAddress
 .text.HAL_PCD_EP_Open
                0x080020a6       0xd0 ./Drivers/STM32F4xx_HAL_Driver/Src/stm32f4xx_hal_pcd.o
                0x080020a6                HAL_PCD_EP_Open
 .text.HAL_PCD_EP_Close
                0x08002176       0x94 ./Drivers/STM32F4xx_HAL_Driver/Src/stm32f4xx_hal_pcd.o
                0x08002176                HAL_PCD_EP_Close
 .text.HAL_PCD_EP_Receive
                0x0800220a       0x76 ./Drivers/STM32F4xx_HAL_Driver/Src/stm32f4xx_hal_pcd.o
                0x0800220a                HAL_PCD_EP_Receive
 .text.HAL_PCD_EP_GetRxCount
                0x08002280       0x30 ./Drivers/STM32F4xx_HAL_Driver/Src/stm32f4xx_hal_pcd.o
                0x08002280                HAL_PCD_EP_GetRxCount
 .text.HAL_PCD_EP_Transmit
                0x080022b0       0x74 ./Drivers/STM32F4xx_HAL_Driver/Src/stm32f4xx_hal_pcd.o
                0x080022b0                HAL_PCD_EP_Transmit
 .text.HAL_PCD_EP_SetStall
                0x08002324       0xc6 ./Drivers/STM32F4xx_HAL_Driver/Src/stm32f4xx_hal_pcd.o
                0x08002324                HAL_PCD_EP_SetStall
 .text.HAL_PCD_EP_ClrStall
                0x080023ea       0xac ./Drivers/STM32F4xx_HAL_Driver/Src/stm32f4xx_hal_pcd.o
                0x080023ea                HAL_PCD_EP_ClrStall
 .text.HAL_PCD_EP_Abort
                0x08002496       0x62 ./Drivers/STM32F4xx_HAL_Driver/Src/stm32f4xx_hal_pcd.o
                0x08002496                HAL_PCD_EP_Abort
 .text.PCD_WriteEmptyTxFifo
                0x080024f8      0x118 ./Drivers/STM32F4xx_HAL_Driver/Src/stm32f4xx_hal_pcd.o
 .text.PCD_EP_OutXfrComplete_int
                0x08002610      0x1d0 ./Drivers/STM32F4xx_HAL_Driver/Src/stm32f4xx_hal_pcd.o
 .text.PCD_EP_OutSetupPacket_int
                0x080027e0       0x8c ./Drivers/STM32F4xx_HAL_Driver/Src/stm32f4xx_hal_pcd.o
 .text.HAL_PCDEx_SetTxFiFo
                0x0800286c       0x8e ./Drivers/STM32F4xx_HAL_Driver/Src/stm32f4xx_hal_pcd_ex.o
                0x0800286c                HAL_PCDEx_SetTxFiFo
 .text.HAL_PCDEx_SetRxFiFo
                0x080028fa       0x22 ./Drivers/STM32F4xx_HAL_Driver/Src/stm32f4xx_hal_pcd_ex.o
                0x080028fa                HAL_PCDEx_SetRxFiFo
 .text.HAL_PCDEx_LPM_Callback
                0x0800291c       0x18 ./Drivers/STM32F4xx_HAL_Driver/Src/stm32f4xx_hal_pcd_ex.o
                0x0800291c                HAL_PCDEx_LPM_Callback
 .text.HAL_RCC_OscConfig
                0x08002934      0x4f0 ./Drivers/STM32F4xx_HAL_Driver/Src/stm32f4xx_hal_rcc.o
                0x08002934                HAL_RCC_OscConfig
 .text.HAL_RCC_ClockConfig
                0x08002e24      0x1cc ./Drivers/STM32F4xx_HAL_Driver/Src/stm32f4xx_hal_rcc.o
                0x08002e24                HAL_RCC_ClockConfig
 .text.HAL_RCC_GetSysClockFreq
                0x08002ff0      0x18c ./Drivers/STM32F4xx_HAL_Driver/Src/stm32f4xx_hal_rcc.o
                0x08002ff0                HAL_RCC_GetSysClockFreq
 .text.HAL_RCC_GetHCLKFreq
                0x0800317c       0x18 ./Drivers/STM32F4xx_HAL_Driver/Src/stm32f4xx_hal_rcc.o
                0x0800317c                HAL_RCC_GetHCLKFreq
 .text.HAL_TIM_Base_Init
                0x08003194       0x9e ./Drivers/STM32F4xx_HAL_Driver/Src/stm32f4xx_hal_tim.o
                0x08003194                HAL_TIM_Base_Init
 *fill*         0x08003232        0x2 
 .text.HAL_TIM_Base_Start_IT
                0x08003234       0xc4 ./Drivers/STM32F4xx_HAL_Driver/Src/stm32f4xx_hal_tim.o
                0x08003234                HAL_TIM_Base_Start_IT
 .text.HAL_TIM_PWM_Init
                0x080032f8       0x9e ./Drivers/STM32F4xx_HAL_Driver/Src/stm32f4xx_hal_tim.o
                0x080032f8                HAL_TIM_PWM_Init
 .text.HAL_TIM_PWM_MspInit
                0x08003396       0x14 ./Drivers/STM32F4xx_HAL_Driver/Src/stm32f4xx_hal_tim.o
                0x08003396                HAL_TIM_PWM_MspInit
 *fill*         0x080033aa        0x2 
 .text.HAL_TIM_PWM_Start
                0x080033ac      0x160 ./Drivers/STM32F4xx_HAL_Driver/Src/stm32f4xx_hal_tim.o
                0x080033ac                HAL_TIM_PWM_Start
 .text.HAL_TIM_IRQHandler
                0x0800350c      0x1e0 ./Drivers/STM32F4xx_HAL_Driver/Src/stm32f4xx_hal_tim.o
                0x0800350c                HAL_TIM_IRQHandler
 .text.HAL_TIM_PWM_ConfigChannel
                0x080036ec      0x184 ./Drivers/STM32F4xx_HAL_Driver/Src/stm32f4xx_hal_tim.o
                0x080036ec                HAL_TIM_PWM_ConfigChannel
 .text.HAL_TIM_ConfigClockSource
                0x08003870      0x18e ./Drivers/STM32F4xx_HAL_Driver/Src/stm32f4xx_hal_tim.o
                0x08003870                HAL_TIM_ConfigClockSource
 .text.HAL_TIM_SlaveConfigSynchro
                0x080039fe       0x84 ./Drivers/STM32F4xx_HAL_Driver/Src/stm32f4xx_hal_tim.o
                0x080039fe                HAL_TIM_SlaveConfigSynchro
 .text.HAL_TIM_OC_DelayElapsedCallback
                0x08003a82       0x14 ./Drivers/STM32F4xx_HAL_Driver/Src/stm32f4xx_hal_tim.o
                0x08003a82                HAL_TIM_OC_DelayElapsedCallback
 .text.HAL_TIM_IC_CaptureCallback
                0x08003a96       0x14 ./Drivers/STM32F4xx_HAL_Driver/Src/stm32f4xx_hal_tim.o
                0x08003a96                HAL_TIM_IC_CaptureCallback
 .text.HAL_TIM_PWM_PulseFinishedCallback
                0x08003aaa       0x14 ./Drivers/STM32F4xx_HAL_Driver/Src/stm32f4xx_hal_tim.o
                0x08003aaa                HAL_TIM_PWM_PulseFinishedCallback
 .text.HAL_TIM_TriggerCallback
                0x08003abe       0x14 ./Drivers/STM32F4xx_HAL_Driver/Src/stm32f4xx_hal_tim.o
                0x08003abe                HAL_TIM_TriggerCallback
 *fill*         0x08003ad2        0x2 
 .text.TIM_Base_SetConfig
                0x08003ad4      0x118 ./Drivers/STM32F4xx_HAL_Driver/Src/stm32f4xx_hal_tim.o
                0x08003ad4                TIM_Base_SetConfig
 .text.TIM_OC1_SetConfig
                0x08003bec       0xcc ./Drivers/STM32F4xx_HAL_Driver/Src/stm32f4xx_hal_tim.o
 .text.TIM_OC2_SetConfig
                0x08003cb8       0xd8 ./Drivers/STM32F4xx_HAL_Driver/Src/stm32f4xx_hal_tim.o
                0x08003cb8                TIM_OC2_SetConfig
 .text.TIM_OC3_SetConfig
                0x08003d90       0xd4 ./Drivers/STM32F4xx_HAL_Driver/Src/stm32f4xx_hal_tim.o
 .text.TIM_OC4_SetConfig
                0x08003e64       0xa0 ./Drivers/STM32F4xx_HAL_Driver/Src/stm32f4xx_hal_tim.o
 .text.TIM_SlaveTimer_SetConfig
                0x08003f04      0x122 ./Drivers/STM32F4xx_HAL_Driver/Src/stm32f4xx_hal_tim.o
 .text.TIM_TI1_ConfigInputStage
                0x08004026       0x5e ./Drivers/STM32F4xx_HAL_Driver/Src/stm32f4xx_hal_tim.o
 .text.TIM_TI2_ConfigInputStage
                0x08004084       0x60 ./Drivers/STM32F4xx_HAL_Driver/Src/stm32f4xx_hal_tim.o
 .text.TIM_ITRx_SetConfig
                0x080040e4       0x36 ./Drivers/STM32F4xx_HAL_Driver/Src/stm32f4xx_hal_tim.o
 .text.TIM_ETR_SetConfig
                0x0800411a       0x40 ./Drivers/STM32F4xx_HAL_Driver/Src/stm32f4xx_hal_tim.o
                0x0800411a                TIM_ETR_SetConfig
 .text.TIM_CCxChannelCmd
                0x0800415a       0x4a ./Drivers/STM32F4xx_HAL_Driver/Src/stm32f4xx_hal_tim.o
                0x0800415a                TIM_CCxChannelCmd
 .text.HAL_TIMEx_MasterConfigSynchronization
                0x080041a4       0xdc ./Drivers/STM32F4xx_HAL_Driver/Src/stm32f4xx_hal_tim_ex.o
                0x080041a4                HAL_TIMEx_MasterConfigSynchronization
 .text.HAL_TIMEx_CommutCallback
                0x08004280       0x14 ./Drivers/STM32F4xx_HAL_Driver/Src/stm32f4xx_hal_tim_ex.o
                0x08004280                HAL_TIMEx_CommutCallback
 .text.HAL_TIMEx_BreakCallback
                0x08004294       0x14 ./Drivers/STM32F4xx_HAL_Driver/Src/stm32f4xx_hal_tim_ex.o
                0x08004294                HAL_TIMEx_BreakCallback
 .text.USB_CoreInit
                0x080042a8       0xc8 ./Drivers/STM32F4xx_HAL_Driver/Src/stm32f4xx_ll_usb.o
                0x080042a8                USB_CoreInit
 .text.USB_SetTurnaroundTime
                0x08004370      0x144 ./Drivers/STM32F4xx_HAL_Driver/Src/stm32f4xx_ll_usb.o
                0x08004370                USB_SetTurnaroundTime
 .text.USB_EnableGlobalInt
                0x080044b4       0x22 ./Drivers/STM32F4xx_HAL_Driver/Src/stm32f4xx_ll_usb.o
                0x080044b4                USB_EnableGlobalInt
 .text.USB_DisableGlobalInt
                0x080044d6       0x22 ./Drivers/STM32F4xx_HAL_Driver/Src/stm32f4xx_ll_usb.o
                0x080044d6                USB_DisableGlobalInt
 .text.USB_SetCurrentMode
                0x080044f8       0x98 ./Drivers/STM32F4xx_HAL_Driver/Src/stm32f4xx_ll_usb.o
                0x080044f8                USB_SetCurrentMode
 .text.USB_DevInit
                0x08004590      0x2c8 ./Drivers/STM32F4xx_HAL_Driver/Src/stm32f4xx_ll_usb.o
                0x08004590                USB_DevInit
 .text.USB_FlushTxFifo
                0x08004858       0x64 ./Drivers/STM32F4xx_HAL_Driver/Src/stm32f4xx_ll_usb.o
                0x08004858                USB_FlushTxFifo
 .text.USB_FlushRxFifo
                0x080048bc       0x5c ./Drivers/STM32F4xx_HAL_Driver/Src/stm32f4xx_ll_usb.o
                0x080048bc                USB_FlushRxFifo
 .text.USB_SetDevSpeed
                0x08004918       0x32 ./Drivers/STM32F4xx_HAL_Driver/Src/stm32f4xx_ll_usb.o
                0x08004918                USB_SetDevSpeed
 .text.USB_GetDevSpeed
                0x0800494a       0x4a ./Drivers/STM32F4xx_HAL_Driver/Src/stm32f4xx_ll_usb.o
                0x0800494a                USB_GetDevSpeed
 .text.USB_ActivateEndpoint
                0x08004994      0x10e ./Drivers/STM32F4xx_HAL_Driver/Src/stm32f4xx_ll_usb.o
                0x08004994                USB_ActivateEndpoint
 *fill*         0x08004aa2        0x2 
 .text.USB_DeactivateEndpoint
                0x08004aa4      0x1b8 ./Drivers/STM32F4xx_HAL_Driver/Src/stm32f4xx_ll_usb.o
                0x08004aa4                USB_DeactivateEndpoint
 .text.USB_EPStartXfer
                0x08004c5c      0x530 ./Drivers/STM32F4xx_HAL_Driver/Src/stm32f4xx_ll_usb.o
                0x08004c5c                USB_EPStartXfer
 .text.USB_EPStopXfer
                0x0800518c      0x154 ./Drivers/STM32F4xx_HAL_Driver/Src/stm32f4xx_ll_usb.o
                0x0800518c                USB_EPStopXfer
 .text.USB_WritePacket
                0x080052e0       0x7c ./Drivers/STM32F4xx_HAL_Driver/Src/stm32f4xx_ll_usb.o
                0x080052e0                USB_WritePacket
 .text.USB_ReadPacket
                0x0800535c       0xb0 ./Drivers/STM32F4xx_HAL_Driver/Src/stm32f4xx_ll_usb.o
                0x0800535c                USB_ReadPacket
 .text.USB_EPSetStall
                0x0800540c       0xdc ./Drivers/STM32F4xx_HAL_Driver/Src/stm32f4xx_ll_usb.o
                0x0800540c                USB_EPSetStall
 .text.USB_EPClearStall
                0x080054e8       0xcc ./Drivers/STM32F4xx_HAL_Driver/Src/stm32f4xx_ll_usb.o
                0x080054e8                USB_EPClearStall
 .text.USB_SetDevAddress
                0x080055b4       0x4c ./Drivers/STM32F4xx_HAL_Driver/Src/stm32f4xx_ll_usb.o
                0x080055b4                USB_SetDevAddress
 .text.USB_DevConnect
                0x08005600       0x42 ./Drivers/STM32F4xx_HAL_Driver/Src/stm32f4xx_ll_usb.o
                0x08005600                USB_DevConnect
 .text.USB_DevDisconnect
                0x08005642       0x42 ./Drivers/STM32F4xx_HAL_Driver/Src/stm32f4xx_ll_usb.o
                0x08005642                USB_DevDisconnect
 .text.USB_ReadInterrupts
                0x08005684       0x26 ./Drivers/STM32F4xx_HAL_Driver/Src/stm32f4xx_ll_usb.o
                0x08005684                USB_ReadInterrupts
 .text.USB_ReadDevAllOutEpInterrupt
                0x080056aa       0x34 ./Drivers/STM32F4xx_HAL_Driver/Src/stm32f4xx_ll_usb.o
                0x080056aa                USB_ReadDevAllOutEpInterrupt
 .text.USB_ReadDevAllInEpInterrupt
                0x080056de       0x34 ./Drivers/STM32F4xx_HAL_Driver/Src/stm32f4xx_ll_usb.o
                0x080056de                USB_ReadDevAllInEpInterrupt
 .text.USB_ReadDevOutEPInterrupt
                0x08005712       0x3c ./Drivers/STM32F4xx_HAL_Driver/Src/stm32f4xx_ll_usb.o
                0x08005712                USB_ReadDevOutEPInterrupt
 .text.USB_ReadDevInEPInterrupt
                0x0800574e       0x5c ./Drivers/STM32F4xx_HAL_Driver/Src/stm32f4xx_ll_usb.o
                0x0800574e                USB_ReadDevInEPInterrupt
 .text.USB_GetMode
                0x080057aa       0x1c ./Drivers/STM32F4xx_HAL_Driver/Src/stm32f4xx_ll_usb.o
                0x080057aa                USB_GetMode
 .text.USB_ActivateSetup
                0x080057c6       0x46 ./Drivers/STM32F4xx_HAL_Driver/Src/stm32f4xx_ll_usb.o
                0x080057c6                USB_ActivateSetup
 .text.USB_EP0_OutStart
                0x0800580c       0xbc ./Drivers/STM32F4xx_HAL_Driver/Src/stm32f4xx_ll_usb.o
                0x0800580c                USB_EP0_OutStart
 .text.USB_CoreReset
                0x080058c8       0x62 ./Drivers/STM32F4xx_HAL_Driver/Src/stm32f4xx_ll_usb.o
 *fill*         0x0800592a        0x2 
 .text.USBD_CDC_Init
                0x0800592c      0x1f0 ./Middlewares/ST/STM32_USB_Device_Library/Class/CDC/Src/usbd_cdc.o
 .text.USBD_CDC_DeInit
                0x08005b1c      0x104 ./Middlewares/ST/STM32_USB_Device_Library/Class/CDC/Src/usbd_cdc.o
 .text.USBD_CDC_Setup
                0x08005c20      0x1b8 ./Middlewares/ST/STM32_USB_Device_Library/Class/CDC/Src/usbd_cdc.o
 .text.USBD_CDC_DataIn
                0x08005dd8       0xfe ./Middlewares/ST/STM32_USB_Device_Library/Class/CDC/Src/usbd_cdc.o
 .text.USBD_CDC_DataOut
                0x08005ed6       0x70 ./Middlewares/ST/STM32_USB_Device_Library/Class/CDC/Src/usbd_cdc.o
 .text.USBD_CDC_EP0_RxReady
                0x08005f46       0x74 ./Middlewares/ST/STM32_USB_Device_Library/Class/CDC/Src/usbd_cdc.o
 *fill*         0x08005fba        0x2 
 .text.USBD_CDC_GetFSCfgDesc
                0x08005fbc       0x70 ./Middlewares/ST/STM32_USB_Device_Library/Class/CDC/Src/usbd_cdc.o
 .text.USBD_CDC_GetHSCfgDesc
                0x0800602c       0x70 ./Middlewares/ST/STM32_USB_Device_Library/Class/CDC/Src/usbd_cdc.o
 .text.USBD_CDC_GetOtherSpeedCfgDesc
                0x0800609c       0x70 ./Middlewares/ST/STM32_USB_Device_Library/Class/CDC/Src/usbd_cdc.o
 .text.USBD_CDC_GetDeviceQualifierDescriptor
                0x0800610c       0x20 ./Middlewares/ST/STM32_USB_Device_Library/Class/CDC/Src/usbd_cdc.o
                0x0800610c                USBD_CDC_GetDeviceQualifierDescriptor
 .text.USBD_CDC_RegisterInterface
                0x0800612c       0x34 ./Middlewares/ST/STM32_USB_Device_Library/Class/CDC/Src/usbd_cdc.o
                0x0800612c                USBD_CDC_RegisterInterface
 .text.USBD_CDC_SetTxBuffer
                0x08006160       0x44 ./Middlewares/ST/STM32_USB_Device_Library/Class/CDC/Src/usbd_cdc.o
                0x08006160                USBD_CDC_SetTxBuffer
 .text.USBD_CDC_SetRxBuffer
                0x080061a4       0x3a ./Middlewares/ST/STM32_USB_Device_Library/Class/CDC/Src/usbd_cdc.o
                0x080061a4                USBD_CDC_SetRxBuffer
 *fill*         0x080061de        0x2 
 .text.USBD_CDC_ReceivePacket
                0x080061e0       0x6c ./Middlewares/ST/STM32_USB_Device_Library/Class/CDC/Src/usbd_cdc.o
                0x080061e0                USBD_CDC_ReceivePacket
 .text.USBD_Init
                0x0800624c       0x60 ./Middlewares/ST/STM32_USB_Device_Library/Core/Src/usbd_core.o
                0x0800624c                USBD_Init
 .text.USBD_RegisterClass
                0x080062ac       0x6c ./Middlewares/ST/STM32_USB_Device_Library/Core/Src/usbd_core.o
                0x080062ac                USBD_RegisterClass
 .text.USBD_Start
                0x08006318       0x18 ./Middlewares/ST/STM32_USB_Device_Library/Core/Src/usbd_core.o
                0x08006318                USBD_Start
 .text.USBD_RunTestMode
                0x08006330       0x16 ./Middlewares/ST/STM32_USB_Device_Library/Core/Src/usbd_core.o
                0x08006330                USBD_RunTestMode
 .text.USBD_SetClassConfig
                0x08006346       0x38 ./Middlewares/ST/STM32_USB_Device_Library/Core/Src/usbd_core.o
                0x08006346                USBD_SetClassConfig
 .text.USBD_ClrClassConfig
                0x0800637e       0x34 ./Middlewares/ST/STM32_USB_Device_Library/Core/Src/usbd_core.o
                0x0800637e                USBD_ClrClassConfig
 .text.USBD_LL_SetupStage
                0x080063b2       0xaa ./Middlewares/ST/STM32_USB_Device_Library/Core/Src/usbd_core.o
                0x080063b2                USBD_LL_SetupStage
 .text.USBD_LL_DataOutStage
                0x0800645c      0x166 ./Middlewares/ST/STM32_USB_Device_Library/Core/Src/usbd_core.o
                0x0800645c                USBD_LL_DataOutStage
 .text.USBD_LL_DataInStage
                0x080065c2      0x164 ./Middlewares/ST/STM32_USB_Device_Library/Core/Src/usbd_core.o
                0x080065c2                USBD_LL_DataInStage
 .text.USBD_LL_Reset
                0x08006726       0xa4 ./Middlewares/ST/STM32_USB_Device_Library/Core/Src/usbd_core.o
                0x08006726                USBD_LL_Reset
 .text.USBD_LL_SetSpeed
                0x080067ca       0x20 ./Middlewares/ST/STM32_USB_Device_Library/Core/Src/usbd_core.o
                0x080067ca                USBD_LL_SetSpeed
 .text.USBD_LL_Suspend
                0x080067ea       0x38 ./Middlewares/ST/STM32_USB_Device_Library/Core/Src/usbd_core.o
                0x080067ea                USBD_LL_Suspend
 .text.USBD_LL_Resume
                0x08006822       0x30 ./Middlewares/ST/STM32_USB_Device_Library/Core/Src/usbd_core.o
                0x08006822                USBD_LL_Resume
 .text.USBD_LL_SOF
                0x08006852       0x40 ./Middlewares/ST/STM32_USB_Device_Library/Core/Src/usbd_core.o
                0x08006852                USBD_LL_SOF
 .text.USBD_LL_IsoINIncomplete
                0x08006892       0x64 ./Middlewares/ST/STM32_USB_Device_Library/Core/Src/usbd_core.o
                0x08006892                USBD_LL_IsoINIncomplete
 .text.USBD_LL_IsoOUTIncomplete
                0x080068f6       0x64 ./Middlewares/ST/STM32_USB_Device_Library/Core/Src/usbd_core.o
                0x080068f6                USBD_LL_IsoOUTIncomplete
 .text.USBD_LL_DevConnected
                0x0800695a       0x16 ./Middlewares/ST/STM32_USB_Device_Library/Core/Src/usbd_core.o
                0x0800695a                USBD_LL_DevConnected
 .text.USBD_LL_DevDisconnected
                0x08006970       0x46 ./Middlewares/ST/STM32_USB_Device_Library/Core/Src/usbd_core.o
                0x08006970                USBD_LL_DevDisconnected
 .text.USBD_CoreFindIF
                0x080069b6       0x1a ./Middlewares/ST/STM32_USB_Device_Library/Core/Src/usbd_core.o
                0x080069b6                USBD_CoreFindIF
 .text.USBD_CoreFindEP
                0x080069d0       0x1a ./Middlewares/ST/STM32_USB_Device_Library/Core/Src/usbd_core.o
                0x080069d0                USBD_CoreFindEP
 .text.USBD_GetEpDesc
                0x080069ea       0x70 ./Middlewares/ST/STM32_USB_Device_Library/Core/Src/usbd_core.o
                0x080069ea                USBD_GetEpDesc
 .text.USBD_GetNextDesc
                0x08006a5a       0x38 ./Middlewares/ST/STM32_USB_Device_Library/Core/Src/usbd_core.o
                0x08006a5a                USBD_GetNextDesc
 .text.SWAPBYTE
                0x08006a92       0x3c ./Middlewares/ST/STM32_USB_Device_Library/Core/Src/usbd_ctlreq.o
 *fill*         0x08006ace        0x2 
 .text.USBD_StdDevReq
                0x08006ad0       0xe4 ./Middlewares/ST/STM32_USB_Device_Library/Core/Src/usbd_ctlreq.o
                0x08006ad0                USBD_StdDevReq
 .text.USBD_StdItfReq
                0x08006bb4       0xd8 ./Middlewares/ST/STM32_USB_Device_Library/Core/Src/usbd_ctlreq.o
                0x08006bb4                USBD_StdItfReq
 .text.USBD_StdEPReq
                0x08006c8c      0x33a ./Middlewares/ST/STM32_USB_Device_Library/Core/Src/usbd_ctlreq.o
                0x08006c8c                USBD_StdEPReq
 *fill*         0x08006fc6        0x2 
 .text.USBD_GetDescriptor
                0x08006fc8      0x2d4 ./Middlewares/ST/STM32_USB_Device_Library/Core/Src/usbd_ctlreq.o
 .text.USBD_SetAddress
                0x0800729c       0x88 ./Middlewares/ST/STM32_USB_Device_Library/Core/Src/usbd_ctlreq.o
 .text.USBD_SetConfig
                0x08007324      0x154 ./Middlewares/ST/STM32_USB_Device_Library/Core/Src/usbd_ctlreq.o
 .text.USBD_GetConfig
                0x08007478       0x6c ./Middlewares/ST/STM32_USB_Device_Library/Core/Src/usbd_ctlreq.o
 .text.USBD_GetStatus
                0x080074e4       0x68 ./Middlewares/ST/STM32_USB_Device_Library/Core/Src/usbd_ctlreq.o
 .text.USBD_SetFeature
                0x0800754c       0x52 ./Middlewares/ST/STM32_USB_Device_Library/Core/Src/usbd_ctlreq.o
 .text.USBD_ClrFeature
                0x0800759e       0x44 ./Middlewares/ST/STM32_USB_Device_Library/Core/Src/usbd_ctlreq.o
 .text.USBD_ParseSetupRequest
                0x080075e2       0x74 ./Middlewares/ST/STM32_USB_Device_Library/Core/Src/usbd_ctlreq.o
                0x080075e2                USBD_ParseSetupRequest
 .text.USBD_CtlError
                0x08007656       0x22 ./Middlewares/ST/STM32_USB_Device_Library/Core/Src/usbd_ctlreq.o
                0x08007656                USBD_CtlError
 .text.USBD_GetString
                0x08007678       0x8c ./Middlewares/ST/STM32_USB_Device_Library/Core/Src/usbd_ctlreq.o
                0x08007678                USBD_GetString
 .text.USBD_GetLen
                0x08007704       0x34 ./Middlewares/ST/STM32_USB_Device_Library/Core/Src/usbd_ctlreq.o
 .text.USBD_CtlSendData
                0x08007738       0x36 ./Middlewares/ST/STM32_USB_Device_Library/Core/Src/usbd_ioreq.o
                0x08007738                USBD_CtlSendData
 .text.USBD_CtlContinueSendData
                0x0800776e       0x22 ./Middlewares/ST/STM32_USB_Device_Library/Core/Src/usbd_ioreq.o
                0x0800776e                USBD_CtlContinueSendData
 .text.USBD_CtlPrepareRx
                0x08007790       0x3a ./Middlewares/ST/STM32_USB_Device_Library/Core/Src/usbd_ioreq.o
                0x08007790                USBD_CtlPrepareRx
 .text.USBD_CtlContinueRx
                0x080077ca       0x22 ./Middlewares/ST/STM32_USB_Device_Library/Core/Src/usbd_ioreq.o
                0x080077ca                USBD_CtlContinueRx
 .text.USBD_CtlSendStatus
                0x080077ec       0x26 ./Middlewares/ST/STM32_USB_Device_Library/Core/Src/usbd_ioreq.o
                0x080077ec                USBD_CtlSendStatus
 .text.USBD_CtlReceiveStatus
                0x08007812       0x26 ./Middlewares/ST/STM32_USB_Device_Library/Core/Src/usbd_ioreq.o
                0x08007812                USBD_CtlReceiveStatus
 .text.MX_USB_DEVICE_Init
                0x08007838       0x60 ./USB_DEVICE/App/usb_device.o
                0x08007838                MX_USB_DEVICE_Init
 .text.CDC_Init_FS
                0x08007898       0x28 ./USB_DEVICE/App/usbd_cdc_if.o
 .text.CDC_DeInit_FS
                0x080078c0       0x10 ./USB_DEVICE/App/usbd_cdc_if.o
 .text.CDC_Control_FS
                0x080078d0       0xbc ./USB_DEVICE/App/usbd_cdc_if.o
 .text.CDC_Receive_FS
                0x0800798c       0x28 ./USB_DEVICE/App/usbd_cdc_if.o
 .text.CDC_TransmitCplt_FS
                0x080079b4       0x22 ./USB_DEVICE/App/usbd_cdc_if.o
 *fill*         0x080079d6        0x2 
 .text.USBD_FS_DeviceDescriptor
                0x080079d8       0x24 ./USB_DEVICE/App/usbd_desc.o
                0x080079d8                USBD_FS_DeviceDescriptor
 .text.USBD_FS_LangIDStrDescriptor
                0x080079fc       0x24 ./USB_DEVICE/App/usbd_desc.o
                0x080079fc                USBD_FS_LangIDStrDescriptor
 .text.USBD_FS_ProductStrDescriptor
                0x08007a20       0x3c ./USB_DEVICE/App/usbd_desc.o
                0x08007a20                USBD_FS_ProductStrDescriptor
 .text.USBD_FS_ManufacturerStrDescriptor
                0x08007a5c       0x28 ./USB_DEVICE/App/usbd_desc.o
                0x08007a5c                USBD_FS_ManufacturerStrDescriptor
 .text.USBD_FS_SerialStrDescriptor
                0x08007a84       0x24 ./USB_DEVICE/App/usbd_desc.o
                0x08007a84                USBD_FS_SerialStrDescriptor
 .text.USBD_FS_ConfigStrDescriptor
                0x08007aa8       0x3c ./USB_DEVICE/App/usbd_desc.o
                0x08007aa8                USBD_FS_ConfigStrDescriptor
 .text.USBD_FS_InterfaceStrDescriptor
                0x08007ae4       0x3c ./USB_DEVICE/App/usbd_desc.o
                0x08007ae4                USBD_FS_InterfaceStrDescriptor
 .text.Get_SerialNum
                0x08007b20       0x38 ./USB_DEVICE/App/usbd_desc.o
 .text.IntToUnicode
                0x08007b58       0x7e ./USB_DEVICE/App/usbd_desc.o
 *fill*         0x08007bd6        0x2 
 .text.HAL_PCD_MspInit
                0x08007bd8       0xa8 ./USB_DEVICE/Target/usbd_conf.o
                0x08007bd8                HAL_PCD_MspInit
 .text.HAL_PCD_SetupStageCallback
                0x08007c80       0x24 ./USB_DEVICE/Target/usbd_conf.o
                0x08007c80                HAL_PCD_SetupStageCallback
 .text.HAL_PCD_DataOutStageCallback
                0x08007ca4       0x36 ./USB_DEVICE/Target/usbd_conf.o
                0x08007ca4                HAL_PCD_DataOutStageCallback
 .text.HAL_PCD_DataInStageCallback
                0x08007cda       0x34 ./USB_DEVICE/Target/usbd_conf.o
                0x08007cda                HAL_PCD_DataInStageCallback
 .text.HAL_PCD_SOFCallback
                0x08007d0e       0x1c ./USB_DEVICE/Target/usbd_conf.o
                0x08007d0e                HAL_PCD_SOFCallback
 .text.HAL_PCD_ResetCallback
                0x08007d2a       0x3c ./USB_DEVICE/Target/usbd_conf.o
                0x08007d2a                HAL_PCD_ResetCallback
 *fill*         0x08007d66        0x2 
 .text.HAL_PCD_SuspendCallback
                0x08007d68       0x4c ./USB_DEVICE/Target/usbd_conf.o
                0x08007d68                HAL_PCD_SuspendCallback
 .text.HAL_PCD_ResumeCallback
                0x08007db4       0x1c ./USB_DEVICE/Target/usbd_conf.o
                0x08007db4                HAL_PCD_ResumeCallback
 .text.HAL_PCD_ISOOUTIncompleteCallback
                0x08007dd0       0x24 ./USB_DEVICE/Target/usbd_conf.o
                0x08007dd0                HAL_PCD_ISOOUTIncompleteCallback
 .text.HAL_PCD_ISOINIncompleteCallback
                0x08007df4       0x24 ./USB_DEVICE/Target/usbd_conf.o
                0x08007df4                HAL_PCD_ISOINIncompleteCallback
 .text.HAL_PCD_ConnectCallback
                0x08007e18       0x1c ./USB_DEVICE/Target/usbd_conf.o
                0x08007e18                HAL_PCD_ConnectCallback
 .text.HAL_PCD_DisconnectCallback
                0x08007e34       0x1c ./USB_DEVICE/Target/usbd_conf.o
                0x08007e34                HAL_PCD_DisconnectCallback
 .text.USBD_LL_Init
                0x08007e50       0x98 ./USB_DEVICE/Target/usbd_conf.o
                0x08007e50                USBD_LL_Init
 .text.USBD_LL_Start
                0x08007ee8       0x36 ./USB_DEVICE/Target/usbd_conf.o
                0x08007ee8                USBD_LL_Start
 .text.USBD_LL_OpenEP
                0x08007f1e       0x4c ./USB_DEVICE/Target/usbd_conf.o
                0x08007f1e                USBD_LL_OpenEP
 .text.USBD_LL_CloseEP
                0x08007f6a       0x3e ./USB_DEVICE/Target/usbd_conf.o
                0x08007f6a                USBD_LL_CloseEP
 .text.USBD_LL_StallEP
                0x08007fa8       0x3e ./USB_DEVICE/Target/usbd_conf.o
                0x08007fa8                USBD_LL_StallEP
 .text.USBD_LL_ClearStallEP
                0x08007fe6       0x3e ./USB_DEVICE/Target/usbd_conf.o
                0x08007fe6                USBD_LL_ClearStallEP
 .text.USBD_LL_IsStallEP
                0x08008024       0x58 ./USB_DEVICE/Target/usbd_conf.o
                0x08008024                USBD_LL_IsStallEP
 .text.USBD_LL_SetUSBAddress
                0x0800807c       0x3e ./USB_DEVICE/Target/usbd_conf.o
                0x0800807c                USBD_LL_SetUSBAddress
 .text.USBD_LL_Transmit
                0x080080ba       0x42 ./USB_DEVICE/Target/usbd_conf.o
                0x080080ba                USBD_LL_Transmit
 .text.USBD_LL_PrepareReceive
                0x080080fc       0x42 ./USB_DEVICE/Target/usbd_conf.o
                0x080080fc                USBD_LL_PrepareReceive
 .text.USBD_LL_GetRxDataSize
                0x0800813e       0x26 ./USB_DEVICE/Target/usbd_conf.o
                0x0800813e                USBD_LL_GetRxDataSize
 .text.USBD_static_malloc
                0x08008164       0x1c ./USB_DEVICE/Target/usbd_conf.o
                0x08008164                USBD_static_malloc
 .text.USBD_static_free
                0x08008180       0x14 ./USB_DEVICE/Target/usbd_conf.o
                0x08008180                USBD_static_free
 .text.USBD_Get_USB_Status
                0x08008194       0x58 ./USB_DEVICE/Target/usbd_conf.o
                0x08008194                USBD_Get_USB_Status
 .text.memset   0x080081ec       0x10 C:/ST/STM32CubeIDE_1.15.0/STM32CubeIDE/plugins/com.st.stm32cube.ide.mcu.externaltools.gnu-tools-for-stm32.12.3.rel1.win32_1.0.100.202403111256/tools/bin/../lib/gcc/arm-none-eabi/12.3.1/../../../../arm-none-eabi/lib/thumb/v7e-m+fp/hard\libc_nano.a(libc_a-memset.o)
                0x080081ec                memset
 .text.__libc_init_array
                0x080081fc       0x48 C:/ST/STM32CubeIDE_1.15.0/STM32CubeIDE/plugins/com.st.stm32cube.ide.mcu.externaltools.gnu-tools-for-stm32.12.3.rel1.win32_1.0.100.202403111256/tools/bin/../lib/gcc/arm-none-eabi/12.3.1/../../../../arm-none-eabi/lib/thumb/v7e-m+fp/hard\libc_nano.a(libc_a-init.o)
                0x080081fc                __libc_init_array
 *(.glue_7)
 .glue_7        0x08008244        0x0 linker stubs
 *(.glue_7t)
 .glue_7t       0x08008244        0x0 linker stubs
 *(.eh_frame)
 .eh_frame      0x08008244        0x0 C:/ST/STM32CubeIDE_1.15.0/STM32CubeIDE/plugins/com.st.stm32cube.ide.mcu.externaltools.gnu-tools-for-stm32.12.3.rel1.win32_1.0.100.202403111256/tools/bin/../lib/gcc/arm-none-eabi/12.3.1/thumb/v7e-m+fp/hard/crtbegin.o
 *(.init)
 .init          0x08008244        0x4 C:/ST/STM32CubeIDE_1.15.0/STM32CubeIDE/plugins/com.st.stm32cube.ide.mcu.externaltools.gnu-tools-for-stm32.12.3.rel1.win32_1.0.100.202403111256/tools/bin/../lib/gcc/arm-none-eabi/12.3.1/thumb/v7e-m+fp/hard/crti.o
                0x08008244                _init
 .init          0x08008248        0x8 C:/ST/STM32CubeIDE_1.15.0/STM32CubeIDE/plugins/com.st.stm32cube.ide.mcu.externaltools.gnu-tools-for-stm32.12.3.rel1.win32_1.0.100.202403111256/tools/bin/../lib/gcc/arm-none-eabi/12.3.1/thumb/v7e-m+fp/hard/crtn.o
 *(.fini)
 .fini          0x08008250        0x4 C:/ST/STM32CubeIDE_1.15.0/STM32CubeIDE/plugins/com.st.stm32cube.ide.mcu.externaltools.gnu-tools-for-stm32.12.3.rel1.win32_1.0.100.202403111256/tools/bin/../lib/gcc/arm-none-eabi/12.3.1/thumb/v7e-m+fp/hard/crti.o
                0x08008250                _fini
 .fini          0x08008254        0x8 C:/ST/STM32CubeIDE_1.15.0/STM32CubeIDE/plugins/com.st.stm32cube.ide.mcu.externaltools.gnu-tools-for-stm32.12.3.rel1.win32_1.0.100.202403111256/tools/bin/../lib/gcc/arm-none-eabi/12.3.1/thumb/v7e-m+fp/hard/crtn.o
                0x0800825c                        . = ALIGN (0x4)
                0x0800825c                        _etext = .

.vfp11_veneer   0x0800825c        0x0
 .vfp11_veneer  0x0800825c        0x0 linker stubs

.v4_bx          0x0800825c        0x0
 .v4_bx         0x0800825c        0x0 linker stubs

.iplt           0x0800825c        0x0
 .iplt          0x0800825c        0x0 C:/ST/STM32CubeIDE_1.15.0/STM32CubeIDE/plugins/com.st.stm32cube.ide.mcu.externaltools.gnu-tools-for-stm32.12.3.rel1.win32_1.0.100.202403111256/tools/bin/../lib/gcc/arm-none-eabi/12.3.1/thumb/v7e-m+fp/hard/crtbegin.o

.rodata         0x0800825c       0x58
                0x0800825c                        . = ALIGN (0x4)
 *(.rodata)
 .rodata        0x0800825c       0x46 ./USB_DEVICE/App/usbd_desc.o
 *(.rodata*)
 *fill*         0x080082a2        0x2 
 .rodata.AHBPrescTable
                0x080082a4       0x10 ./Core/Src/system_stm32f4xx.o
                0x080082a4                AHBPrescTable
                0x080082b4                        . = ALIGN (0x4)

.ARM.extab      0x080082b4        0x0
                0x080082b4                        . = ALIGN (0x4)
 *(.ARM.extab* .gnu.linkonce.armextab.*)
                0x080082b4                        . = ALIGN (0x4)

.ARM            0x080082b4        0x8
                0x080082b4                        . = ALIGN (0x4)
                0x080082b4                        __exidx_start = .
 *(.ARM.exidx*)
 .ARM.exidx     0x080082b4        0x8 C:/ST/STM32CubeIDE_1.15.0/STM32CubeIDE/plugins/com.st.stm32cube.ide.mcu.externaltools.gnu-tools-for-stm32.12.3.rel1.win32_1.0.100.202403111256/tools/bin/../lib/gcc/arm-none-eabi/12.3.1/thumb/v7e-m+fp/hard\libgcc.a(_udivmoddi4.o)
                0x080082bc                        __exidx_end = .
                0x080082bc                        . = ALIGN (0x4)

.preinit_array  0x080082bc        0x0
                0x080082bc                        . = ALIGN (0x4)
                0x080082bc                        PROVIDE (__preinit_array_start = .)
 *(.preinit_array*)
                0x080082bc                        PROVIDE (__preinit_array_end = .)
                0x080082bc                        . = ALIGN (0x4)

.init_array     0x080082bc        0x4
                0x080082bc                        . = ALIGN (0x4)
                0x080082bc                        PROVIDE (__init_array_start = .)
 *(SORT_BY_NAME(.init_array.*))
 *(.init_array*)
 .init_array    0x080082bc        0x4 C:/ST/STM32CubeIDE_1.15.0/STM32CubeIDE/plugins/com.st.stm32cube.ide.mcu.externaltools.gnu-tools-for-stm32.12.3.rel1.win32_1.0.100.202403111256/tools/bin/../lib/gcc/arm-none-eabi/12.3.1/thumb/v7e-m+fp/hard/crtbegin.o
                0x080082c0                        PROVIDE (__init_array_end = .)
                0x080082c0                        . = ALIGN (0x4)

.fini_array     0x080082c0        0x4
                0x080082c0                        . = ALIGN (0x4)
                [!provide]                        PROVIDE (__fini_array_start = .)
 *(SORT_BY_NAME(.fini_array.*))
 *(.fini_array*)
 .fini_array    0x080082c0        0x4 C:/ST/STM32CubeIDE_1.15.0/STM32CubeIDE/plugins/com.st.stm32cube.ide.mcu.externaltools.gnu-tools-for-stm32.12.3.rel1.win32_1.0.100.202403111256/tools/bin/../lib/gcc/arm-none-eabi/12.3.1/thumb/v7e-m+fp/hard/crtbegin.o
                [!provide]                        PROVIDE (__fini_array_end = .)
                0x080082c4                        . = ALIGN (0x4)
                0x080082c4                        _sidata = LOADADDR (.data)

.rel.dyn        0x080082c4        0x0
 .rel.iplt      0x080082c4        0x0 C:/ST/STM32CubeIDE_1.15.0/STM32CubeIDE/plugins/com.st.stm32cube.ide.mcu.externaltools.gnu-tools-for-stm32.12.3.rel1.win32_1.0.100.202403111256/tools/bin/../lib/gcc/arm-none-eabi/12.3.1/thumb/v7e-m+fp/hard/crtbegin.o

.data           0x20000000       0xfc load address 0x080082c4
                0x20000000                        . = ALIGN (0x4)
                0x20000000                        _sdata = .
 *(.data)
 *(.data*)
 .data.SystemCoreClock
                0x20000000        0x4 ./Core/Src/system_stm32f4xx.o
                0x20000000                SystemCoreClock
 .data.uwTickPrio
                0x20000004        0x4 ./Drivers/STM32F4xx_HAL_Driver/Src/stm32f4xx_hal.o
                0x20000004                uwTickPrio
 .data.uwTickFreq
                0x20000008        0x1 ./Drivers/STM32F4xx_HAL_Driver/Src/stm32f4xx_hal.o
                0x20000008                uwTickFreq
 *fill*         0x20000009        0x3 
 .data.USBD_CDC_DeviceQualifierDesc
                0x2000000c        0xa ./Middlewares/ST/STM32_USB_Device_Library/Class/CDC/Src/usbd_cdc.o
 *fill*         0x20000016        0x2 
 .data.USBD_CDC
                0x20000018       0x38 ./Middlewares/ST/STM32_USB_Device_Library/Class/CDC/Src/usbd_cdc.o
                0x20000018                USBD_CDC
 .data.USBD_CDC_CfgDesc
                0x20000050       0x43 ./Middlewares/ST/STM32_USB_Device_Library/Class/CDC/Src/usbd_cdc.o
 .data.CDCInEpAdd
                0x20000093        0x1 ./Middlewares/ST/STM32_USB_Device_Library/Class/CDC/Src/usbd_cdc.o
 .data.CDCOutEpAdd
                0x20000094        0x1 ./Middlewares/ST/STM32_USB_Device_Library/Class/CDC/Src/usbd_cdc.o
 .data.CDCCmdEpAdd
                0x20000095        0x1 ./Middlewares/ST/STM32_USB_Device_Library/Class/CDC/Src/usbd_cdc.o
 *fill*         0x20000096        0x2 
 .data.USBD_Interface_fops_FS
                0x20000098       0x14 ./USB_DEVICE/App/usbd_cdc_if.o
                0x20000098                USBD_Interface_fops_FS
 .data.FS_Desc  0x200000ac       0x1c ./USB_DEVICE/App/usbd_desc.o
                0x200000ac                FS_Desc
 .data.USBD_FS_DeviceDesc
                0x200000c8       0x12 ./USB_DEVICE/App/usbd_desc.o
                0x200000c8                USBD_FS_DeviceDesc
 *fill*         0x200000da        0x2 
 .data.USBD_LangIDDesc
                0x200000dc        0x4 ./USB_DEVICE/App/usbd_desc.o
                0x200000dc                USBD_LangIDDesc
 .data.USBD_StringSerial
                0x200000e0       0x1a ./USB_DEVICE/App/usbd_desc.o
                0x200000e0                USBD_StringSerial
 *(.RamFunc)
 *(.RamFunc*)
                0x200000fc                        . = ALIGN (0x4)
 *fill*         0x200000fa        0x2 
                0x200000fc                        _edata = .

.igot.plt       0x200000fc        0x0 load address 0x080083c0
 .igot.plt      0x200000fc        0x0 C:/ST/STM32CubeIDE_1.15.0/STM32CubeIDE/plugins/com.st.stm32cube.ide.mcu.externaltools.gnu-tools-for-stm32.12.3.rel1.win32_1.0.100.202403111256/tools/bin/../lib/gcc/arm-none-eabi/12.3.1/thumb/v7e-m+fp/hard/crtbegin.o
                0x200000fc                        . = ALIGN (0x4)

.bss            0x200000fc     0x1524 load address 0x080083c0
                0x200000fc                        _sbss = .
                0x200000fc                        __bss_start__ = _sbss
 *(.bss)
 .bss           0x200000fc       0x1c C:/ST/STM32CubeIDE_1.15.0/STM32CubeIDE/plugins/com.st.stm32cube.ide.mcu.externaltools.gnu-tools-for-stm32.12.3.rel1.win32_1.0.100.202403111256/tools/bin/../lib/gcc/arm-none-eabi/12.3.1/thumb/v7e-m+fp/hard/crtbegin.o
 *(.bss*)
 .bss.htim2     0x20000118       0x48 ./Core/Src/main.o
                0x20000118                htim2
 .bss.htim3     0x20000160       0x48 ./Core/Src/main.o
                0x20000160                htim3
 .bss.htim4     0x200001a8       0x48 ./Core/Src/main.o
                0x200001a8                htim4
 .bss.htim5     0x200001f0       0x48 ./Core/Src/main.o
                0x200001f0                htim5
 .bss.uwTick    0x20000238        0x4 ./Drivers/STM32F4xx_HAL_Driver/Src/stm32f4xx_hal.o
                0x20000238                uwTick
 .bss.cfgidx.0  0x2000023c        0x1 ./Middlewares/ST/STM32_USB_Device_Library/Core/Src/usbd_ctlreq.o
 *fill*         0x2000023d        0x3 
 .bss.hUsbDeviceFS
                0x20000240      0x2dc ./USB_DEVICE/App/usb_device.o
                0x20000240                hUsbDeviceFS
 .bss.UserRxBufferFS
                0x2000051c      0x400 ./USB_DEVICE/App/usbd_cdc_if.o
                0x2000051c                UserRxBufferFS
 .bss.UserTxBufferFS
                0x2000091c      0x400 ./USB_DEVICE/App/usbd_cdc_if.o
                0x2000091c                UserTxBufferFS
 .bss.USBD_StrDesc
                0x20000d1c      0x200 ./USB_DEVICE/App/usbd_desc.o
                0x20000d1c                USBD_StrDesc
 .bss.hpcd_USB_OTG_FS
                0x20000f1c      0x4e4 ./USB_DEVICE/Target/usbd_conf.o
                0x20000f1c                hpcd_USB_OTG_FS
 .bss.mem.0     0x20001400      0x220 ./USB_DEVICE/Target/usbd_conf.o
 *(COMMON)
                0x20001620                        . = ALIGN (0x4)
                0x20001620                        _ebss = .
                0x20001620                        __bss_end__ = _ebss

._user_heap_stack
                0x20001620      0x600 load address 0x080083c0
                0x20001620                        . = ALIGN (0x8)
                [!provide]                        PROVIDE (end = .)
                0x20001620                        PROVIDE (_end = .)
                0x20001820                        . = (. + _Min_Heap_Size)
 *fill*         0x20001620      0x200 
                0x20001c20                        . = (. + _Min_Stack_Size)
 *fill*         0x20001820      0x400 
                0x20001c20                        . = ALIGN (0x8)

/DISCARD/
 libc.a(*)
 libm.a(*)
 libgcc.a(*)

.ARM.attributes
                0x00000000       0x30
 *(.ARM.attributes)
 .ARM.attributes
                0x00000000       0x22 C:/ST/STM32CubeIDE_1.15.0/STM32CubeIDE/plugins/com.st.stm32cube.ide.mcu.externaltools.gnu-tools-for-stm32.12.3.rel1.win32_1.0.100.202403111256/tools/bin/../lib/gcc/arm-none-eabi/12.3.1/thumb/v7e-m+fp/hard/crti.o
 .ARM.attributes
                0x00000022       0x34 C:/ST/STM32CubeIDE_1.15.0/STM32CubeIDE/plugins/com.st.stm32cube.ide.mcu.externaltools.gnu-tools-for-stm32.12.3.rel1.win32_1.0.100.202403111256/tools/bin/../lib/gcc/arm-none-eabi/12.3.1/thumb/v7e-m+fp/hard/crtbegin.o
 .ARM.attributes
                0x00000056       0x34 ./Core/Src/main.o
 .ARM.attributes
                0x0000008a       0x34 ./Core/Src/stm32f4xx_hal_msp.o
 .ARM.attributes
                0x000000be       0x34 ./Core/Src/stm32f4xx_it.o
 .ARM.attributes
                0x000000f2       0x34 ./Core/Src/system_stm32f4xx.o
 .ARM.attributes
                0x00000126       0x21 ./Core/Startup/startup_stm32f401ccux.o
 .ARM.attributes
                0x00000147       0x34 ./Drivers/STM32F4xx_HAL_Driver/Src/stm32f4xx_hal.o
 .ARM.attributes
                0x0000017b       0x34 ./Drivers/STM32F4xx_HAL_Driver/Src/stm32f4xx_hal_cortex.o
 .ARM.attributes
                0x000001af       0x34 ./Drivers/STM32F4xx_HAL_Driver/Src/stm32f4xx_hal_gpio.o
 .ARM.attributes
                0x000001e3       0x34 ./Drivers/STM32F4xx_HAL_Driver/Src/stm32f4xx_hal_pcd.o
 .ARM.attributes
                0x00000217       0x34 ./Drivers/STM32F4xx_HAL_Driver/Src/stm32f4xx_hal_pcd_ex.o
 .ARM.attributes
                0x0000024b       0x34 ./Drivers/STM32F4xx_HAL_Driver/Src/stm32f4xx_hal_rcc.o
 .ARM.attributes
                0x0000027f       0x34 ./Drivers/STM32F4xx_HAL_Driver/Src/stm32f4xx_hal_tim.o
 .ARM.attributes
                0x000002b3       0x34 ./Drivers/STM32F4xx_HAL_Driver/Src/stm32f4xx_hal_tim_ex.o
 .ARM.attributes
                0x000002e7       0x34 ./Drivers/STM32F4xx_HAL_Driver/Src/stm32f4xx_ll_usb.o
 .ARM.attributes
                0x0000031b       0x34 ./Middlewares/ST/STM32_USB_Device_Library/Class/CDC/Src/usbd_cdc.o
 .ARM.attributes
                0x0000034f       0x34 ./Middlewares/ST/STM32_USB_Device_Library/Core/Src/usbd_core.o
 .ARM.attributes
                0x00000383       0x34 ./Middlewares/ST/STM32_USB_Device_Library/Core/Src/usbd_ctlreq.o
 .ARM.attributes
                0x000003b7       0x34 ./Middlewares/ST/STM32_USB_Device_Library/Core/Src/usbd_ioreq.o
 .ARM.attributes
                0x000003eb       0x34 ./USB_DEVICE/App/usb_device.o
 .ARM.attributes
                0x0000041f       0x34 ./USB_DEVICE/App/usbd_cdc_if.o
 .ARM.attributes
                0x00000453       0x34 ./USB_DEVICE/App/usbd_desc.o
 .ARM.attributes
                0x00000487       0x34 ./USB_DEVICE/Target/usbd_conf.o
 .ARM.attributes
                0x000004bb       0x34 C:/ST/STM32CubeIDE_1.15.0/STM32CubeIDE/plugins/com.st.stm32cube.ide.mcu.externaltools.gnu-tools-for-stm32.12.3.rel1.win32_1.0.100.202403111256/tools/bin/../lib/gcc/arm-none-eabi/12.3.1/../../../../arm-none-eabi/lib/thumb/v7e-m+fp/hard\libc_nano.a(libc_a-memset.o)
 .ARM.attributes
                0x000004ef       0x34 C:/ST/STM32CubeIDE_1.15.0/STM32CubeIDE/plugins/com.st.stm32cube.ide.mcu.externaltools.gnu-tools-for-stm32.12.3.rel1.win32_1.0.100.202403111256/tools/bin/../lib/gcc/arm-none-eabi/12.3.1/../../../../arm-none-eabi/lib/thumb/v7e-m+fp/hard\libc_nano.a(libc_a-init.o)
 .ARM.attributes
                0x00000523       0x22 C:/ST/STM32CubeIDE_1.15.0/STM32CubeIDE/plugins/com.st.stm32cube.ide.mcu.externaltools.gnu-tools-for-stm32.12.3.rel1.win32_1.0.100.202403111256/tools/bin/../lib/gcc/arm-none-eabi/12.3.1/thumb/v7e-m+fp/hard\libgcc.a(_aeabi_uldivmod.o)
 .ARM.attributes
                0x00000545       0x34 C:/ST/STM32CubeIDE_1.15.0/STM32CubeIDE/plugins/com.st.stm32cube.ide.mcu.externaltools.gnu-tools-for-stm32.12.3.rel1.win32_1.0.100.202403111256/tools/bin/../lib/gcc/arm-none-eabi/12.3.1/thumb/v7e-m+fp/hard\libgcc.a(_udivmoddi4.o)
 .ARM.attributes
                0x00000579       0x22 C:/ST/STM32CubeIDE_1.15.0/STM32CubeIDE/plugins/com.st.stm32cube.ide.mcu.externaltools.gnu-tools-for-stm32.12.3.rel1.win32_1.0.100.202403111256/tools/bin/../lib/gcc/arm-none-eabi/12.3.1/thumb/v7e-m+fp/hard\libgcc.a(_dvmd_tls.o)
 .ARM.attributes
                0x0000059b       0x22 C:/ST/STM32CubeIDE_1.15.0/STM32CubeIDE/plugins/com.st.stm32cube.ide.mcu.externaltools.gnu-tools-for-stm32.12.3.rel1.win32_1.0.100.202403111256/tools/bin/../lib/gcc/arm-none-eabi/12.3.1/thumb/v7e-m+fp/hard/crtn.o
OUTPUT(signalTest.elf elf32-littlearm)
LOAD linker stubs
LOAD C:/ST/STM32CubeIDE_1.15.0/STM32CubeIDE/plugins/com.st.stm32cube.ide.mcu.externaltools.gnu-tools-for-stm32.12.3.rel1.win32_1.0.100.202403111256/tools/bin/../lib/gcc/arm-none-eabi/12.3.1/../../../../arm-none-eabi/lib/thumb/v7e-m+fp/hard\libc.a
LOAD C:/ST/STM32CubeIDE_1.15.0/STM32CubeIDE/plugins/com.st.stm32cube.ide.mcu.externaltools.gnu-tools-for-stm32.12.3.rel1.win32_1.0.100.202403111256/tools/bin/../lib/gcc/arm-none-eabi/12.3.1/../../../../arm-none-eabi/lib/thumb/v7e-m+fp/hard\libm.a
LOAD C:/ST/STM32CubeIDE_1.15.0/STM32CubeIDE/plugins/com.st.stm32cube.ide.mcu.externaltools.gnu-tools-for-stm32.12.3.rel1.win32_1.0.100.202403111256/tools/bin/../lib/gcc/arm-none-eabi/12.3.1/thumb/v7e-m+fp/hard\libgcc.a

.debug_info     0x00000000    0x129e7
 .debug_info    0x00000000      0xef0 ./Core/Src/main.o
 .debug_info    0x00000ef0      0xcc0 ./Core/Src/stm32f4xx_hal_msp.o
 .debug_info    0x00001bb0      0xbd6 ./Core/Src/stm32f4xx_it.o
 .debug_info    0x00002786      0x53e ./Core/Src/system_stm32f4xx.o
 .debug_info    0x00002cc4       0x30 ./Core/Startup/startup_stm32f401ccux.o
 .debug_info    0x00002cf4      0x8bb ./Drivers/STM32F4xx_HAL_Driver/Src/stm32f4xx_hal.o
 .debug_info    0x000035af      0xcc1 ./Drivers/STM32F4xx_HAL_Driver/Src/stm32f4xx_hal_cortex.o
 .debug_info    0x00004270      0x6f9 ./Drivers/STM32F4xx_HAL_Driver/Src/stm32f4xx_hal_gpio.o
 .debug_info    0x00004969     0x1577 ./Drivers/STM32F4xx_HAL_Driver/Src/stm32f4xx_hal_pcd.o
 .debug_info    0x00005ee0      0x6ea ./Drivers/STM32F4xx_HAL_Driver/Src/stm32f4xx_hal_pcd_ex.o
 .debug_info    0x000065ca      0x8f3 ./Drivers/STM32F4xx_HAL_Driver/Src/stm32f4xx_hal_rcc.o
 .debug_info    0x00006ebd     0x2996 ./Drivers/STM32F4xx_HAL_Driver/Src/stm32f4xx_hal_tim.o
 .debug_info    0x00009853     0x14d4 ./Drivers/STM32F4xx_HAL_Driver/Src/stm32f4xx_hal_tim_ex.o
 .debug_info    0x0000ad27     0x1993 ./Drivers/STM32F4xx_HAL_Driver/Src/stm32f4xx_ll_usb.o
 .debug_info    0x0000c6ba     0x12a3 ./Middlewares/ST/STM32_USB_Device_Library/Class/CDC/Src/usbd_cdc.o
 .debug_info    0x0000d95d      0xe05 ./Middlewares/ST/STM32_USB_Device_Library/Core/Src/usbd_core.o
 .debug_info    0x0000e762      0xade ./Middlewares/ST/STM32_USB_Device_Library/Core/Src/usbd_ctlreq.o
 .debug_info    0x0000f240      0x755 ./Middlewares/ST/STM32_USB_Device_Library/Core/Src/usbd_ioreq.o
 .debug_info    0x0000f995      0x701 ./USB_DEVICE/App/usb_device.o
 .debug_info    0x00010096      0x8fa ./USB_DEVICE/App/usbd_cdc_if.o
 .debug_info    0x00010990      0x458 ./USB_DEVICE/App/usbd_desc.o
 .debug_info    0x00010de8     0x1bff ./USB_DEVICE/Target/usbd_conf.o

.debug_abbrev   0x00000000     0x30df
 .debug_abbrev  0x00000000      0x2dc ./Core/Src/main.o
 .debug_abbrev  0x000002dc      0x1d4 ./Core/Src/stm32f4xx_hal_msp.o
 .debug_abbrev  0x000004b0      0x1e9 ./Core/Src/stm32f4xx_it.o
 .debug_abbrev  0x00000699      0x11a ./Core/Src/system_stm32f4xx.o
 .debug_abbrev  0x000007b3       0x24 ./Core/Startup/startup_stm32f401ccux.o
 .debug_abbrev  0x000007d7      0x24b ./Drivers/STM32F4xx_HAL_Driver/Src/stm32f4xx_hal.o
 .debug_abbrev  0x00000a22      0x328 ./Drivers/STM32F4xx_HAL_Driver/Src/stm32f4xx_hal_cortex.o
 .debug_abbrev  0x00000d4a      0x1d3 ./Drivers/STM32F4xx_HAL_Driver/Src/stm32f4xx_hal_gpio.o
 .debug_abbrev  0x00000f1d      0x2b6 ./Drivers/STM32F4xx_HAL_Driver/Src/stm32f4xx_hal_pcd.o
 .debug_abbrev  0x000011d3      0x1da ./Drivers/STM32F4xx_HAL_Driver/Src/stm32f4xx_hal_pcd_ex.o
 .debug_abbrev  0x000013ad      0x2b5 ./Drivers/STM32F4xx_HAL_Driver/Src/stm32f4xx_hal_rcc.o
 .debug_abbrev  0x00001662      0x28b ./Drivers/STM32F4xx_HAL_Driver/Src/stm32f4xx_hal_tim.o
 .debug_abbrev  0x000018ed      0x296 ./Drivers/STM32F4xx_HAL_Driver/Src/stm32f4xx_hal_tim_ex.o
 .debug_abbrev  0x00001b83      0x2b3 ./Drivers/STM32F4xx_HAL_Driver/Src/stm32f4xx_ll_usb.o
 .debug_abbrev  0x00001e36      0x2d2 ./Middlewares/ST/STM32_USB_Device_Library/Class/CDC/Src/usbd_cdc.o
 .debug_abbrev  0x00002108      0x27c ./Middlewares/ST/STM32_USB_Device_Library/Core/Src/usbd_core.o
 .debug_abbrev  0x00002384      0x26f ./Middlewares/ST/STM32_USB_Device_Library/Core/Src/usbd_ctlreq.o
 .debug_abbrev  0x000025f3      0x19a ./Middlewares/ST/STM32_USB_Device_Library/Core/Src/usbd_ioreq.o
 .debug_abbrev  0x0000278d      0x195 ./USB_DEVICE/App/usb_device.o
 .debug_abbrev  0x00002922      0x29d ./USB_DEVICE/App/usbd_cdc_if.o
 .debug_abbrev  0x00002bbf      0x1e1 ./USB_DEVICE/App/usbd_desc.o
 .debug_abbrev  0x00002da0      0x33f ./USB_DEVICE/Target/usbd_conf.o

.debug_aranges  0x00000000     0x10c8
 .debug_aranges
                0x00000000       0x60 ./Core/Src/main.o
 .debug_aranges
                0x00000060       0x38 ./Core/Src/stm32f4xx_hal_msp.o
 .debug_aranges
                0x00000098       0x78 ./Core/Src/stm32f4xx_it.o
 .debug_aranges
                0x00000110       0x28 ./Core/Src/system_stm32f4xx.o
 .debug_aranges
                0x00000138       0x28 ./Core/Startup/startup_stm32f401ccux.o
 .debug_aranges
                0x00000160       0xf0 ./Drivers/STM32F4xx_HAL_Driver/Src/stm32f4xx_hal.o
 .debug_aranges
                0x00000250      0x120 ./Drivers/STM32F4xx_HAL_Driver/Src/stm32f4xx_hal_cortex.o
 .debug_aranges
                0x00000370       0x58 ./Drivers/STM32F4xx_HAL_Driver/Src/stm32f4xx_hal_gpio.o
 .debug_aranges
                0x000003c8      0x148 ./Drivers/STM32F4xx_HAL_Driver/Src/stm32f4xx_hal_pcd.o
 .debug_aranges
                0x00000510       0x38 ./Drivers/STM32F4xx_HAL_Driver/Src/stm32f4xx_hal_pcd_ex.o
 .debug_aranges
                0x00000548       0x88 ./Drivers/STM32F4xx_HAL_Driver/Src/stm32f4xx_hal_rcc.o
 .debug_aranges
                0x000005d0      0x3d0 ./Drivers/STM32F4xx_HAL_Driver/Src/stm32f4xx_hal_tim.o
 .debug_aranges
                0x000009a0      0x168 ./Drivers/STM32F4xx_HAL_Driver/Src/stm32f4xx_hal_tim_ex.o
 .debug_aranges
                0x00000b08      0x1a0 ./Drivers/STM32F4xx_HAL_Driver/Src/stm32f4xx_ll_usb.o
 .debug_aranges
                0x00000ca8       0x90 ./Middlewares/ST/STM32_USB_Device_Library/Class/CDC/Src/usbd_cdc.o
 .debug_aranges
                0x00000d38       0xd8 ./Middlewares/ST/STM32_USB_Device_Library/Core/Src/usbd_core.o
 .debug_aranges
                0x00000e10       0x90 ./Middlewares/ST/STM32_USB_Device_Library/Core/Src/usbd_ctlreq.o
 .debug_aranges
                0x00000ea0       0x50 ./Middlewares/ST/STM32_USB_Device_Library/Core/Src/usbd_ioreq.o
 .debug_aranges
                0x00000ef0       0x20 ./USB_DEVICE/App/usb_device.o
 .debug_aranges
                0x00000f10       0x48 ./USB_DEVICE/App/usbd_cdc_if.o
 .debug_aranges
                0x00000f58       0x60 ./USB_DEVICE/App/usbd_desc.o
 .debug_aranges
                0x00000fb8      0x110 ./USB_DEVICE/Target/usbd_conf.o

.debug_rnglists
                0x00000000      0xcc9
 .debug_rnglists
                0x00000000       0x48 ./Core/Src/main.o
 .debug_rnglists
                0x00000048       0x28 ./Core/Src/stm32f4xx_hal_msp.o
 .debug_rnglists
                0x00000070       0x55 ./Core/Src/stm32f4xx_it.o
 .debug_rnglists
                0x000000c5       0x1a ./Core/Src/system_stm32f4xx.o
 .debug_rnglists
                0x000000df       0x19 ./Core/Startup/startup_stm32f401ccux.o
 .debug_rnglists
                0x000000f8       0xaf ./Drivers/STM32F4xx_HAL_Driver/Src/stm32f4xx_hal.o
 .debug_rnglists
                0x000001a7       0xd4 ./Drivers/STM32F4xx_HAL_Driver/Src/stm32f4xx_hal_cortex.o
 .debug_rnglists
                0x0000027b       0x3f ./Drivers/STM32F4xx_HAL_Driver/Src/stm32f4xx_hal_gpio.o
 .debug_rnglists
                0x000002ba       0xfa ./Drivers/STM32F4xx_HAL_Driver/Src/stm32f4xx_hal_pcd.o
 .debug_rnglists
                0x000003b4       0x26 ./Drivers/STM32F4xx_HAL_Driver/Src/stm32f4xx_hal_pcd_ex.o
 .debug_rnglists
                0x000003da       0x66 ./Drivers/STM32F4xx_HAL_Driver/Src/stm32f4xx_hal_rcc.o
 .debug_rnglists
                0x00000440      0x31a ./Drivers/STM32F4xx_HAL_Driver/Src/stm32f4xx_hal_tim.o
 .debug_rnglists
                0x0000075a      0x125 ./Drivers/STM32F4xx_HAL_Driver/Src/stm32f4xx_hal_tim_ex.o
 .debug_rnglists
                0x0000087f      0x147 ./Drivers/STM32F4xx_HAL_Driver/Src/stm32f4xx_ll_usb.o
 .debug_rnglists
                0x000009c6       0x6c ./Middlewares/ST/STM32_USB_Device_Library/Class/CDC/Src/usbd_cdc.o
 .debug_rnglists
                0x00000a32       0xa1 ./Middlewares/ST/STM32_USB_Device_Library/Core/Src/usbd_core.o
 .debug_rnglists
                0x00000ad3       0x6e ./Middlewares/ST/STM32_USB_Device_Library/Core/Src/usbd_ctlreq.o
 .debug_rnglists
                0x00000b41       0x37 ./Middlewares/ST/STM32_USB_Device_Library/Core/Src/usbd_ioreq.o
 .debug_rnglists
                0x00000b78       0x13 ./USB_DEVICE/App/usb_device.o
 .debug_rnglists
                0x00000b8b       0x32 ./USB_DEVICE/App/usbd_cdc_if.o
 .debug_rnglists
                0x00000bbd       0x43 ./USB_DEVICE/App/usbd_desc.o
 .debug_rnglists
                0x00000c00       0xc9 ./USB_DEVICE/Target/usbd_conf.o

.debug_macro    0x00000000    0x188be
 .debug_macro   0x00000000      0x356 ./Core/Src/main.o
 .debug_macro   0x00000356      0xab4 ./Core/Src/main.o
 .debug_macro   0x00000e0a      0x29b ./Core/Src/main.o
 .debug_macro   0x000010a5       0x2e ./Core/Src/main.o
 .debug_macro   0x000010d3       0x28 ./Core/Src/main.o
 .debug_macro   0x000010fb       0x22 ./Core/Src/main.o
 .debug_macro   0x0000111d       0x8e ./Core/Src/main.o
 .debug_macro   0x000011ab       0x51 ./Core/Src/main.o
 .debug_macro   0x000011fc      0x103 ./Core/Src/main.o
 .debug_macro   0x000012ff       0x6a ./Core/Src/main.o
 .debug_macro   0x00001369      0x1df ./Core/Src/main.o
 .debug_macro   0x00001548       0x1c ./Core/Src/main.o
 .debug_macro   0x00001564       0x22 ./Core/Src/main.o
 .debug_macro   0x00001586       0xfb ./Core/Src/main.o
 .debug_macro   0x00001681     0x1011 ./Core/Src/main.o
 .debug_macro   0x00002692      0x11f ./Core/Src/main.o
 .debug_macro   0x000027b1     0xb86c ./Core/Src/main.o
 .debug_macro   0x0000e01d       0x6d ./Core/Src/main.o
 .debug_macro   0x0000e08a     0x368c ./Core/Src/main.o
 .debug_macro   0x00011716      0x189 ./Core/Src/main.o
 .debug_macro   0x0001189f       0x5c ./Core/Src/main.o
 .debug_macro   0x000118fb      0x416 ./Core/Src/main.o
 .debug_macro   0x00011d11      0x9e9 ./Core/Src/main.o
 .debug_macro   0x000126fa      0x115 ./Core/Src/main.o
 .debug_macro   0x0001280f       0xf8 ./Core/Src/main.o
 .debug_macro   0x00012907       0xa5 ./Core/Src/main.o
 .debug_macro   0x000129ac      0x15f ./Core/Src/main.o
 .debug_macro   0x00012b0b      0x287 ./Core/Src/main.o
 .debug_macro   0x00012d92       0x5f ./Core/Src/main.o
 .debug_macro   0x00012df1      0x236 ./Core/Src/main.o
 .debug_macro   0x00013027      0x132 ./Core/Src/main.o
 .debug_macro   0x00013159      0x23a ./Core/Src/main.o
 .debug_macro   0x00013393       0x2e ./Core/Src/main.o
 .debug_macro   0x000133c1      0x127 ./Core/Src/main.o
 .debug_macro   0x000134e8       0x85 ./Core/Src/main.o
 .debug_macro   0x0001356d       0x89 ./Core/Src/main.o
 .debug_macro   0x000135f6      0x8ed ./Core/Src/main.o
 .debug_macro   0x00013ee3       0x47 ./Core/Src/main.o
 .debug_macro   0x00013f2a      0x293 ./Core/Src/main.o
 .debug_macro   0x000141bd       0xba ./Core/Src/main.o
 .debug_macro   0x00014277      0x126 ./Core/Src/main.o
 .debug_macro   0x0001439d       0x61 ./Core/Src/main.o
 .debug_macro   0x000143fe       0x2a ./Core/Src/main.o
 .debug_macro   0x00014428       0x43 ./Core/Src/main.o
 .debug_macro   0x0001446b       0x34 ./Core/Src/main.o
 .debug_macro   0x0001449f       0x16 ./Core/Src/main.o
 .debug_macro   0x000144b5       0x35 ./Core/Src/main.o
 .debug_macro   0x000144ea      0x369 ./Core/Src/main.o
 .debug_macro   0x00014853       0x10 ./Core/Src/main.o
 .debug_macro   0x00014863       0x16 ./Core/Src/main.o
 .debug_macro   0x00014879       0x43 ./Core/Src/main.o
 .debug_macro   0x000148bc       0x34 ./Core/Src/main.o
 .debug_macro   0x000148f0       0x10 ./Core/Src/main.o
 .debug_macro   0x00014900       0x58 ./Core/Src/main.o
 .debug_macro   0x00014958       0x8e ./Core/Src/main.o
 .debug_macro   0x000149e6       0x1c ./Core/Src/main.o
 .debug_macro   0x00014a02      0x177 ./Core/Src/main.o
 .debug_macro   0x00014b79       0x16 ./Core/Src/main.o
 .debug_macro   0x00014b8f       0x16 ./Core/Src/main.o
 .debug_macro   0x00014ba5      0x146 ./Core/Src/main.o
 .debug_macro   0x00014ceb       0x16 ./Core/Src/main.o
 .debug_macro   0x00014d01       0x16 ./Core/Src/main.o
 .debug_macro   0x00014d17       0x29 ./Core/Src/main.o
 .debug_macro   0x00014d40       0x16 ./Core/Src/main.o
 .debug_macro   0x00014d56       0x20 ./Core/Src/main.o
 .debug_macro   0x00014d76       0x65 ./Core/Src/main.o
 .debug_macro   0x00014ddb      0x20f ./Core/Src/main.o
 .debug_macro   0x00014fea      0x1f2 ./Core/Src/stm32f4xx_hal_msp.o
 .debug_macro   0x000151dc      0x1fc ./Core/Src/stm32f4xx_it.o
 .debug_macro   0x000153d8      0x1e8 ./Core/Src/system_stm32f4xx.o
 .debug_macro   0x000155c0      0x248 ./Drivers/STM32F4xx_HAL_Driver/Src/stm32f4xx_hal.o
 .debug_macro   0x00015808      0x1e8 ./Drivers/STM32F4xx_HAL_Driver/Src/stm32f4xx_hal_cortex.o
 .debug_macro   0x000159f0      0x1ee ./Drivers/STM32F4xx_HAL_Driver/Src/stm32f4xx_hal_gpio.o
 .debug_macro   0x00015bde      0x1f4 ./Drivers/STM32F4xx_HAL_Driver/Src/stm32f4xx_hal_pcd.o
 .debug_macro   0x00015dd2      0x1e8 ./Drivers/STM32F4xx_HAL_Driver/Src/stm32f4xx_hal_pcd_ex.o
 .debug_macro   0x00015fba      0x20c ./Drivers/STM32F4xx_HAL_Driver/Src/stm32f4xx_hal_rcc.o
 .debug_macro   0x000161c6      0x1e9 ./Drivers/STM32F4xx_HAL_Driver/Src/stm32f4xx_hal_tim.o
 .debug_macro   0x000163af      0x1e8 ./Drivers/STM32F4xx_HAL_Driver/Src/stm32f4xx_hal_tim_ex.o
 .debug_macro   0x00016597      0x1e8 ./Drivers/STM32F4xx_HAL_Driver/Src/stm32f4xx_ll_usb.o
 .debug_macro   0x0001677f      0x381 ./Middlewares/ST/STM32_USB_Device_Library/Class/CDC/Src/usbd_cdc.o
 .debug_macro   0x00016b00       0x9e ./Middlewares/ST/STM32_USB_Device_Library/Class/CDC/Src/usbd_cdc.o
 .debug_macro   0x00016b9e      0x10b ./Middlewares/ST/STM32_USB_Device_Library/Class/CDC/Src/usbd_cdc.o
 .debug_macro   0x00016ca9       0x56 ./Middlewares/ST/STM32_USB_Device_Library/Class/CDC/Src/usbd_cdc.o
 .debug_macro   0x00016cff       0x95 ./Middlewares/ST/STM32_USB_Device_Library/Class/CDC/Src/usbd_cdc.o
 .debug_macro   0x00016d94      0x368 ./Middlewares/ST/STM32_USB_Device_Library/Core/Src/usbd_core.o
 .debug_macro   0x000170fc      0x215 ./Middlewares/ST/STM32_USB_Device_Library/Core/Src/usbd_core.o
 .debug_macro   0x00017311      0x372 ./Middlewares/ST/STM32_USB_Device_Library/Core/Src/usbd_ctlreq.o
 .debug_macro   0x00017683      0x36e ./Middlewares/ST/STM32_USB_Device_Library/Core/Src/usbd_ioreq.o
 .debug_macro   0x000179f1      0x3a7 ./USB_DEVICE/App/usb_device.o
 .debug_macro   0x00017d98       0x22 ./USB_DEVICE/App/usb_device.o
 .debug_macro   0x00017dba       0x16 ./USB_DEVICE/App/usb_device.o
 .debug_macro   0x00017dd0      0x38c ./USB_DEVICE/App/usbd_cdc_if.o
 .debug_macro   0x0001815c       0x10 ./USB_DEVICE/App/usbd_cdc_if.o
 .debug_macro   0x0001816c      0x3ab ./USB_DEVICE/App/usbd_desc.o
 .debug_macro   0x00018517       0x1c ./USB_DEVICE/App/usbd_desc.o
 .debug_macro   0x00018533      0x38b ./USB_DEVICE/Target/usbd_conf.o

.debug_line     0x00000000    0x14b41
 .debug_line    0x00000000      0xc4b ./Core/Src/main.o
 .debug_line    0x00000c4b      0x8ad ./Core/Src/stm32f4xx_hal_msp.o
 .debug_line    0x000014f8      0x888 ./Core/Src/stm32f4xx_it.o
 .debug_line    0x00001d80      0x802 ./Core/Src/system_stm32f4xx.o
 .debug_line    0x00002582       0x7a ./Core/Startup/startup_stm32f401ccux.o
 .debug_line    0x000025fc      0xa6b ./Drivers/STM32F4xx_HAL_Driver/Src/stm32f4xx_hal.o
 .debug_line    0x00003067      0xd33 ./Drivers/STM32F4xx_HAL_Driver/Src/stm32f4xx_hal_cortex.o
 .debug_line    0x00003d9a      0xbbb ./Drivers/STM32F4xx_HAL_Driver/Src/stm32f4xx_hal_gpio.o
 .debug_line    0x00004955     0x1551 ./Drivers/STM32F4xx_HAL_Driver/Src/stm32f4xx_hal_pcd.o
 .debug_line    0x00005ea6      0x848 ./Drivers/STM32F4xx_HAL_Driver/Src/stm32f4xx_hal_pcd_ex.o
 .debug_line    0x000066ee      0xddc ./Drivers/STM32F4xx_HAL_Driver/Src/stm32f4xx_hal_rcc.o
 .debug_line    0x000074ca     0x35e9 ./Drivers/STM32F4xx_HAL_Driver/Src/stm32f4xx_hal_tim.o
 .debug_line    0x0000aab3     0x19fc ./Drivers/STM32F4xx_HAL_Driver/Src/stm32f4xx_hal_tim_ex.o
 .debug_line    0x0000c4af     0x1dde ./Drivers/STM32F4xx_HAL_Driver/Src/stm32f4xx_ll_usb.o
 .debug_line    0x0000e28d      0xf03 ./Middlewares/ST/STM32_USB_Device_Library/Class/CDC/Src/usbd_cdc.o
 .debug_line    0x0000f190      0xf7d ./Middlewares/ST/STM32_USB_Device_Library/Core/Src/usbd_core.o
 .debug_line    0x0001010d     0x1156 ./Middlewares/ST/STM32_USB_Device_Library/Core/Src/usbd_ctlreq.o
 .debug_line    0x00011263      0xa97 ./Middlewares/ST/STM32_USB_Device_Library/Core/Src/usbd_ioreq.o
 .debug_line    0x00011cfa      0xa53 ./USB_DEVICE/App/usb_device.o
 .debug_line    0x0001274d      0xab6 ./USB_DEVICE/App/usbd_cdc_if.o
 .debug_line    0x00013203      0xb0c ./USB_DEVICE/App/usbd_desc.o
 .debug_line    0x00013d0f      0xe32 ./USB_DEVICE/Target/usbd_conf.o

.debug_str      0x00000000    0x8ebd0
 .debug_str     0x00000000    0x8a199 ./Core/Src/main.o
                              0x8a549 (size before relaxing)
 .debug_str     0x0008a199      0x4a5 ./Core/Src/stm32f4xx_hal_msp.o
                              0x862df (size before relaxing)
 .debug_str     0x0008a63e      0x493 ./Core/Src/stm32f4xx_it.o
                              0x861bd (size before relaxing)
 .debug_str     0x0008aad1       0xdb ./Core/Src/system_stm32f4xx.o
                              0x859b1 (size before relaxing)
 .debug_str     0x0008abac       0x44 ./Core/Startup/startup_stm32f401ccux.o
                                 0xa3 (size before relaxing)
 .debug_str     0x0008abf0      0x60d ./Drivers/STM32F4xx_HAL_Driver/Src/stm32f4xx_hal.o
                              0x863d3 (size before relaxing)
 .debug_str     0x0008b1fd      0x333 ./Drivers/STM32F4xx_HAL_Driver/Src/stm32f4xx_hal_cortex.o
                              0x8610b (size before relaxing)
 .debug_str     0x0008b530      0x16d ./Drivers/STM32F4xx_HAL_Driver/Src/stm32f4xx_hal_gpio.o
                              0x85b2c (size before relaxing)
 .debug_str     0x0008b69d      0x831 ./Drivers/STM32F4xx_HAL_Driver/Src/stm32f4xx_hal_pcd.o
                              0x8647d (size before relaxing)
 .debug_str     0x0008bece      0x115 ./Drivers/STM32F4xx_HAL_Driver/Src/stm32f4xx_hal_pcd_ex.o
                              0x85d6d (size before relaxing)
 .debug_str     0x0008bfe3      0x21f ./Drivers/STM32F4xx_HAL_Driver/Src/stm32f4xx_hal_rcc.o
                              0x85de5 (size before relaxing)
 .debug_str     0x0008c202      0xcda ./Drivers/STM32F4xx_HAL_Driver/Src/stm32f4xx_hal_tim.o
                              0x86d29 (size before relaxing)
 .debug_str     0x0008cedc      0x493 ./Drivers/STM32F4xx_HAL_Driver/Src/stm32f4xx_hal_tim_ex.o
                              0x86535 (size before relaxing)
 .debug_str     0x0008d36f      0x4b9 ./Drivers/STM32F4xx_HAL_Driver/Src/stm32f4xx_ll_usb.o
                              0x86358 (size before relaxing)
 .debug_str     0x0008d828      0xa3b ./Middlewares/ST/STM32_USB_Device_Library/Class/CDC/Src/usbd_cdc.o
                              0x8a970 (size before relaxing)
 .debug_str     0x0008e263      0x35c ./Middlewares/ST/STM32_USB_Device_Library/Core/Src/usbd_core.o
                              0x8a2c9 (size before relaxing)
 .debug_str     0x0008e5bf      0x139 ./Middlewares/ST/STM32_USB_Device_Library/Core/Src/usbd_ctlreq.o
                              0x8a0f4 (size before relaxing)
 .debug_str     0x0008e6f8       0x51 ./Middlewares/ST/STM32_USB_Device_Library/Core/Src/usbd_ioreq.o
                              0x89fc9 (size before relaxing)
 .debug_str     0x0008e749      0x105 ./USB_DEVICE/App/usb_device.o
                              0x8a37c (size before relaxing)
 .debug_str     0x0008e84e       0xa1 ./USB_DEVICE/App/usbd_cdc_if.o
                              0x8a3bc (size before relaxing)
 .debug_str     0x0008e8ef      0x26e ./USB_DEVICE/App/usbd_desc.o
                              0x89ec9 (size before relaxing)
 .debug_str     0x0008eb5d       0x73 ./USB_DEVICE/Target/usbd_conf.o
                              0x8b06e (size before relaxing)

.comment        0x00000000       0x43
 .comment       0x00000000       0x43 ./Core/Src/main.o
                                 0x44 (size before relaxing)
 .comment       0x00000043       0x44 ./Core/Src/stm32f4xx_hal_msp.o
 .comment       0x00000043       0x44 ./Core/Src/stm32f4xx_it.o
 .comment       0x00000043       0x44 ./Core/Src/system_stm32f4xx.o
 .comment       0x00000043       0x44 ./Drivers/STM32F4xx_HAL_Driver/Src/stm32f4xx_hal.o
 .comment       0x00000043       0x44 ./Drivers/STM32F4xx_HAL_Driver/Src/stm32f4xx_hal_cortex.o
 .comment       0x00000043       0x44 ./Drivers/STM32F4xx_HAL_Driver/Src/stm32f4xx_hal_gpio.o
 .comment       0x00000043       0x44 ./Drivers/STM32F4xx_HAL_Driver/Src/stm32f4xx_hal_pcd.o
 .comment       0x00000043       0x44 ./Drivers/STM32F4xx_HAL_Driver/Src/stm32f4xx_hal_pcd_ex.o
 .comment       0x00000043       0x44 ./Drivers/STM32F4xx_HAL_Driver/Src/stm32f4xx_hal_rcc.o
 .comment       0x00000043       0x44 ./Drivers/STM32F4xx_HAL_Driver/Src/stm32f4xx_hal_tim.o
 .comment       0x00000043       0x44 ./Drivers/STM32F4xx_HAL_Driver/Src/stm32f4xx_hal_tim_ex.o
 .comment       0x00000043       0x44 ./Drivers/STM32F4xx_HAL_Driver/Src/stm32f4xx_ll_usb.o
 .comment       0x00000043       0x44 ./Middlewares/ST/STM32_USB_Device_Library/Class/CDC/Src/usbd_cdc.o
 .comment       0x00000043       0x44 ./Middlewares/ST/STM32_USB_Device_Library/Core/Src/usbd_core.o
 .comment       0x00000043       0x44 ./Middlewares/ST/STM32_USB_Device_Library/Core/Src/usbd_ctlreq.o
 .comment       0x00000043       0x44 ./Middlewares/ST/STM32_USB_Device_Library/Core/Src/usbd_ioreq.o
 .comment       0x00000043       0x44 ./USB_DEVICE/App/usb_device.o
 .comment       0x00000043       0x44 ./USB_DEVICE/App/usbd_cdc_if.o
 .comment       0x00000043       0x44 ./USB_DEVICE/App/usbd_desc.o
 .comment       0x00000043       0x44 ./USB_DEVICE/Target/usbd_conf.o

.debug_frame    0x00000000     0x45c8
 .debug_frame   0x00000000      0x144 ./Core/Src/main.o
 .debug_frame   0x00000144       0xa4 ./Core/Src/stm32f4xx_hal_msp.o
 .debug_frame   0x000001e8      0x158 ./Core/Src/stm32f4xx_it.o
 .debug_frame   0x00000340       0x58 ./Core/Src/system_stm32f4xx.o
 .debug_frame   0x00000398      0x374 ./Drivers/STM32F4xx_HAL_Driver/Src/stm32f4xx_hal.o
 .debug_frame   0x0000070c      0x4b8 ./Drivers/STM32F4xx_HAL_Driver/Src/stm32f4xx_hal_cortex.o
 .debug_frame   0x00000bc4      0x14c ./Drivers/STM32F4xx_HAL_Driver/Src/stm32f4xx_hal_gpio.o
 .debug_frame   0x00000d10      0x5b8 ./Drivers/STM32F4xx_HAL_Driver/Src/stm32f4xx_hal_pcd.o
 .debug_frame   0x000012c8       0xb0 ./Drivers/STM32F4xx_HAL_Driver/Src/stm32f4xx_hal_pcd_ex.o
 .debug_frame   0x00001378      0x1f4 ./Drivers/STM32F4xx_HAL_Driver/Src/stm32f4xx_hal_rcc.o
 .debug_frame   0x0000156c     0x11b8 ./Drivers/STM32F4xx_HAL_Driver/Src/stm32f4xx_hal_tim.o
 .debug_frame   0x00002724      0x638 ./Drivers/STM32F4xx_HAL_Driver/Src/stm32f4xx_hal_tim_ex.o
 .debug_frame   0x00002d5c      0x7c0 ./Drivers/STM32F4xx_HAL_Driver/Src/stm32f4xx_ll_usb.o
 .debug_frame   0x0000351c      0x23c ./Middlewares/ST/STM32_USB_Device_Library/Class/CDC/Src/usbd_cdc.o
 .debug_frame   0x00003758      0x390 ./Middlewares/ST/STM32_USB_Device_Library/Core/Src/usbd_core.o
 .debug_frame   0x00003ae8      0x23c ./Middlewares/ST/STM32_USB_Device_Library/Core/Src/usbd_ctlreq.o
 .debug_frame   0x00003d24      0x10c ./Middlewares/ST/STM32_USB_Device_Library/Core/Src/usbd_ioreq.o
 .debug_frame   0x00003e30       0x2c ./USB_DEVICE/App/usb_device.o
 .debug_frame   0x00003e5c       0xe4 ./USB_DEVICE/App/usbd_cdc_if.o
 .debug_frame   0x00003f40      0x160 ./USB_DEVICE/App/usbd_desc.o
 .debug_frame   0x000040a0      0x47c ./USB_DEVICE/Target/usbd_conf.o
 .debug_frame   0x0000451c       0x20 C:/ST/STM32CubeIDE_1.15.0/STM32CubeIDE/plugins/com.st.stm32cube.ide.mcu.externaltools.gnu-tools-for-stm32.12.3.rel1.win32_1.0.100.202403111256/tools/bin/../lib/gcc/arm-none-eabi/12.3.1/../../../../arm-none-eabi/lib/thumb/v7e-m+fp/hard\libc_nano.a(libc_a-memset.o)
 .debug_frame   0x0000453c       0x2c C:/ST/STM32CubeIDE_1.15.0/STM32CubeIDE/plugins/com.st.stm32cube.ide.mcu.externaltools.gnu-tools-for-stm32.12.3.rel1.win32_1.0.100.202403111256/tools/bin/../lib/gcc/arm-none-eabi/12.3.1/../../../../arm-none-eabi/lib/thumb/v7e-m+fp/hard\libc_nano.a(libc_a-init.o)
 .debug_frame   0x00004568       0x2c C:/ST/STM32CubeIDE_1.15.0/STM32CubeIDE/plugins/com.st.stm32cube.ide.mcu.externaltools.gnu-tools-for-stm32.12.3.rel1.win32_1.0.100.202403111256/tools/bin/../lib/gcc/arm-none-eabi/12.3.1/thumb/v7e-m+fp/hard\libgcc.a(_aeabi_uldivmod.o)
 .debug_frame   0x00004594       0x34 C:/ST/STM32CubeIDE_1.15.0/STM32CubeIDE/plugins/com.st.stm32cube.ide.mcu.externaltools.gnu-tools-for-stm32.12.3.rel1.win32_1.0.100.202403111256/tools/bin/../lib/gcc/arm-none-eabi/12.3.1/thumb/v7e-m+fp/hard\libgcc.a(_udivmoddi4.o)

.debug_line_str
                0x00000000       0x87
 .debug_line_str
                0x00000000       0x87 ./Core/Startup/startup_stm32f401ccux.o
